Component: ARM Compiler 5.05 update 2 (build 169) Tool: armlink [4d0f33]

==============================================================================

Section Cross References

    startup.o(.text) refers to kservice.o(.text) for rt_kprintf
    startup.o(.text) refers to board.o(.text) for rt_hw_board_init
    startup.o(.text) refers to clock.o(.text) for rt_system_tick_init
    startup.o(.text) refers to object.o(.text) for rt_system_object_init
    startup.o(.text) refers to timer_1.o(.text) for rt_system_timer_init
    startup.o(.text) refers to mem.o(.text) for rt_system_heap_init
    startup.o(.text) refers to scheduler.o(.text) for rt_system_scheduler_init
    startup.o(.text) refers to application.o(.text) for rt_application_init
    startup.o(.text) refers to shell.o(.text) for finsh_system_init
    startup.o(.text) refers to idle.o(.text) for rt_thread_idle_init
    startup.o(.text) refers to context_rvds.o(.text) for rt_hw_interrupt_disable
    startup.o(.text) refers to startup.o(.conststring) for .conststring
    application.o(.text) refers to board.o(.text) for Switch_reset
    application.o(.text) refers to stm32f4_eth.o(.text) for rt_hw_stm32_eth_init
    application.o(.text) refers to ethernetif.o(.text) for eth_system_device_init
    application.o(.text) refers to sys_arch.o(.text) for lwip_system_init
    application.o(.text) refers to udp_connect.o(.text) for udp_connect_init
    application.o(.text) refers to httpd.o(.text) for httpd_init
    application.o(.text) refers to kservice.o(.text) for rt_kprintf
    application.o(.text) refers to thread.o(.text) for rt_thread_delay
    application.o(.text) refers to stm32f4_spi.o(.text) for rt_hw_spi_init
    application.o(.text) refers to interface.o(.text) for if_bus_init
    application.o(.text) refers to fpga_upgrade.o(.text) for fpag_flash_init
    application.o(.text) refers to uart_protocol.o(.text) for uart_ctl_init
    application.o(.text) refers to ipc.o(.text) for rt_mb_init
    application.o(.text) refers to application.o(.bss) for uart_ctl_thread_stack
    application.o(.text) refers to antenna_sw.o(.bss) for sem_attitude_change
    application.o(.text) refers to antenna_sw.o(.text) for antenna_swtich_task
    application.o(.text) refers to upgrade.o(.text) for uart_upgrade_thread_task
    interface.o(.text) refers to stm32f4xx_rcc.o(.text) for RCC_AHB1PeriphClockCmd
    interface.o(.text) refers to stm32f4xx_gpio.o(.text) for GPIO_SetBits
    interface.o(.text) refers to spi_bus.o(.text) for rt_spi_bus_attach_device
    interface.o(.text) refers to kservice.o(.text) for rt_kprintf
    interface.o(.text) refers to mcu_api.o(.text) for mcu_set_freq
    interface.o(.text) refers to thread.o(.text) for rt_thread_delay
    interface.o(.text) refers to interface.o(.data) for spi_cs
    interface.o(.text) refers to interface.o(.bss) for spi_device
    queue.o(.text) refers to kservice.o(.text) for rt_kprintf
    queue.o(.text) refers to queue.o(.bss) for value
    fpga_upgrade.o(.text) refers to stm32f4xx_rcc.o(.text) for RCC_AHB1PeriphClockCmd
    fpga_upgrade.o(.text) refers to stm32f4xx_gpio.o(.text) for GPIO_SetBits
    fpga_upgrade.o(.text) refers to spi_bus.o(.text) for rt_spi_bus_attach_device
    fpga_upgrade.o(.text) refers to kservice.o(.text) for rt_kprintf
    fpga_upgrade.o(.text) refers to spi_flash.o(.text) for spi_flash_probe
    fpga_upgrade.o(.text) refers to fpga_upgrade.o(.data) for spi_cs
    fpga_upgrade.o(.text) refers to fpga_upgrade.o(.bss) for spi_device
    mcu_api.o(.text) refers to spi_flash.o(.text) for spi_flash_cmd
    mcu_api.o(.text) refers to kservice.o(.text) for rt_kprintf
    mcu_api.o(.text) refers to spi_bus.o(.text) for rt_spi_transfer
    spansion.o(.text) refers to spi_flash.o(.text) for spi_flash_cmd
    spansion.o(.text) refers to thread.o(.text) for rt_thread_delay
    spansion.o(.text) refers to kservice.o(.text) for rt_kprintf
    spansion.o(.text) refers to stdlib.o(.text) for malloc
    spansion.o(.text) refers to spansion.o(.constdata) for spansion_spi_flash_table
    spansion.o(.constdata) refers to spansion.o(.conststring) for .conststring
    spi_flash.o(.text) refers to spi_bus.o(.text) for rt_spi_send_then_recv
    spi_flash.o(.text) refers to device.o(.text) for rt_device_find
    spi_flash.o(.text) refers to string.o(.text) for strcmp
    spi_flash.o(.text) refers to kservice.o(.text) for rt_kprintf
    spi_flash.o(.text) refers to spansion.o(.text) for spi_flash_probe_spansion
    spi_flash.o(.text) refers to stdlib.o(.text) for free
    upgrade.o(.text) refers to kservice.o(.text) for rt_kprintf
    upgrade.o(.text) refers to ymodem.o(.text) for Ymodem_Receive
    upgrade.o(.text) refers to thread.o(.text) for rt_thread_delay
    upgrade.o(.text) refers to uart_protocol.o(.data) for upgrade_table
    upgrade.o(.text) refers to upgrade.o(.bss) for uart_buffer
    ymodem.o(.text) refers to uart_protocol.o(.text) for Receive_Byte
[...]
    tcpip_input                              0x08012609   Thumb Code    72  tcpip.o(.text)
    tcpip_callback_with_block                0x08012651   Thumb Code    90  tcpip.o(.text)
    tcpip_timeout                            0x080126ab   Thumb Code    66  tcpip.o(.text)
    tcpip_untimeout                          0x080126ed   Thumb Code    58  tcpip.o(.text)
    tcpip_apimsg                             0x08012727   Thumb Code    56  tcpip.o(.text)
    tcpip_netifapi                           0x0801275f   Thumb Code    76  tcpip.o(.text)
    tcpip_callbackmsg_new                    0x080127ab   Thumb Code    34  tcpip.o(.text)
    tcpip_callbackmsg_delete                 0x080127cd   Thumb Code    12  tcpip.o(.text)
    tcpip_trycallback                        0x080127d9   Thumb Code    28  tcpip.o(.text)
    tcpip_init                               0x080127f5   Thumb Code    70  tcpip.o(.text)
    pbuf_free_callback                       0x08012849   Thumb Code    16  tcpip.o(.text)
    mem_free_callback                        0x08012859   Thumb Code    16  tcpip.o(.text)
    sys_arch_assert                          0x08012917   Thumb Code    38  sys_arch.o(.text)
    lwip_system_init                         0x080129d5   Thumb Code   146  sys_arch.o(.text)
    sys_init                                 0x08012a67   Thumb Code     2  sys_arch.o(.text)
    sys_sem_new                              0x08012a69   Thumb Code   104  sys_arch.o(.text)
    sys_sem_free                             0x08012ad1   Thumb Code    52  sys_arch.o(.text)
    sys_sem_signal                           0x08012b05   Thumb Code    12  sys_arch.o(.text)
    sys_arch_sem_wait                        0x08012b11   Thumb Code   114  sys_arch.o(.text)
    sys_sem_valid                            0x08012b83   Thumb Code     6  sys_arch.o(.text)
    sys_sem_set_invalid                      0x08012b89   Thumb Code     6  sys_arch.o(.text)
    sys_mutex_new                            0x08012b8f   Thumb Code   102  sys_arch.o(.text)
    sys_mutex_lock                           0x08012bf5   Thumb Code    58  sys_arch.o(.text)
    sys_mutex_unlock                         0x08012c2f   Thumb Code    12  sys_arch.o(.text)
    sys_mutex_free                           0x08012c3b   Thumb Code    54  sys_arch.o(.text)
    sys_mutex_valid                          0x08012c71   Thumb Code     6  sys_arch.o(.text)
    sys_mutex_set_invalid                    0x08012c77   Thumb Code     6  sys_arch.o(.text)
    sys_mbox_new                             0x08012c7d   Thumb Code   106  sys_arch.o(.text)
    sys_mbox_free                            0x08012ce7   Thumb Code   348  sys_arch.o(.text)
    sys_mbox_post                            0x08012e43   Thumb Code    66  sys_arch.o(.text)
    sys_mbox_trypost                         0x08012e85   Thumb Code    26  sys_arch.o(.text)
    sys_arch_mbox_fetch                      0x08012e9f   Thumb Code   148  sys_arch.o(.text)
    sys_arch_mbox_tryfetch                   0x08012f33   Thumb Code    36  sys_arch.o(.text)
    sys_mbox_valid                           0x08012f57   Thumb Code     6  sys_arch.o(.text)
    sys_mbox_set_invalid                     0x08012f5d   Thumb Code     6  sys_arch.o(.text)
    sys_thread_new                           0x08012f63   Thumb Code   112  sys_arch.o(.text)
    sys_arch_protect                         0x08012fd3   Thumb Code    12  sys_arch.o(.text)
    sys_arch_unprotect                       0x08012fdf   Thumb Code    12  sys_arch.o(.text)
    sys_jiffies                              0x08012feb   Thumb Code     8  sys_arch.o(.text)
    sys_now                                  0x08012ff3   Thumb Code     8  sys_arch.o(.text)
    lwip_htons                               0x0801303d   Thumb Code    12  def.o(.text)
    lwip_ntohs                               0x08013049   Thumb Code    12  def.o(.text)
    lwip_htonl                               0x08013055   Thumb Code    26  def.o(.text)
    lwip_ntohl                               0x0801306f   Thumb Code    12  def.o(.text)
    lwip_init                                0x0801307b   Thumb Code    32  init.o(.text)
    netif_init                               0x0801309d   Thumb Code     2  netif.o(.text)
    netif_set_gw                             0x0801309f   Thumb Code    12  netif.o(.text)
    netif_set_netmask                        0x080130ab   Thumb Code    12  netif.o(.text)
    netif_set_ipaddr                         0x080130b7   Thumb Code   110  netif.o(.text)
    netif_set_addr                           0x08013125   Thumb Code    40  netif.o(.text)
    netif_add                                0x0801314d   Thumb Code   138  netif.o(.text)
    netif_set_default                        0x080131d7   Thumb Code     6  netif.o(.text)
    netif_set_down                           0x080131dd   Thumb Code    42  netif.o(.text)
    netif_remove                             0x08013207   Thumb Code   106  netif.o(.text)
    netif_find                               0x08013271   Thumb Code    64  netif.o(.text)
    netif_set_up                             0x080132b1   Thumb Code    70  netif.o(.text)
    netif_set_link_up                        0x080132f7   Thumb Code    70  netif.o(.text)
    netif_set_link_down                      0x0801333d   Thumb Code    24  netif.o(.text)
    pbuf_free                                0x08013419   Thumb Code   208  pbuf.o(.text)
    pbuf_alloc                               0x080134e9   Thumb Code  1100  pbuf.o(.text)
    pbuf_realloc                             0x08013935   Thumb Code   252  pbuf.o(.text)
    pbuf_header                              0x08013a31   Thumb Code   206  pbuf.o(.text)
    pbuf_clen                                0x08013aff   Thumb Code    18  pbuf.o(.text)
    pbuf_ref                                 0x08013b11   Thumb Code    26  pbuf.o(.text)
    pbuf_cat                                 0x08013b2b   Thumb Code   136  pbuf.o(.text)
    pbuf_chain                               0x08013bb3   Thumb Code    22  pbuf.o(.text)
    pbuf_dechain                             0x08013bc9   Thumb Code   122  pbuf.o(.text)
    pbuf_copy                                0x08013c43   Thumb Code   810  pbuf.o(.text)
    pbuf_copy_partial                        0x08013f6d   Thumb Code   190  pbuf.o(.text)
    pbuf_take                                0x0801402b   Thumb Code   210  pbuf.o(.text)
    pbuf_coalesce                            0x080140fd   Thumb Code    84  pbuf.o(.text)
    pbuf_get_at                              0x08014151   Thumb Code    46  pbuf.o(.text)
    pbuf_memcmp                              0x0801417f   Thumb Code    96  pbuf.o(.text)
    pbuf_memfind                             0x080141df   Thumb Code    76  pbuf.o(.text)
    pbuf_strstr                              0x0801422b   Thumb Code    60  pbuf.o(.text)
    raw_input                                0x08014351   Thumb Code   102  raw.o(.text)
    raw_bind                                 0x080143b7   Thumb Code    16  raw.o(.text)
    raw_connect                              0x080143c7   Thumb Code    16  raw.o(.text)
    raw_recv                                 0x080143d7   Thumb Code     6  raw.o(.text)
    raw_sendto                               0x080143dd   Thumb Code   176  raw.o(.text)
    raw_send                                 0x0801448d   Thumb Code    18  raw.o(.text)
    raw_remove                               0x0801449f   Thumb Code    58  raw.o(.text)
    raw_new                                  0x080144d9   Thumb Code    44  raw.o(.text)
    tcp_init                                 0x08014559   Thumb Code     2  tcp.o(.text)
    tcp_seg_free                             0x0801455b   Thumb Code    24  tcp.o(.text)
    tcp_segs_free                            0x08014573   Thumb Code    24  tcp.o(.text)
    tcp_pcb_purge                            0x0801458b   Thumb Code    72  tcp.o(.text)
    tcp_slowtmr                              0x080145d3   Thumb Code  1416  tcp.o(.text)
    tcp_pcb_remove                           0x08014b5b   Thumb Code   222  tcp.o(.text)
    tcp_close                                0x08014dfb   Thumb Code    28  tcp.o(.text)
    tcp_update_rcv_ann_wnd                   0x08014e17   Thumb Code   106  tcp.o(.text)
    tcp_recved                               0x08014e81   Thumb Code   404  tcp.o(.text)
    tcp_recv_null                            0x08015015   Thumb Code    46  tcp.o(.text)
    tcp_process_refused_data                 0x08015043   Thumb Code   142  tcp.o(.text)
    tcp_fasttmr                              0x080150d1   Thumb Code   110  tcp.o(.text)
    tcp_tmr                                  0x0801513f   Thumb Code    30  tcp.o(.text)
    tcp_shutdown                             0x0801515d   Thumb Code    98  tcp.o(.text)
    tcp_abandon                              0x080151bf   Thumb Code   170  tcp.o(.text)
    tcp_abort                                0x08015269   Thumb Code    14  tcp.o(.text)
    tcp_bind                                 0x080152d7   Thumb Code   164  tcp.o(.text)
    tcp_listen_with_backlog                  0x08015383   Thumb Code   220  tcp.o(.text)
    tcp_eff_send_mss                         0x0801545f   Thumb Code    46  tcp.o(.text)
    tcp_next_iss                             0x0801548d   Thumb Code    20  tcp.o(.text)
    tcp_connect                              0x080154a1   Thumb Code   534  tcp.o(.text)
    tcp_setprio                              0x080156b7   Thumb Code     4  tcp.o(.text)
    tcp_seg_copy                             0x080156bb   Thumb Code    38  tcp.o(.text)
    tcp_alloc                                0x0801575f   Thumb Code   180  tcp.o(.text)
    tcp_new                                  0x08015813   Thumb Code    10  tcp.o(.text)
    tcp_arg                                  0x0801581d   Thumb Code     4  tcp.o(.text)
    tcp_recv                                 0x08015821   Thumb Code    44  tcp.o(.text)
    tcp_sent                                 0x0801584d   Thumb Code    42  tcp.o(.text)
    tcp_err                                  0x08015877   Thumb Code    44  tcp.o(.text)
    tcp_accept                               0x080158a3   Thumb Code     4  tcp.o(.text)
    tcp_poll                                 0x080158a7   Thumb Code    50  tcp.o(.text)
    tcp_debug_state_str                      0x080158d9   Thumb Code    10  tcp.o(.text)
    tcp_input                                0x08017001   Thumb Code  1664  tcp_in.o(.text)
    tcp_enqueue_flags                        0x080177e9   Thumb Code   406  tcp_out.o(.text)
    tcp_send_fin                             0x0801797f   Thumb Code    74  tcp_out.o(.text)
    tcp_write                                0x08017c21   Thumb Code  1564  tcp_out.o(.text)
    tcp_send_empty_ack                       0x0801823d   Thumb Code    96  tcp_out.o(.text)
    tcp_output                               0x0801837d   Thumb Code   664  tcp_out.o(.text)
    tcp_rst                                  0x08018615   Thumb Code   170  tcp_out.o(.text)
    tcp_rexmit_rto                           0x080186bf   Thumb Code    58  tcp_out.o(.text)
    tcp_rexmit                               0x080186f9   Thumb Code    90  tcp_out.o(.text)
    tcp_rexmit_fast                          0x08018753   Thumb Code   112  tcp_out.o(.text)
    tcp_keepalive                            0x080187c3   Thumb Code    86  tcp_out.o(.text)
    tcp_zero_window_probe                    0x08018819   Thumb Code   182  tcp_out.o(.text)
    sys_timeout                              0x080188d1   Thumb Code   176  timers.o(.text)
    tcp_timer_needed                         0x080189a9   Thumb Code    38  timers.o(.text)
    sys_timeouts_init                        0x080189f9   Thumb Code    26  timers.o(.text)
    sys_untimeout                            0x08018a13   Thumb Code    88  timers.o(.text)
    sys_timeouts_mbox_fetch                  0x08018a6b   Thumb Code   130  timers.o(.text)
    udp_init                                 0x08018b6d   Thumb Code     2  udp.o(.text)
    udp_input                                0x08018bbf   Thumb Code   482  udp.o(.text)
    udp_bind                                 0x08018da1   Thumb Code   148  udp.o(.text)
    udp_sendto_if                            0x08018e35   Thumb Code   444  udp.o(.text)
    udp_sendto                               0x08018ff1   Thumb Code    64  udp.o(.text)
    udp_send                                 0x08019031   Thumb Code    20  udp.o(.text)
    udp_connect                              0x08019045   Thumb Code    94  udp.o(.text)
    udp_disconnect                           0x080190a3   Thumb Code    16  udp.o(.text)
    udp_recv                                 0x080190b3   Thumb Code     6  udp.o(.text)
    udp_remove                               0x080190b9   Thumb Code    58  udp.o(.text)
    udp_new                                  0x080190f3   Thumb Code    30  udp.o(.text)
    icmp_input                               0x08019119   Thumb Code   494  icmp.o(.text)
    icmp_dest_unreach                        0x08019391   Thumb Code    18  icmp.o(.text)
    igmp_init                                0x080194e5   Thumb Code    14  igmp.o(.text)
    igmp_lookfor_group                       0x080194f3   Thumb Code    40  igmp.o(.text)
    igmp_start                               0x08019565   Thumb Code    50  igmp.o(.text)
    igmp_stop                                0x08019597   Thumb Code    76  igmp.o(.text)
    igmp_report_groups                       0x0801962b   Thumb Code    32  igmp.o(.text)
    igmp_input                               0x0801968d   Thumb Code   248  igmp.o(.text)
    igmp_joingroup                           0x08019859   Thumb Code   444  igmp.o(.text)
    igmp_leavegroup                          0x08019a15   Thumb Code   198  igmp.o(.text)
    igmp_tmr                                 0x08019aef   Thumb Code    38  igmp.o(.text)
    inet_chksum_pseudo                       0x08019bef   Thumb Code   162  inet_chksum.o(.text)
    inet_chksum_pseudo_partial               0x08019c91   Thumb Code   212  inet_chksum.o(.text)
    inet_chksum                              0x08019d65   Thumb Code    20  inet_chksum.o(.text)
    inet_chksum_pbuf                         0x08019d79   Thumb Code    86  inet_chksum.o(.text)
    ip_route                                 0x08019e05   Thumb Code    76  ip.o(.text)
    ip_input                                 0x08019e51   Thumb Code   448  ip.o(.text)
    ip_output_if_opt                         0x0801a011   Thumb Code   394  ip.o(.text)
    ip_output_if                             0x0801a19b   Thumb Code    52  ip.o(.text)
    ip_output                                0x0801a1cf   Thumb Code   204  ip.o(.text)
    ip4_addr_isbroadcast                     0x0801a29d   Thumb Code    78  ip_addr.o(.text)
    ip4_addr_netmask_valid                   0x0801a2eb   Thumb Code    56  ip_addr.o(.text)
    ipaddr_aton                              0x0801a323   Thumb Code   366  ip_addr.o(.text)
    ipaddr_addr                              0x0801a491   Thumb Code    24  ip_addr.o(.text)
    ipaddr_ntoa_r                            0x0801a4a9   Thumb Code   168  ip_addr.o(.text)
    ipaddr_ntoa                              0x0801a551   Thumb Code    16  ip_addr.o(.text)
    etharp_tmr                               0x0801a637   Thumb Code   138  etharp.o(.text)
    etharp_cleanup_netif                     0x0801aafb   Thumb Code    52  etharp.o(.text)
    etharp_find_addr                         0x0801ab2f   Thumb Code   108  etharp.o(.text)
    etharp_request                           0x0801add7   Thumb Code    36  etharp.o(.text)
    etharp_query                             0x0801ae89   Thumb Code   680  etharp.o(.text)
    etharp_output                            0x0801b131   Thumb Code   390  etharp.o(.text)
    ethernet_input                           0x0801b2b7   Thumb Code   340  etharp.o(.text)
    eth_device_init_with_flag                0x0801b475   Thumb Code   180  ethernetif.o(.text)
    eth_device_init                          0x0801b529   Thumb Code    24  ethernetif.o(.text)
    eth_device_ready                         0x0801b541   Thumb Code    22  ethernetif.o(.text)
    eth_device_linkchange                    0x0801b557   Thumb Code    64  ethernetif.o(.text)
    eth_system_device_init                   0x0801b693   Thumb Code   206  ethernetif.o(.text)
    list_if                                  0x0801b761   Thumb Code   722  ethernetif.o(.text)
    ethernetif_init                          0x0801bad9   Thumb Code    62  ethernetif.o(.text)
    UDP_recvcgi_task                         0x0801c4d9   Thumb Code   646  udp_connect.o(.text)
    UDP_linkhub_task                         0x0801c75f   Thumb Code   126  udp_connect.o(.text)
    UDP_ground_task                          0x0801c7dd   Thumb Code   126  udp_connect.o(.text)
    quaternion_to_euler                      0x0801c85b   Thumb Code   748  udp_connect.o(.text)
    message_hangle                           0x0801cb47   Thumb Code   316  udp_connect.o(.text)
    mavlink_prase                            0x0801cc83   Thumb Code   120  udp_connect.o(.text)
    UDP_fc_task                              0x0801ccfb   Thumb Code   164  udp_connect.o(.text)
    udp_connect_init                         0x0801cd9f   Thumb Code   700  udp_connect.o(.text)
    udp_recv_handle                          0x0801d05b   Thumb Code   242  udp_connect.o(.text)
    CreateMulticastListen                    0x0801d14d   Thumb Code    76  udp_connect.o(.text)
    udp_server_init                          0x0801d199   Thumb Code   148  udp_connect.o(.text)
    udp_senddata                             0x0801d22d   Thumb Code    46  udp_connect.o(.text)
    udp_connection_close                     0x0801d25b   Thumb Code    18  udp_connect.o(.text)
    httpd_init                               0x0801e39f   Thumb Code    18  httpd.o(.text)
    http_set_ssi_handler                     0x0801e3b1   Thumb Code   108  httpd.o(.text)
    http_set_cgi_handlers                    0x0801e41d   Thumb Code    74  httpd.o(.text)
    fs_open                                  0x0801e5ff   Thumb Code    70  fs.o(.text)
    fs_close                                 0x0801e645   Thumb Code    12  fs.o(.text)
    fs_read                                  0x0801e651   Thumb Code    62  fs.o(.text)
    fs_bytes_left                            0x0801e68f   Thumb Code    10  fs.o(.text)
    TXfreq_Handler                           0x0801e6cd   Thumb Code    78  httpd_cgi_ssi.o(.text)
    RXfreq_Handler                           0x0801e71b   Thumb Code    78  httpd_cgi_ssi.o(.text)
    RFtemp_Handler                           0x0801e769   Thumb Code    32  httpd_cgi_ssi.o(.text)
    BBtemp_Handler                           0x0801e789   Thumb Code    32  httpd_cgi_ssi.o(.text)
    Antenna_Handler                          0x0801e7a9   Thumb Code    20  httpd_cgi_ssi.o(.text)
    LDPCPASS_Handler                         0x0801e7bd   Thumb Code   800  httpd_cgi_ssi.o(.text)
    LDPCFAIL_Handler                         0x0801eadd   Thumb Code   788  httpd_cgi_ssi.o(.text)
    SNR_Handler                              0x0801edf1   Thumb Code    32  httpd_cgi_ssi.o(.text)
    TXPOWER_Handler                          0x0801ee11   Thumb Code   230  httpd_cgi_ssi.o(.text)
    Downlink_Handler                         0x0801eef7   Thumb Code    64  httpd_cgi_ssi.o(.text)
    BW_Handler                               0x0801ef37   Thumb Code    48  httpd_cgi_ssi.o(.text)
    AVGA_Handler                             0x0801ef67   Thumb Code    32  httpd_cgi_ssi.o(.text)
    ARSSI_Handler                            0x0801ef87   Thumb Code    36  httpd_cgi_ssi.o(.text)
    BVGA_Handler                             0x0801efab   Thumb Code    32  httpd_cgi_ssi.o(.text)
    BRSSI_Handler                            0x0801efcb   Thumb Code    36  httpd_cgi_ssi.o(.text)
    ANTENNA_Handler                          0x0801efef   Thumb Code    10  httpd_cgi_ssi.o(.text)
    RxLost_Handler                           0x0801eff9   Thumb Code    20  httpd_cgi_ssi.o(.text)
    CONFIG_CGI_Handler                       0x0801f0f7   Thumb Code     8  httpd_cgi_ssi.o(.text)
    BACKHOME_CGI_Handler                     0x0801f0ff   Thumb Code     8  httpd_cgi_ssi.o(.text)
    TXFREQ_CGI_Handler                       0x0801f107   Thumb Code   164  httpd_cgi_ssi.o(.text)
    RXFREQ_CGI_Handler                       0x0801f1ab   Thumb Code   164  httpd_cgi_ssi.o(.text)
    TXPOWER_CGI_Handler                      0x0801f24f   Thumb Code   360  httpd_cgi_ssi.o(.text)
    DOWNLINK_CGI_Handler                     0x0801f3b7   Thumb Code   148  httpd_cgi_ssi.o(.text)
    ANT_SEL_CGI_Handler                      0x0801f44b   Thumb Code   124  httpd_cgi_ssi.o(.text)
    httpd_ssi_init                           0x0801f4c7   Thumb Code    14  httpd_cgi_ssi.o(.text)
    httpd_cgi_init                           0x0801f4d5   Thumb Code    12  httpd_cgi_ssi.o(.text)
    __use_no_semihosting                     0x0801f54d   Thumb Code     2  use_no_semi_2.o(.text)
    __2printf                                0x0801f551   Thumb Code    20  noretval__2printf.o(.text)
    __2sprintf                               0x0801f569   Thumb Code    34  noretval__2sprintf.o(.text)
    __printf                                 0x0801f591   Thumb Code   104  __printf.o(.text)
    _printf_int_dec                          0x0801f5f9   Thumb Code   104  _printf_dec.o(.text)
    strstr                                   0x0801f671   Thumb Code    36  strstr.o(.text)
    memcmp                                   0x0801f695   Thumb Code    88  memcmp.o(.text)
    strlen                                   0x0801f6ed   Thumb Code    62  strlen.o(.text)
    __aeabi_memcpy                           0x0801f72b   Thumb Code     0  rt_memcpy_v6.o(.text)
    __rt_memcpy                              0x0801f72b   Thumb Code   138  rt_memcpy_v6.o(.text)
    _memcpy_lastbytes                        0x0801f791   Thumb Code     0  rt_memcpy_v6.o(.text)
    __aeabi_memcpy4                          0x0801f7b5   Thumb Code     0  rt_memcpy_w.o(.text)
    __aeabi_memcpy8                          0x0801f7b5   Thumb Code     0  rt_memcpy_w.o(.text)
    __rt_memcpy_w                            0x0801f7b5   Thumb Code   100  rt_memcpy_w.o(.text)
    _memcpy_lastbytes_aligned                0x0801f7fd   Thumb Code     0  rt_memcpy_w.o(.text)
    __aeabi_memclr                           0x0801f819   Thumb Code     0  rt_memclr.o(.text)
    __rt_memclr                              0x0801f819   Thumb Code    68  rt_memclr.o(.text)
    _memset                                  0x0801f81d   Thumb Code     0  rt_memclr.o(.text)
    __aeabi_memclr4                          0x0801f85d   Thumb Code     0  rt_memclr_w.o(.text)
    __aeabi_memclr8                          0x0801f85d   Thumb Code     0  rt_memclr_w.o(.text)
    __rt_memclr_w                            0x0801f85d   Thumb Code    78  rt_memclr_w.o(.text)
    _memset_w                                0x0801f861   Thumb Code     0  rt_memclr_w.o(.text)
    __use_two_region_memory                  0x0801f8ab   Thumb Code     2  heapauxi.o(.text)
    __rt_heap_escrow$2region                 0x0801f8ad   Thumb Code     2  heapauxi.o(.text)
    __rt_heap_expand$2region                 0x0801f8af   Thumb Code     2  heapauxi.o(.text)
    __I$use$semihosting                      0x0801f8b1   Thumb Code     0  use_no_semi.o(.text)
    __use_no_semihosting_swi                 0x0801f8b1   Thumb Code     2  use_no_semi.o(.text)
    __read_errno                             0x0801f8b3   Thumb Code    10  _rserrno.o(.text)
    __set_errno                              0x0801f8bd   Thumb Code    12  _rserrno.o(.text)
    _printf_int_common                       0x0801f8c9   Thumb Code   178  _printf_intcommon.o(.text)
    __lib_sel_fp_printf                      0x0801f97b   Thumb Code     2  _printf_fp_dec.o(.text)
    _printf_fp_dec_real                      0x0801fb29   Thumb Code   620  _printf_fp_dec.o(.text)
    _printf_char_common                      0x0801fd9f   Thumb Code    32  _printf_char_common.o(.text)
    _sputc                                   0x0801fdc5   Thumb Code    10  _sputc.o(.text)
    _printf_char_file                        0x0801fdd1   Thumb Code    32  _printf_char_file.o(.text)
    __rt_locale                              0x0801fdf5   Thumb Code     8  rt_locale_intlibspace.o(.text)
    __aeabi_errno_addr                       0x0801fdfd   Thumb Code     8  rt_errno_addr_intlibspace.o(.text)
    __errno$intlibspace                      0x0801fdfd   Thumb Code     0  rt_errno_addr_intlibspace.o(.text)
    __rt_errno_addr$intlibspace              0x0801fdfd   Thumb Code     0  rt_errno_addr_intlibspace.o(.text)
    _ll_udiv10                               0x0801fe05   Thumb Code   138  lludiv10.o(.text)
    _printf_fp_infnan                        0x0801fe91   Thumb Code   112  _printf_fp_infnan.o(.text)
    _btod_etento                             0x0801ff11   Thumb Code   216  bigflt0.o(.text)
    ferror                                   0x0801ffed   Thumb Code     8  ferror.o(.text)
    __user_libspace                          0x0801fff5   Thumb Code     8  libspace.o(.text)
    __user_perproc_libspace                  0x0801fff5   Thumb Code     0  libspace.o(.text)
    __user_perthread_libspace                0x0801fff5   Thumb Code     0  libspace.o(.text)
    __user_setup_stackheap                   0x0801fffd   Thumb Code    74  sys_stackheap_outer.o(.text)
    exit                                     0x08020047   Thumb Code    12  exit.o(.text)
    _btod_d2e                                0x08020053   Thumb Code    62  btod.o(CL$$btod_d2e)
    _d2e_denorm_low                          0x08020091   Thumb Code    70  btod.o(CL$$btod_d2e_denorm_low)
    _d2e_norm_op1                            0x080200d7   Thumb Code    96  btod.o(CL$$btod_d2e_norm_op1)
    __btod_div_common                        0x08020137   Thumb Code   696  btod.o(CL$$btod_div_common)
    _e2e                                     0x0802046f   Thumb Code   198  btod.o(CL$$btod_e2e)
    _btod_ediv                               0x08020535   Thumb Code    40  btod.o(CL$$btod_ediv)
    _btod_emul                               0x0802055d   Thumb Code    40  btod.o(CL$$btod_emul)
    __btod_mult_common                       0x08020585   Thumb Code   580  btod.o(CL$$btod_mult_common)
    __ARM_fpclassify                         0x080207c9   Thumb Code    48  fpclassify.o(i.__ARM_fpclassify)
    __ARM_fpclassifyf                        0x080207f9   Thumb Code    38  fpclassifyf.o(i.__ARM_fpclassifyf)
    __hardfp_asin                            0x08020821   Thumb Code   770  asin.o(i.__hardfp_asin)
    __hardfp_atan2f                          0x08020b81   Thumb Code   502  atan2f.o(i.__hardfp_atan2f)
    __kernel_poly                            0x08020dd1   Thumb Code   248  poly.o(i.__kernel_poly)
    __mathlib_dbl_infnan                     0x08020ec9   Thumb Code    20  dunder.o(i.__mathlib_dbl_infnan)
    __mathlib_dbl_invalid                    0x08020ee1   Thumb Code    24  dunder.o(i.__mathlib_dbl_invalid)
    __mathlib_dbl_underflow                  0x08020f01   Thumb Code    24  dunder.o(i.__mathlib_dbl_underflow)
    __mathlib_flt_infnan2                    0x08020f21   Thumb Code     6  funder.o(i.__mathlib_flt_infnan2)
    __mathlib_flt_underflow                  0x08020f29   Thumb Code    10  funder.o(i.__mathlib_flt_underflow)
    fabs                                     0x08020f39   Thumb Code    24  fabs.o(i.fabs)
    sqrt                                     0x08020f51   Thumb Code   110  sqrt.o(i.sqrt)
    _get_lc_numeric                          0x08020fc1   Thumb Code    44  lc_numeric_c.o(locale$$code)
    __aeabi_dneg                             0x08020fed   Thumb Code     0  basic.o(x$fpl$basic)
    _dneg                                    0x08020fed   Thumb Code     6  basic.o(x$fpl$basic)
    __aeabi_fneg                             0x08020ff3   Thumb Code     0  basic.o(x$fpl$basic)
    _fneg                                    0x08020ff3   Thumb Code     6  basic.o(x$fpl$basic)
    _dabs                                    0x08020ff9   Thumb Code     6  basic.o(x$fpl$basic)
    _fabs                                    0x08020fff   Thumb Code     6  basic.o(x$fpl$basic)
    __aeabi_dadd                             0x08021005   Thumb Code     0  daddsub_clz.o(x$fpl$dadd)
    _dadd                                    0x08021005   Thumb Code   332  daddsub_clz.o(x$fpl$dadd)
    __fpl_dcmp_Inf                           0x08021155   Thumb Code    24  dcmpi.o(x$fpl$dcmpinf)
    __aeabi_ddiv                             0x0802116d   Thumb Code     0  ddiv.o(x$fpl$ddiv)
    _ddiv                                    0x0802116d   Thumb Code   552  ddiv.o(x$fpl$ddiv)
    __aeabi_cdcmple                          0x0802141d   Thumb Code     0  dleqf.o(x$fpl$dleqf)
    _dcmple                                  0x0802141d   Thumb Code   120  dleqf.o(x$fpl$dleqf)
    __fpl_dcmple_InfNaN                      0x0802147f   Thumb Code     0  dleqf.o(x$fpl$dleqf)
    __aeabi_dmul                             0x08021495   Thumb Code     0  dmul.o(x$fpl$dmul)
    _dmul                                    0x08021495   Thumb Code   332  dmul.o(x$fpl$dmul)
    __fpl_dnaninf                            0x080215e9   Thumb Code   156  dnaninf.o(x$fpl$dnaninf)
    __fpl_dretinf                            0x08021685   Thumb Code    12  dretinf.o(x$fpl$dretinf)
    __aeabi_cdrcmple                         0x08021691   Thumb Code     0  drleqf.o(x$fpl$drleqf)
    _drcmple                                 0x08021691   Thumb Code   108  drleqf.o(x$fpl$drleqf)
    __aeabi_drsub                            0x080216fd   Thumb Code     0  daddsub_clz.o(x$fpl$drsb)
    _drsb                                    0x080216fd   Thumb Code    22  daddsub_clz.o(x$fpl$drsb)
    _dsqrt                                   0x08021715   Thumb Code   404  dsqrt_umaal.o(x$fpl$dsqrt)
    __aeabi_dsub                             0x080218ad   Thumb Code     0  daddsub_clz.o(x$fpl$dsub)
    _dsub                                    0x080218ad   Thumb Code   464  daddsub_clz.o(x$fpl$dsub)
    __aeabi_f2d                              0x08021a81   Thumb Code     0  f2d.o(x$fpl$f2d)
    _f2d                                     0x08021a81   Thumb Code    86  f2d.o(x$fpl$f2d)
    __fpl_fnaninf                            0x08021ad7   Thumb Code   140  fnaninf.o(x$fpl$fnaninf)
    _fp_init                                 0x08021b63   Thumb Code    10  fpinit.o(x$fpl$fpinit)
    __fplib_config_fpu_vfp                   0x08021b6b   Thumb Code     0  fpinit.o(x$fpl$fpinit)
    __fplib_config_pureend_doubles           0x08021b6b   Thumb Code     0  fpinit.o(x$fpl$fpinit)
    _printf_fp_dec                           0x08021b6d   Thumb Code     4  printf1.o(x$fpl$printf1)
    __I$use$fp                               0x08021b70   Number         0  usenofp.o(x$fpl$usenofp)
    __lowest_bit_bitmap                      0x0802208f   Data         256  kservice.o(.constdata)
    memp_sizes                               0x080224d4   Data          28  memp.o(.constdata)
    tcp_state_str                            0x080224f0   Data          44  tcp.o(.constdata)
    tcp_backoff                              0x0802251c   Data          13  tcp.o(.constdata)
    tcp_persist_backoff                      0x08022529   Data           7  tcp.o(.constdata)
    tcp_pcb_lists                            0x08022530   Data          16  tcp.o(.constdata)
    ip_addr_any                              0x08022540   Data           4  ip_addr.o(.constdata)
    ip_addr_broadcast                        0x08022544   Data           4  ip_addr.o(.constdata)
    ethbroadcast                             0x08022548   Data           6  etharp.o(.constdata)
    ethzero                                  0x0802254e   Data           6  etharp.o(.constdata)
    g_psDefaultFilenames                     0x08022e48   Data          40  httpd.o(.constdata)
    g_pcTagLeadIn                            0x08022e70   Data           4  httpd.o(.constdata)
    g_pcTagLeadOut                           0x08022e74   Data           4  httpd.o(.constdata)
    file__autoflight_shtm                    0x08026ac8   Data          20  fs.o(.constdata)
    file__configure_shtm                     0x08026adc   Data          20  fs.o(.constdata)
    file__tuchuan_png                        0x08026af0   Data          20  fs.o(.constdata)
    downlink                                 0x08026b04   Data          84  httpd_cgi_ssi.o(.constdata)
    BW_table                                 0x08026b58   Data          60  httpd_cgi_ssi.o(.constdata)
    __fsym_hello_name                        0x08027232   Data           6  cmd.o(.rodata.name)
    __fsym_hello_desc                        0x08027238   Data          16  cmd.o(.rodata.name)
    __fsym_version_name                      0x08027248   Data           8  cmd.o(.rodata.name)
    __fsym_version_desc                      0x08027250   Data          35  cmd.o(.rodata.name)
    __fsym___cmd_version_name                0x08027273   Data          14  cmd.o(.rodata.name)
    __fsym___cmd_version_desc                0x08027281   Data          35  cmd.o(.rodata.name)
    __fsym_list_thread_name                  0x080272a4   Data          12  cmd.o(.rodata.name)
    __fsym_list_thread_desc                  0x080272b0   Data          12  cmd.o(.rodata.name)
    __fsym___cmd_list_thread_name            0x080272bc   Data          18  cmd.o(.rodata.name)
    __fsym___cmd_list_thread_desc            0x080272ce   Data          12  cmd.o(.rodata.name)
    __fsym_list_sem_name                     0x080272da   Data           9  cmd.o(.rodata.name)
    __fsym_list_sem_desc                     0x080272e3   Data          25  cmd.o(.rodata.name)
    __fsym___cmd_list_sem_name               0x080272fc   Data          15  cmd.o(.rodata.name)
    __fsym___cmd_list_sem_desc               0x0802730b   Data          25  cmd.o(.rodata.name)
    __fsym_list_event_name                   0x08027324   Data          11  cmd.o(.rodata.name)
    __fsym_list_event_desc                   0x0802732f   Data          21  cmd.o(.rodata.name)
    __fsym___cmd_list_event_name             0x08027344   Data          17  cmd.o(.rodata.name)
    __fsym___cmd_list_event_desc             0x08027355   Data          21  cmd.o(.rodata.name)
    __fsym_list_mutex_name                   0x0802736a   Data          11  cmd.o(.rodata.name)
    __fsym_list_mutex_desc                   0x08027375   Data          21  cmd.o(.rodata.name)
    __fsym___cmd_list_mutex_name             0x0802738a   Data          17  cmd.o(.rodata.name)
    __fsym___cmd_list_mutex_desc             0x0802739b   Data          21  cmd.o(.rodata.name)
    __fsym_list_mailbox_name                 0x080273b0   Data          13  cmd.o(.rodata.name)
    __fsym_list_mailbox_desc                 0x080273bd   Data          24  cmd.o(.rodata.name)
    __fsym___cmd_list_mailbox_name           0x080273d5   Data          19  cmd.o(.rodata.name)
    __fsym___cmd_list_mailbox_desc           0x080273e8   Data          24  cmd.o(.rodata.name)
    __fsym_list_msgqueue_name                0x08027400   Data          14  cmd.o(.rodata.name)
    __fsym_list_msgqueue_desc                0x0802740e   Data          29  cmd.o(.rodata.name)
    __fsym___cmd_list_msgqueue_name          0x0802742b   Data          20  cmd.o(.rodata.name)
    __fsym___cmd_list_msgqueue_desc          0x0802743f   Data          29  cmd.o(.rodata.name)
    __fsym_list_mempool_name                 0x0802745c   Data          13  cmd.o(.rodata.name)
    __fsym_list_mempool_desc                 0x08027469   Data          27  cmd.o(.rodata.name)
    __fsym___cmd_list_mempool_name           0x08027484   Data          19  cmd.o(.rodata.name)
    __fsym___cmd_list_mempool_desc           0x08027497   Data          27  cmd.o(.rodata.name)
    __fsym_list_timer_name                   0x080274b2   Data          11  cmd.o(.rodata.name)
    __fsym_list_timer_desc                   0x080274bd   Data          21  cmd.o(.rodata.name)
    __fsym___cmd_list_timer_name             0x080274d2   Data          17  cmd.o(.rodata.name)
    __fsym___cmd_list_timer_desc             0x080274e3   Data          21  cmd.o(.rodata.name)
    __fsym_list_device_name                  0x080274f8   Data          12  cmd.o(.rodata.name)
    __fsym_list_device_desc                  0x08027504   Data          22  cmd.o(.rodata.name)
    __fsym___cmd_list_device_name            0x0802751a   Data          18  cmd.o(.rodata.name)
    __fsym___cmd_list_device_desc            0x0802752c   Data          22  cmd.o(.rodata.name)
    __fsym_list_name                         0x08027542   Data           5  cmd.o(.rodata.name)
    __fsym_list_desc                         0x08027547   Data          26  cmd.o(.rodata.name)
    __fsym___cmd_phy_bd_name                 0x08027561   Data          13  cmd.o(.rodata.name)
    __fsym___cmd_phy_bd_desc                 0x0802756e   Data          19  cmd.o(.rodata.name)
    __fsym___cmd_fc_100m_name                0x08027581   Data          14  cmd.o(.rodata.name)
    __fsym___cmd_fc_100m_desc                0x0802758f   Data          27  cmd.o(.rodata.name)
    __fsym___cmd_ifconfig_name               0x080275aa   Data          15  cmd.o(.rodata.name)
    __fsym___cmd_ifconfig_desc               0x080275b9   Data          43  cmd.o(.rodata.name)
    __fsym___cmd_rd_phy_name                 0x080275e4   Data          13  cmd.o(.rodata.name)
    __fsym___cmd_rd_phy_desc                 0x080275f1   Data          20  cmd.o(.rodata.name)
    __fsym___cmd_wr_phy_name                 0x08027605   Data          13  cmd.o(.rodata.name)
    __fsym___cmd_wr_phy_desc                 0x08027612   Data          21  cmd.o(.rodata.name)
    __fsym___cmd_help_name                   0x08027627   Data          11  msh.o(.rodata.name)
    __fsym___cmd_help_desc                   0x08027632   Data          22  msh.o(.rodata.name)
    __fsym_list_mem_name                     0x08027648   Data           9  mem.o(.rodata.name)
    __fsym_list_mem_desc                     0x08027651   Data          30  mem.o(.rodata.name)
    FSymTab$$Base                            0x08027670   Number         0  cmd.o(FSymTab)
    __fsym_hello                             0x08027670   Data          12  cmd.o(FSymTab)
    __fsym_version                           0x0802767c   Data          12  cmd.o(FSymTab)
    __fsym___cmd_version                     0x08027688   Data          12  cmd.o(FSymTab)
    __fsym_list_thread                       0x08027694   Data          12  cmd.o(FSymTab)
    __fsym___cmd_list_thread                 0x080276a0   Data          12  cmd.o(FSymTab)
    __fsym_list_sem                          0x080276ac   Data          12  cmd.o(FSymTab)
    __fsym___cmd_list_sem                    0x080276b8   Data          12  cmd.o(FSymTab)
    __fsym_list_event                        0x080276c4   Data          12  cmd.o(FSymTab)
    __fsym___cmd_list_event                  0x080276d0   Data          12  cmd.o(FSymTab)
    __fsym_list_mutex                        0x080276dc   Data          12  cmd.o(FSymTab)
    __fsym___cmd_list_mutex                  0x080276e8   Data          12  cmd.o(FSymTab)
    __fsym_list_mailbox                      0x080276f4   Data          12  cmd.o(FSymTab)
    __fsym___cmd_list_mailbox                0x08027700   Data          12  cmd.o(FSymTab)
    __fsym_list_msgqueue                     0x0802770c   Data          12  cmd.o(FSymTab)
    __fsym___cmd_list_msgqueue               0x08027718   Data          12  cmd.o(FSymTab)
    __fsym_list_mempool                      0x08027724   Data          12  cmd.o(FSymTab)
    __fsym___cmd_list_mempool                0x08027730   Data          12  cmd.o(FSymTab)
    __fsym_list_timer                        0x0802773c   Data          12  cmd.o(FSymTab)
    __fsym___cmd_list_timer                  0x08027748   Data          12  cmd.o(FSymTab)
    __fsym_list_device                       0x08027754   Data          12  cmd.o(FSymTab)
    __fsym___cmd_list_device                 0x08027760   Data          12  cmd.o(FSymTab)
    __fsym_list                              0x0802776c   Data          12  cmd.o(FSymTab)
    __fsym___cmd_phy_bd                      0x08027778   Data          12  cmd.o(FSymTab)
    __fsym___cmd_fc_100m                     0x08027784   Data          12  cmd.o(FSymTab)
    __fsym___cmd_ifconfig                    0x08027790   Data          12  cmd.o(FSymTab)
    __fsym___cmd_rd_phy                      0x0802779c   Data          12  cmd.o(FSymTab)
    __fsym___cmd_wr_phy                      0x080277a8   Data          12  cmd.o(FSymTab)
    __fsym___cmd_help                        0x080277b4   Data          12  msh.o(FSymTab)
    __fsym_list_mem                          0x080277c0   Data          12  mem.o(FSymTab)
    FSymTab$$Limit                           0x080277cc   Number         0  mem.o(FSymTab)
    Region$$Table$$Base                      0x080277cc   Number         0  anon$$obj.o(Region$$Table)
    Region$$Table$$Limit                     0x080277ec   Number         0  anon$$obj.o(Region$$Table)
    flash                                    0x20000028   Data           4  fpga_upgrade.o(.data)
    upgrade_table                            0x20000034   Data           8  uart_protocol.o(.data)
    uart2_dev                                0x2000003c   Data           4  uart_protocol.o(.data)
    __stdout                                 0x2000004c   Data           4  stm32f4_uart.o(.data)
    uart1                                    0x20000050   Data          12  stm32f4_uart.o(.data)
    uart2                                    0x2000005c   Data          12  stm32f4_uart.o(.data)
    udp_tx_count                             0x20000068   Data           1  timer.o(.data)
    shell                                    0x2000006c   Data           4  shell.o(.data)
    _syscall_table_begin                     0x20000070   Data           4  symbol.o(.data)
    _syscall_table_end                       0x20000074   Data           4  symbol.o(.data)
    _sysvar_table_begin                      0x20000078   Data           4  symbol.o(.data)
    _sysvar_table_end                        0x2000007c   Data           4  symbol.o(.data)
    rt_interrupt_nest                        0x20000084   Data           1  irq.o(.data)
    rt_assert_hook                           0x20000090   Data           4  kservice.o(.data)
    rt_object_container                      0x200000ac   Data         144  object.o(.data)
    rt_current_thread                        0x20000140   Data           4  scheduler.o(.data)
    rt_current_priority                      0x20000144   Data           1  scheduler.o(.data)
    rt_thread_ready_priority_group           0x20000148   Data           4  scheduler.o(.data)
    rt_thread_defunct                        0x2000014c   Data           8  scheduler.o(.data)
    SystemCoreClock                          0x20000160   Data           4  system_stm32f4xx.o(.data)
    AHBPrescTable                            0x20000164   Data          16  system_stm32f4xx.o(.data)
    rt_interrupt_from_thread                 0x20000174   Data           4  cpuport.o(.data)
    rt_interrupt_to_thread                   0x20000178   Data           4  cpuport.o(.data)
    rt_thread_switch_interrupt_flag          0x2000017c   Data           4  cpuport.o(.data)
    _ctype                                   0x20000188   Data         256  string.o(.data)
    DMATxDescToSet                           0x2000029c   Data           4  stm32f4x7_eth.o(.data)
    DMARxDescToGet                           0x200002a0   Data           4  stm32f4x7_eth.o(.data)
    DMA_RX_FRAME_infos                       0x200002a4   Data           4  stm32f4x7_eth.o(.data)
    Frame_Rx_index                           0x200002a8   Data           4  stm32f4x7_eth.o(.data)
    netif                                    0x200002c0   Data           4  sys_arch.o(.data)
    netif_list                               0x200002cc   Data           4  netif.o(.data)
    netif_default                            0x200002d0   Data           4  netif.o(.data)
    pbuf_free_ooseq_pending                  0x200002d5   Data           1  pbuf.o(.data)
    tcp_ticks                                0x200002e0   Data           4  tcp.o(.data)
    tcp_bound_pcbs                           0x200002e4   Data           4  tcp.o(.data)
    tcp_listen_pcbs                          0x200002e8   Data           4  tcp.o(.data)
    tcp_active_pcbs                          0x200002ec   Data           4  tcp.o(.data)
    tcp_tw_pcbs                              0x200002f0   Data           4  tcp.o(.data)
    tcp_tmp_pcb                              0x200002f4   Data           4  tcp.o(.data)
    tcp_active_pcbs_changed                  0x200002f8   Data           1  tcp.o(.data)
    tcp_input_pcb                            0x2000031c   Data           4  tcp_in.o(.data)
    udp_pcbs                                 0x2000032c   Data           4  udp.o(.data)
    current_netif                            0x2000033c   Data           4  ip.o(.data)
    current_header                           0x20000340   Data           4  ip.o(.data)
    current_iphdr_src                        0x20000344   Data           4  ip.o(.data)
    current_iphdr_dest                       0x20000348   Data           4  ip.o(.data)
    tcp_demo_sendbuf                         0x2000034f   Data          21  udp_connect.o(.data)
    truck_len                                0x20000364   Data           1  udp_connect.o(.data)
    g_pcSSIExtensions                        0x20000368   Data          16  httpd.o(.data)
    g_pfnSSIHandler                          0x20000378   Data           4  httpd.o(.data)
    g_iNumTags                               0x2000037c   Data           4  httpd.o(.data)
    g_ppcTags                                0x20000380   Data           4  httpd.o(.data)
    g_pCGIs                                  0x20000384   Data           4  httpd.o(.data)
    g_iNumCGIs                               0x20000388   Data           4  httpd.o(.data)
    cgibuf                                   0x2000038c   Data           8  httpd_cgi_ssi.o(.data)
    mb_spi_dev                               0x200011e4   Data          72  application.o(.bss)
    uart_buffer                              0x20001720   Data        1040  upgrade.o(.bss)
    file_name                                0x20001f45   Data         256  ymodem.o(.bss)
    sem_attitude_change                      0x20002048   Data          56  antenna_sw.o(.bss)
    dev_status_buf                           0x20002080   Data          64  antenna_sw.o(.bss)
    uart_queue                               0x200021f8   Data          16  uart_protocol.o(.bss)
    uart1_int_rx                             0x200023cc   Data         520  stm32f4_uart.o(.bss)
    uart1_device                             0x200025d4   Data          88  stm32f4_uart.o(.bss)
    uart2_int_rx                             0x2000262c   Data         520  stm32f4_uart.o(.bss)
    uart2_device                             0x20002834   Data          88  stm32f4_uart.o(.bss)
    rt_thread_priority_table                 0x20003430   Data         256  scheduler.o(.bss)
    DMARxDscrTab                             0x20003530   Data         320  stm32f4x7_eth.o(.bss)
    DMATxDscrTab                             0x20003670   Data         320  stm32f4x7_eth.o(.bss)
    Rx_Buff                                  0x200037b0   Data       15240  stm32f4x7_eth.o(.bss)
    Tx_Buff                                  0x20007338   Data       15240  stm32f4x7_eth.o(.bss)
    RX_Frame_Descriptor                      0x2000aec0   Data          12  stm32f4x7_eth.o(.bss)
    udp_buf                                  0x2000c304   Data         100  ethernetif.o(.bss)
    attitude                                 0x2000c368   Data          28  udp_connect.o(.bss)
    attitude_last                            0x2000c384   Data          28  udp_connect.o(.bss)
    mav_return_status                        0x2000c3a0   Data          24  udp_connect.o(.bss)
    mav_message                              0x2000c3b8   Data         296  udp_connect.o(.bss)
    attitude_gl                              0x2000c4e0   Data          72  udp_connect.o(.bss)
    gps_gl                                   0x2000c528   Data          24  udp_connect.o(.bss)
    udp_con_struct                           0x2000c540   Data         112  udp_connect.o(.bss)
    udp_con_struct2                          0x2000c5b0   Data         112  udp_connect.o(.bss)
    sendbuf                                  0x2000d4e0   Data          62  udp_connect.o(.bss)
    sem_linkhub_tx                           0x2000d520   Data          56  udp_connect.o(.bss)
    truck_send_buf                           0x2000d558   Data         100  udp_connect.o(.bss)
    fs_memory                                0x2000dec0   Data         240  fs.o(.bss)
    __libspace_start                         0x2000dfb0   Data          96  libspace.o(.bss)
    __temporary_stack_top$libspace           0x2000e010   Data           0  libspace.o(.bss)
    Image$$RW_IRAM1$$ZI$$Limit               0x2000e610   Number         0  anon$$obj.o ABSOLUTE



==============================================================================

Memory Map of the image

  Image Entry point : 0x08000189

  Load Region LR_IROM1 (Base: 0x08000000, Size: 0x00027bdc, Max: 0x00100000, ABSOLUTE, COMPRESSED[0x0002792c])

    Execution Region ER_IROM1 (Base: 0x08000000, Size: 0x00027808, Max: 0x00100000, ABSOLUTE)

    Base Addr    Size         Type   Attr      Idx    E Section Name        Object

    0x08000000   0x00000188   Data   RO         1915    RESET               startup_stm32f40xx.o
    0x08000188   0x00000008   Code   RO         4320  * !!!main             c_w.l(__main.o)
    0x08000190   0x00000034   Code   RO         4650    !!!scatter          c_w.l(__scatter.o)
    0x080001c4   0x0000005a   Code   RO         4648    !!dczerorl2         c_w.l(__dczerorl2.o)
    0x0800021e   0x00000002   PAD
    0x08000220   0x0000001c   Code   RO         4652    !!handler_zi        c_w.l(__scatter_zi.o)
    0x0800023c   0x00000000   Code   RO         4303    .ARM.Collect$$_printf_percent$$00000000  c_w.l(_printf_percent.o)
    0x0800023c   0x00000006   Code   RO         4302    .ARM.Collect$$_printf_percent$$00000003  c_w.l(_printf_f.o)
    0x08000242   0x00000006   Code   RO         4301    .ARM.Collect$$_printf_percent$$00000009  c_w.l(_printf_d.o)
    0x08000248   0x00000004   Code   RO         4377    .ARM.Collect$$_printf_percent$$00000017  c_w.l(_printf_percent_end.o)
    0x0800024c   0x00000002   Code   RO         4526    .ARM.Collect$$libinit$$00000000  c_w.l(libinit.o)
    0x0800024e   0x00000004   Code   RO         4527    .ARM.Collect$$libinit$$00000001  c_w.l(libinit2.o)
    0x08000252   0x00000000   Code   RO         4530    .ARM.Collect$$libinit$$00000004  c_w.l(libinit2.o)
    0x08000252   0x00000000   Code   RO         4533    .ARM.Collect$$libinit$$0000000A  c_w.l(libinit2.o)
    0x08000252   0x00000000   Code   RO         4535    .ARM.Collect$$libinit$$0000000C  c_w.l(libinit2.o)
    0x08000252   0x00000000   Code   RO         4537    .ARM.Collect$$libinit$$0000000E  c_w.l(libinit2.o)
    0x08000252   0x00000006   Code   RO         4538    .ARM.Collect$$libinit$$0000000F  c_w.l(libinit2.o)
    0x08000258   0x00000000   Code   RO         4540    .ARM.Collect$$libinit$$00000011  c_w.l(libinit2.o)
    0x08000258   0x00000000   Code   RO         4542    .ARM.Collect$$libinit$$00000013  c_w.l(libinit2.o)
    0x08000258   0x00000000   Code   RO         4544    .ARM.Collect$$libinit$$00000015  c_w.l(libinit2.o)
    0x08000258   0x0000000a   Code   RO         4545    .ARM.Collect$$libinit$$00000016  c_w.l(libinit2.o)
    0x08000262   0x00000000   Code   RO         4546    .ARM.Collect$$libinit$$00000017  c_w.l(libinit2.o)
    0x08000262   0x00000000   Code   RO         4548    .ARM.Collect$$libinit$$00000019  c_w.l(libinit2.o)
    0x08000262   0x00000000   Code   RO         4550    .ARM.Collect$$libinit$$0000001B  c_w.l(libinit2.o)
    0x08000262   0x00000000   Code   RO         4552    .ARM.Collect$$libinit$$0000001D  c_w.l(libinit2.o)
    0x08000262   0x00000000   Code   RO         4554    .ARM.Collect$$libinit$$0000001F  c_w.l(libinit2.o)
    0x08000262   0x00000000   Code   RO         4556    .ARM.Collect$$libinit$$00000021  c_w.l(libinit2.o)
    0x08000262   0x00000000   Code   RO         4558    .ARM.Collect$$libinit$$00000023  c_w.l(libinit2.o)
    0x08000262   0x00000000   Code   RO         4560    .ARM.Collect$$libinit$$00000025  c_w.l(libinit2.o)
    0x08000262   0x00000000   Code   RO         4564    .ARM.Collect$$libinit$$0000002C  c_w.l(libinit2.o)
    0x08000262   0x00000000   Code   RO         4566    .ARM.Collect$$libinit$$0000002E  c_w.l(libinit2.o)
    0x08000262   0x00000000   Code   RO         4568    .ARM.Collect$$libinit$$00000030  c_w.l(libinit2.o)
    0x08000262   0x00000000   Code   RO         4570    .ARM.Collect$$libinit$$00000032  c_w.l(libinit2.o)
    0x08000262   0x00000002   Code   RO         4571    .ARM.Collect$$libinit$$00000033  c_w.l(libinit2.o)
    0x08000264   0x00000002   Code   RO         4599    .ARM.Collect$$libshutdown$$00000000  c_w.l(libshutdown.o)
    0x08000266   0x00000000   Code   RO         4609    .ARM.Collect$$libshutdown$$00000003  c_w.l(libshutdown2.o)
    0x08000266   0x00000000   Code   RO         4612    .ARM.Collect$$libshutdown$$00000006  c_w.l(libshutdown2.o)
    0x08000266   0x00000000   Code   RO         4615    .ARM.Collect$$libshutdown$$00000009  c_w.l(libshutdown2.o)
    0x08000266   0x00000000   Code   RO         4617    .ARM.Collect$$libshutdown$$0000000B  c_w.l(libshutdown2.o)
    0x08000266   0x00000000   Code   RO         4620    .ARM.Collect$$libshutdown$$0000000E  c_w.l(libshutdown2.o)
    0x08000266   0x00000002   Code   RO         4621    .ARM.Collect$$libshutdown$$0000000F  c_w.l(libshutdown2.o)
    0x08000268   0x00000000   Code   RO         4364    .ARM.Collect$$rtentry$$00000000  c_w.l(__rtentry.o)
    0x08000268   0x00000000   Code   RO         4448    .ARM.Collect$$rtentry$$00000002  c_w.l(__rtentry2.o)
    0x08000268   0x00000006   Code   RO         4460    .ARM.Collect$$rtentry$$00000004  c_w.l(__rtentry4.o)
    0x0800026e   0x00000000   Code   RO         4450    .ARM.Collect$$rtentry$$00000009  c_w.l(__rtentry2.o)
    0x0800026e   0x00000004   Code   RO         4451    .ARM.Collect$$rtentry$$0000000A  c_w.l(__rtentry2.o)
    0x08000272   0x00000000   Code   RO         4453    .ARM.Collect$$rtentry$$0000000C  c_w.l(__rtentry2.o)
    0x08000272   0x00000008   Code   RO         4454    .ARM.Collect$$rtentry$$0000000D  c_w.l(__rtentry2.o)
    0x0800027a   0x00000002   Code   RO         4572    .ARM.Collect$$rtexit$$00000000  c_w.l(rtexit.o)
    0x0800027c   0x00000000   Code   RO         4579    .ARM.Collect$$rtexit$$00000002  c_w.l(rtexit2.o)
    0x0800027c   0x00000004   Code   RO         4580    .ARM.Collect$$rtexit$$00000003  c_w.l(rtexit2.o)
    0x08000280   0x00000006   Code   RO         4581    .ARM.Collect$$rtexit$$00000004  c_w.l(rtexit2.o)
    0x08000286   0x00000002   PAD
    0x08000288   0x00000194   Code   RO            4    .text               startup.o
    0x0800041c   0x000002c0   Code   RO          165    .text               application.o
    0x080006dc   0x0000015c   Code   RO          830    .text               common.o
    0x08000838   0x00000224   Code   RO          871    .text               interface.o
    0x08000a5c   0x000000e0   Code   RO          901    .text               queue.o
    0x08000b3c   0x00000160   Code   RO          921    .text               fpga_upgrade.o
    0x08000c9c   0x0000044c   Code   RO          949    .text               mcu_api.o
    0x080010e8   0x000004a4   Code   RO          965    .text               spansion.o
    0x0800158c   0x000001cc   Code   RO          980    .text               spi_flash.o
    0x08001758   0x00000074   Code   RO          995    .text               upgrade.o
    0x080017cc   0x0000072c   Code   RO         1023    .text               ymodem.o
    0x08001ef8   0x000001d4   Code   RO         1052    .text               antenna_sw.o
    0x080020cc   0x0000092c   Code   RO         1081    .text               uart_protocol.o
    0x080029f8   0x000001a4   Code   RO         1115    .text               board.o
    0x08002b9c   0x000005e0   Code   RO         1143    .text               stm32f4_eth.o
    0x0800317c   0x00000012   Code   RO         1214    .text               stm32f4_it.o
    0x0800318e   0x00000002   PAD
    0x08003190   0x00000528   Code   RO         1232    .text               stm32f4_spi.o
    0x080036b8   0x000001d0   Code   RO         1260    .text               stm32f4_uart.o
    0x08003888   0x0000008c   Code   RO         1292    .text               timer.o
    0x08003914   0x0000079c   Code   RO         1347    .text               serial.o
    0x080040b0   0x0000053c   Code   RO         1369    .text               spi_bus.o
    0x080045ec   0x00000b90   Code   RO         1385    .text               cmd.o
    0x0800517c   0x00000314   Code   RO         1616    .text               msh.o
    0x08005490   0x0000093c   Code   RO         1661    .text               shell.o
    0x08005dcc   0x00000060   Code   RO         1692    .text               clock.o
    0x08005e2c   0x0000033c   Code   RO         1706    .text               device.o
    0x08006168   0x00000120   Code   RO         1720    .text               idle.o
    0x08006288   0x00001500   Code   RO         1739    .text               ipc.o
    0x08007788   0x00000048   Code   RO         1755    .text               irq.o
    0x080077d0   0x00000a4c   Code   RO         1770    .text               kservice.o
    0x0800821c   0x00000834   Code   RO         1790    .text               mem.o
    0x08008a50   0x000003c8   Code   RO         1816    .text               mempool.o
    0x08008e18   0x0000026c   Code   RO         1832    .text               object.o
    0x08009084   0x00000210   Code   RO         1851    .text               scheduler.o
    0x08009294   0x000005a0   Code   RO         1878    .text               thread.o
    0x08009834   0x0000043c   Code   RO         1895    .text               timer_1.o
    0x08009c70   0x00000040   Code   RO         1916    .text               startup_stm32f40xx.o
    0x08009cb0   0x00000210   Code   RO         1923    .text               system_stm32f4xx.o
    0x08009ec0   0x00000110   Code   RO         1950    .text               context_rvds.o
    0x08009fd0   0x00000190   Code   RO         1954    .text               cpuport.o
    0x0800a160   0x0000004c   Code   RO         1997    .text               rand.o
    0x0800a1ac   0x000000e2   Code   RO         2011    .text               stdlib.o
    0x0800a28e   0x00000002   PAD
    0x0800a290   0x000007ac   Code   RO         2023    .text               string.o
    0x0800aa3c   0x000000e0   Code   RO         2058    .text               misc.o
    0x0800ab1c   0x000003a8   Code   RO         2223    .text               stm32f4xx_dma.o
    0x0800aec4   0x00000294   Code   RO         2295    .text               stm32f4xx_gpio.o
    0x0800b158   0x0000065c   Code   RO         2412    .text               stm32f4xx_rcc.o
    0x0800b7b4   0x00000480   Code   RO         2486    .text               stm32f4xx_spi.o
    0x0800bc34   0x00000094   Code   RO         2510    .text               stm32f4xx_syscfg.o
    0x0800bcc8   0x00000ca2   Code   RO         2534    .text               stm32f4xx_tim.o
    0x0800c96a   0x00000002   PAD
    0x0800c96c   0x00000454   Code   RO         2558    .text               stm32f4xx_usart.o
    0x0800cdc0   0x0000109c   Code   RO         2606    .text               stm32f4x7_eth.o
    0x0800de5c   0x00000c5c   Code   RO         2631    .text               api_lib.o
    0x0800eab8   0x00001834   Code   RO         2710    .text               api_msg.o
    0x080102ec   0x0000038c   Code   RO         2765    .text               netbuf.o
    0x08010678   0x000000f8   Code   RO         2793    .text               netifapi.o
    0x08010770   0x00001dbc   Code   RO         2833    .text               sockets.o
    0x0801252c   0x000003c0   Code   RO         2878    .text               tcpip.o
    0x080128ec   0x00000750   Code   RO         2934    .text               sys_arch.o
    0x0801303c   0x0000003e   Code   RO         2978    .text               def.o
    0x0801307a   0x00000020   Code   RO         3002    .text               init.o
    0x0801309a   0x00000002   PAD
    0x0801309c   0x00000300   Code   RO         3099    .text               netif.o
    0x0801339c   0x00000fb4   Code   RO         3138    .text               pbuf.o
    0x08014350   0x00000208   Code   RO         3165    .text               raw.o
    0x08014558   0x0000147c   Code   RO         3197    .text               tcp.o
    0x080159d4   0x00001cd0   Code   RO         3224    .text               tcp_in.o
    0x080176a4   0x0000122a   Code   RO         3250    .text               tcp_out.o
    0x080188ce   0x00000002   PAD
    0x080188d0   0x0000029c   Code   RO         3263    .text               timers.o
    0x08018b6c   0x000005ac   Code   RO         3289    .text               udp.o
    0x08019118   0x000003cc   Code   RO         3313    .text               icmp.o
    0x080194e4   0x000006ac   Code   RO         3325    .text               igmp.o
    0x08019b90   0x00000274   Code   RO         3352    .text               inet_chksum.o
    0x08019e04   0x00000496   Code   RO         3364    .text               ip.o
    0x0801a29a   0x00000002   PAD
    0x0801a29c   0x000002f8   Code   RO         3388    .text               ip_addr.o
    0x0801a594   0x00000e76   Code   RO         3417    .text               etharp.o
    0x0801b40a   0x00000002   PAD
    0x0801b40c   0x00000788   Code   RO         3441    .text               ethernetif.o
    0x0801bb94   0x00001850   Code   RO         3482    .text               udp_connect.o
    0x0801d3e4   0x000011b4   Code   RO         4117    .text               httpd.o
    0x0801e598   0x00000108   Code   RO         4193    .text               fs.o
    0x0801e6a0   0x00000eac   Code   RO         4221    .text               httpd_cgi_ssi.o
    0x0801f54c   0x00000002   Code   RO         4267    .text               c_w.l(use_no_semi_2.o)
    0x0801f54e   0x00000002   PAD
    0x0801f550   0x00000018   Code   RO         4273    .text               c_w.l(noretval__2printf.o)
    0x0801f568   0x00000028   Code   RO         4275    .text               c_w.l(noretval__2sprintf.o)
    0x0801f590   0x00000068   Code   RO         4277    .text               c_w.l(__printf.o)
    0x0801f5f8   0x00000078   Code   RO         4279    .text               c_w.l(_printf_dec.o)
    0x0801f670   0x00000024   Code   RO         4304    .text               c_w.l(strstr.o)
    0x0801f694   0x00000058   Code   RO         4306    .text               c_w.l(memcmp.o)
    0x0801f6ec   0x0000003e   Code   RO         4308    .text               c_w.l(strlen.o)
    0x0801f72a   0x0000008a   Code   RO         4310    .text               c_w.l(rt_memcpy_v6.o)
    0x0801f7b4   0x00000064   Code   RO         4312    .text               c_w.l(rt_memcpy_w.o)
    0x0801f818   0x00000044   Code   RO         4314    .text               c_w.l(rt_memclr.o)
    0x0801f85c   0x0000004e   Code   RO         4316    .text               c_w.l(rt_memclr_w.o)
    0x0801f8aa   0x00000006   Code   RO         4318    .text               c_w.l(heapauxi.o)
    0x0801f8b0   0x00000002   Code   RO         4362    .text               c_w.l(use_no_semi.o)
    0x0801f8b2   0x00000016   Code   RO         4365    .text               c_w.l(_rserrno.o)
    0x0801f8c8   0x000000b2   Code   RO         4367    .text               c_w.l(_printf_intcommon.o)
    0x0801f97a   0x0000041a   Code   RO         4369    .text               c_w.l(_printf_fp_dec.o)
    0x0801fd94   0x00000030   Code   RO         4371    .text               c_w.l(_printf_char_common.o)
    0x0801fdc4   0x0000000a   Code   RO         4373    .text               c_w.l(_sputc.o)
    0x0801fdce   0x00000002   PAD
    0x0801fdd0   0x00000024   Code   RO         4375    .text               c_w.l(_printf_char_file.o)
    0x0801fdf4   0x00000008   Code   RO         4465    .text               c_w.l(rt_locale_intlibspace.o)
    0x0801fdfc   0x00000008   Code   RO         4470    .text               c_w.l(rt_errno_addr_intlibspace.o)
    0x0801fe04   0x0000008a   Code   RO         4472    .text               c_w.l(lludiv10.o)
    0x0801fe8e   0x00000002   PAD
    0x0801fe90   0x00000080   Code   RO         4474    .text               c_w.l(_printf_fp_infnan.o)
    0x0801ff10   0x000000dc   Code   RO         4478    .text               c_w.l(bigflt0.o)
    0x0801ffec   0x00000008   Code   RO         4503    .text               c_w.l(ferror.o)
    0x0801fff4   0x00000008   Code   RO         4514    .text               c_w.l(libspace.o)
    0x0801fffc   0x0000004a   Code   RO         4517    .text               c_w.l(sys_stackheap_outer.o)
    0x08020046   0x0000000c   Code   RO         4519    .text               c_w.l(exit.o)
    0x08020052   0x0000003e   Code   RO         4481    CL$$btod_d2e        c_w.l(btod.o)
    0x08020090   0x00000046   Code   RO         4483    CL$$btod_d2e_denorm_low  c_w.l(btod.o)
    0x080200d6   0x00000060   Code   RO         4482    CL$$btod_d2e_norm_op1  c_w.l(btod.o)
    0x08020136   0x00000338   Code   RO         4491    CL$$btod_div_common  c_w.l(btod.o)
    0x0802046e   0x000000c6   Code   RO         4488    CL$$btod_e2e        c_w.l(btod.o)
    0x08020534   0x00000028   Code   RO         4485    CL$$btod_ediv       c_w.l(btod.o)
    0x0802055c   0x00000028   Code   RO         4484    CL$$btod_emul       c_w.l(btod.o)
    0x08020584   0x00000244   Code   RO         4490    CL$$btod_mult_common  c_w.l(btod.o)
    0x080207c8   0x00000030   Code   RO         4415    i.__ARM_fpclassify  m_wm.l(fpclassify.o)
    0x080207f8   0x00000026   Code   RO         4417    i.__ARM_fpclassifyf  m_wm.l(fpclassifyf.o)
    0x0802081e   0x00000002   PAD
    0x08020820   0x00000360   Code   RO         4336    i.__hardfp_asin     m_wm.l(asin.o)
    0x08020b80   0x00000250   Code   RO         4350    i.__hardfp_atan2f   m_wm.l(atan2f.o)
    0x08020dd0   0x000000f8   Code   RO         4433    i.__kernel_poly     m_wm.l(poly.o)
    0x08020ec8   0x00000014   Code   RO         4396    i.__mathlib_dbl_infnan  m_wm.l(dunder.o)
    0x08020edc   0x00000004   PAD
    0x08020ee0   0x00000020   Code   RO         4398    i.__mathlib_dbl_invalid  m_wm.l(dunder.o)
    0x08020f00   0x00000020   Code   RO         4401    i.__mathlib_dbl_underflow  m_wm.l(dunder.o)
    0x08020f20   0x00000006   Code   RO         4421    i.__mathlib_flt_infnan2  m_wm.l(funder.o)
    0x08020f26   0x00000002   PAD
    0x08020f28   0x00000010   Code   RO         4425    i.__mathlib_flt_underflow  m_wm.l(funder.o)
    0x08020f38   0x00000018   Code   RO         4411    i.fabs              m_wm.l(fabs.o)
    0x08020f50   0x0000006e   Code   RO         4437    i.sqrt              m_wm.l(sqrt.o)
    0x08020fbe   0x00000002   PAD
    0x08020fc0   0x0000002c   Code   RO         4508    locale$$code        c_w.l(lc_numeric_c.o)
    0x08020fec   0x00000018   Code   RO         4378    x$fpl$basic         fz_wm.l(basic.o)
    0x08021004   0x00000150   Code   RO         4380    x$fpl$dadd          fz_wm.l(daddsub_clz.o)
    0x08021154   0x00000018   Code   RO         4386    x$fpl$dcmpinf       fz_wm.l(dcmpi.o)
    0x0802116c   0x000002b0   Code   RO         4323    x$fpl$ddiv          fz_wm.l(ddiv.o)
    0x0802141c   0x00000078   Code   RO         4326    x$fpl$dleqf         fz_wm.l(dleqf.o)
    0x08021494   0x00000154   Code   RO         4328    x$fpl$dmul          fz_wm.l(dmul.o)
    0x080215e8   0x0000009c   Code   RO         4388    x$fpl$dnaninf       fz_wm.l(dnaninf.o)
    0x08021684   0x0000000c   Code   RO         4390    x$fpl$dretinf       fz_wm.l(dretinf.o)
    0x08021690   0x0000006c   Code   RO         4330    x$fpl$drleqf        fz_wm.l(drleqf.o)
    0x080216fc   0x00000016   Code   RO         4381    x$fpl$drsb          fz_wm.l(daddsub_clz.o)
    0x08021712   0x00000002   PAD
    0x08021714   0x00000198   Code   RO         4510    x$fpl$dsqrt         fz_wm.l(dsqrt_umaal.o)
    0x080218ac   0x000001d4   Code   RO         4382    x$fpl$dsub          fz_wm.l(daddsub_clz.o)
    0x08021a80   0x00000056   Code   RO         4332    x$fpl$f2d           fz_wm.l(f2d.o)
    0x08021ad6   0x0000008c   Code   RO         4392    x$fpl$fnaninf       fz_wm.l(fnaninf.o)
    0x08021b62   0x0000000a   Code   RO         4576    x$fpl$fpinit        fz_wm.l(fpinit.o)
    0x08021b6c   0x00000004   Code   RO         4334    x$fpl$printf1       fz_wm.l(printf1.o)
    0x08021b70   0x00000000   Code   RO         4394    x$fpl$usenofp       fz_wm.l(usenofp.o)
    0x08021b70   0x00000030   Data   RO          966    .constdata          spansion.o
    0x08021ba0   0x00000036   Data   RO         1234    .constdata          stm32f4_spi.o
    0x08021bd6   0x000000b8   Data   RO         1348    .constdata          serial.o
    0x08021c8e   0x000000ac   Data   RO         1370    .constdata          spi_bus.o
    0x08021d3a   0x00000002   PAD
    0x08021d3c   0x00000050   Data   RO         1386    .constdata          cmd.o
    0x08021d8c   0x0000000e   Data   RO         1617    .constdata          msh.o
    0x08021d9a   0x00000060   Data   RO         1663    .constdata          shell.o
    0x08021dfa   0x000000a8   Data   RO         1707    .constdata          device.o
    0x08021ea2   0x00000016   Data   RO         1722    .constdata          idle.o
    0x08021eb8   0x000001d7   Data   RO         1740    .constdata          ipc.o
    0x0802208f   0x00000122   Data   RO         1772    .constdata          kservice.o
    0x080221b1   0x00000046   Data   RO         1792    .constdata          mem.o
    0x080221f7   0x0000003e   Data   RO         1817    .constdata          mempool.o
    0x08022235   0x0000005e   Data   RO         1833    .constdata          object.o
    0x08022293   0x00000034   Data   RO         1853    .constdata          scheduler.o
    0x080222c7   0x000000aa   Data   RO         1879    .constdata          thread.o
    0x08022371   0x0000005c   Data   RO         1896    .constdata          timer_1.o
    0x080223cd   0x00000013   Data   RO         1955    .constdata          cpuport.o
    0x080223e0   0x00000040   Data   RO         2835    .constdata          sockets.o
    0x08022420   0x000000b3   Data   RO         2935    .constdata          sys_arch.o
    0x080224d3   0x00000001   PAD
    0x080224d4   0x0000001c   Data   RO         3066    .constdata          memp.o
    0x080224f0   0x00000050   Data   RO         3198    .constdata          tcp.o
    0x08022540   0x00000008   Data   RO         3390    .constdata          ip_addr.o
    0x08022548   0x0000000c   Data   RO         3419    .constdata          etharp.o
    0x08022554   0x00000041   Data   RO         3443    .constdata          ethernetif.o
    0x08022595   0x00000003   PAD
    0x08022598   0x000008b0   Data   RO         3484    .constdata          udp_connect.o
    0x08022e48   0x00000030   Data   RO         4119    .constdata          httpd.o
    0x08022e78   0x00003c8c   Data   RO         4195    .constdata          fs.o
    0x08026b04   0x000000c8   Data   RO         4222    .constdata          httpd_cgi_ssi.o
    0x08026bcc   0x00000004   PAD
    0x08026bd0   0x00000050   Data   RO         4339    .constdata          m_wm.l(asin.o)
    0x08026c20   0x00000094   Data   RO         4479    .constdata          c_w.l(bigflt0.o)
    0x08026cb4   0x00000089   Data   RO            5    .conststring        startup.o
    0x08026d3d   0x00000003   PAD
    0x08026d40   0x0000002b   Data   RO          967    .conststring        spansion.o
    0x08026d6b   0x00000001   PAD
    0x08026d6c   0x000001ad   Data   RO         1387    .conststring        cmd.o
    0x08026f19   0x00000003   PAD
    0x08026f1c   0x000000ed   Data   RO         1793    .conststring        mem.o
    0x08027009   0x00000003   PAD
    0x0802700c   0x00000075   Data   RO         3199    .conststring        tcp.o
    0x08027081   0x00000003   PAD
    0x08027084   0x00000055   Data   RO         3251    .conststring        tcp_out.o
    0x080270d9   0x00000003   PAD
    0x080270dc   0x00000044   Data   RO         3420    .conststring        etharp.o
    0x08027120   0x00000072   Data   RO         4120    .conststring        httpd.o
    0x08027192   0x00000002   PAD
    0x08027194   0x0000009e   Data   RO         4223    .conststring        httpd_cgi_ssi.o
    0x08027232   0x000003f5   Data   RO         1388    .rodata.name        cmd.o
    0x08027627   0x00000021   Data   RO         1618    .rodata.name        msh.o
    0x08027648   0x00000027   Data   RO         1795    .rodata.name        mem.o
    0x0802766f   0x00000001   PAD
    0x08027670   0x00000144   Data   RO         1389    FSymTab             cmd.o
    0x080277b4   0x0000000c   Data   RO         1619    FSymTab             msh.o
    0x080277c0   0x0000000c   Data   RO         1796    FSymTab             mem.o
    0x080277cc   0x00000020   Data   RO         4646    Region$$Table       anon$$obj.o
    0x080277ec   0x0000001c   Data   RO         4507    locale$$data        c_w.l(lc_numeric_c.o)


    Execution Region RW_IRAM1 (Base: 0x20000000, Size: 0x0000e610, Max: 0x00020000, ABSOLUTE, COMPRESSED[0x00000124])

    Base Addr    Size         Type   Attr      Idx    E Section Name        Object

    0x20000000   0x00000018   Data   RW          873    .data               interface.o
    0x20000018   0x00000018   Data   RW          923    .data               fpga_upgrade.o
    0x20000030   0x00000010   Data   RW         1083    .data               uart_protocol.o
    0x20000040   0x00000009   Data   RW         1235    .data               stm32f4_spi.o
    0x20000049   0x00000003   PAD
    0x2000004c   0x0000001c   Data   RW         1262    .data               stm32f4_uart.o
    0x20000068   0x00000001   Data   RW         1293    .data               timer.o
    0x20000069   0x00000003   PAD
    0x2000006c   0x00000004   Data   RW         1664    .data               shell.o
    0x20000070   0x00000010   Data   RW         1679    .data               symbol.o
    0x20000080   0x00000004   Data   RW         1693    .data               clock.o
    0x20000084   0x00000001   Data   RW         1756    .data               irq.o
    0x20000085   0x00000003   PAD
    0x20000088   0x0000000c   Data   RW         1773    .data               kservice.o
    0x20000094   0x00000018   Data   RW         1794    .data               mem.o
    0x200000ac   0x00000090   Data   RW         1834    .data               object.o
    0x2000013c   0x00000018   Data   RW         1854    .data               scheduler.o
    0x20000154   0x0000000c   Data   RW         1897    .data               timer_1.o
    0x20000160   0x00000014   Data   RW         1924    .data               system_stm32f4xx.o
    0x20000174   0x00000010   Data   RW         1956    .data               cpuport.o
    0x20000184   0x00000004   Data   RW         1998    .data               rand.o
    0x20000188   0x00000104   Data   RW         2024    .data               string.o
    0x2000028c   0x00000010   Data   RW         2413    .data               stm32f4xx_rcc.o
    0x2000029c   0x00000010   Data   RW         2608    .data               stm32f4x7_eth.o
    0x200002ac   0x00000008   Data   RW         2836    .data               sockets.o
    0x200002b4   0x0000000c   Data   RW         2879    .data               tcpip.o
    0x200002c0   0x0000000a   Data   RW         2936    .data               sys_arch.o
    0x200002ca   0x00000002   PAD
    0x200002cc   0x00000009   Data   RW         3100    .data               netif.o
    0x200002d5   0x00000001   Data   RW         3139    .data               pbuf.o
    0x200002d6   0x00000002   PAD
    0x200002d8   0x00000004   Data   RW         3166    .data               raw.o
    0x200002dc   0x00000024   Data   RW         3200    .data               tcp.o
    0x20000300   0x00000020   Data   RW         3226    .data               tcp_in.o
    0x20000320   0x00000008   Data   RW         3264    .data               timers.o
    0x20000328   0x00000008   Data   RW         3290    .data               udp.o
    0x20000330   0x0000000c   Data   RW         3326    .data               igmp.o
    0x2000033c   0x00000012   Data   RW         3365    .data               ip.o
    0x2000034e   0x00000001   Data   RW         3421    .data               etharp.o
    0x2000034f   0x00000016   Data   RW         3485    .data               udp_connect.o
    0x20000365   0x00000003   PAD
    0x20000368   0x00000024   Data   RW         4121    .data               httpd.o
    0x2000038c   0x00000048   Data   RW         4224    .data               httpd_cgi_ssi.o
    0x200003d4   0x00000e70   Zero   RW          166    .bss                application.o
    0x20001244   0x00000064   Zero   RW          872    .bss                interface.o
    0x200012a8   0x00000411   Zero   RW          902    .bss                queue.o
    0x200016b9   0x00000003   PAD
    0x200016bc   0x00000064   Zero   RW          922    .bss                fpga_upgrade.o
    0x20001720   0x00000410   Zero   RW          996    .bss                upgrade.o
    0x20001b30   0x00000515   Zero   RW         1024    .bss                ymodem.o
    0x20002045   0x00000003   PAD
    0x20002048   0x00000078   Zero   RW         1053    .bss                antenna_sw.o
    0x200020c0   0x00000148   Zero   RW         1082    .bss                uart_protocol.o
    0x20002208   0x000000e0   Zero   RW         1144    .bss                stm32f4_eth.o
    0x200022e8   0x000000e4   Zero   RW         1233    .bss                stm32f4_spi.o
    0x200023cc   0x000004c0   Zero   RW         1261    .bss                stm32f4_uart.o
    0x2000288c   0x00000004   PAD
    0x20002890   0x00000931   Zero   RW         1662    .bss                shell.o
    0x200031c1   0x00000007   PAD
    0x200031c8   0x000001b0   Zero   RW         1721    .bss                idle.o
    0x20003378   0x00000080   Zero   RW         1771    .bss                kservice.o
    0x200033f8   0x00000038   Zero   RW         1791    .bss                mem.o
    0x20003430   0x00000100   Zero   RW         1852    .bss                scheduler.o
    0x20003530   0x0000799c   Zero   RW         2607    .bss                stm32f4x7_eth.o
    0x2000aecc   0x00000060   Zero   RW         2834    .bss                sockets.o
    0x2000af2c   0x00000010   Zero   RW         3225    .bss                tcp_in.o
    0x2000af3c   0x00000010   Zero   RW         3389    .bss                ip_addr.o
    0x2000af4c   0x000000c8   Zero   RW         3418    .bss                etharp.o
    0x2000b014   0x00001354   Zero   RW         3442    .bss                ethernetif.o
    0x2000c368   0x00001758   Zero   RW         3483    .bss                udp_connect.o
    0x2000dac0   0x00000400   Zero   RW         4118    .bss                httpd.o
    0x2000dec0   0x000000f0   Zero   RW         4194    .bss                fs.o
    0x2000dfb0   0x00000060   Zero   RW         4515    .bss                c_w.l(libspace.o)
    0x2000e010   0x00000200   Zero   RW         1914    HEAP                startup_stm32f40xx.o
    0x2000e210   0x00000400   Zero   RW         1913    STACK               startup_stm32f40xx.o


==============================================================================

Image component sizes


      Code (inc. data)   RO Data    RW Data    ZI Data      Debug   Object Name

       468         34          0          0        120       1083   antenna_sw.o
      3164        812          0          0          0      27373   api_lib.o
      6196       1194          0          0          0      20494   api_msg.o
       704        356          0          0       3696      51259   application.o
       420         20          0          0          0      27909   board.o
        96          4          0          4          0       1628   clock.o
      2960       1292       1846          0          0      18238   cmd.o
       348          4          0          0          0       1605   common.o
       272         24          0          0          0        788   context_rvds.o
       400        188         19         16          0       3679   cpuport.o
        62          0          0          0          0       1226   def.o
       828        132        168          0          0       4733   device.o
      3702        580         80          1        200      10211   etharp.o
      1928        568         65          0       4948       6821   ethernetif.o
       352         78          0         24        100       3248   fpga_upgrade.o
       264          8      15500          0        240       4534   fs.o
      4532        708        162         36       1024      22758   httpd.o
      3756        274        358         72          0       9329   httpd_cgi_ssi.o
       972        322          0          0          0       2367   icmp.o
       288         68         22          0        432       2704   idle.o
      1708        358          0         12          0       6742   igmp.o
       628         54          0          0          0       2961   inet_chksum.o
        32          0          0          0          0      15008   init.o
       548         80          0         24        100       5759   interface.o
      1174        120          0         18          0       7028   ip.o
       760         58          8          0         16       9619   ip_addr.o
      5376        356        471          0          0      18923   ipc.o
        72          6          0          1          0       1474   irq.o
      2636        230        290         12        128      11692   kservice.o
      1100        312          0          0          0       4360   mcu_api.o
      2100        548        358         24         56       5021   mem.o
         0          0         28          0          0       1113   memp.o
       968        102         62          0          0       4467   mempool.o
       224         20          0          0          0       2009   misc.o
       788        100         59          0          0       4928   msh.o
       908        292          0          0          0       7781   netbuf.o
       768         72          0          9          0      15490   netif.o
       248          0          0          0          0       6764   netifapi.o
       620        130         94        144          0       4593   object.o
      4020       1128          0          1          0       9915   pbuf.o
       224         40          0          0       1041       2597   queue.o
        76          6          0          4          0       1136   rand.o
       520         84          0          4          0       3361   raw.o
       528         58         52         24        256       4208   scheduler.o
      1948        364        184          0          0       5225   serial.o
      2364        250         96          4       2353       5045   shell.o
      7612        646         64          8         96      35561   sockets.o
      1188        422         91          0          0       4646   spansion.o
      1340        112        172          0          0       5403   spi_bus.o
       460         90          0          0          0       3132   spi_flash.o
       404        262        137          0          0     329611   startup.o
        64         26        392          0       1536        840   startup_stm32f40xx.o
       226          0          0          0          0       1847   stdlib.o
      1504        234          0          0        224       8650   stm32f4_eth.o
        18          0          0          0          0        945   stm32f4_it.o
      1320        182         54          9        228       4325   stm32f4_spi.o
       464         48          0         28       1216       4753   stm32f4_uart.o
      4252         94          0         16      31132      21197   stm32f4x7_eth.o
       936         32          0          0          0       6481   stm32f4xx_dma.o
       660         44          0          0          0       4285   stm32f4xx_gpio.o
      1628         52          0         16          0      13180   stm32f4xx_rcc.o
      1152         36          0          0          0       7033   stm32f4xx_spi.o
       148         12          0          0          0       1925   stm32f4xx_syscfg.o
      3234         60          0          0          0      22488   stm32f4xx_tim.o
      1108         34          0          0          0       7984   stm32f4xx_usart.o
      1964         12          0        260          0      10224   string.o
         0          0          0         16          0       4345   symbol.o
      1872        354        179         10          0      16021   sys_arch.o
       528         46          0         20          0       1903   system_stm32f4xx.o
      5244       1082        197         36          0      21944   tcp.o
      7376       1016          0         32         16      16043   tcp_in.o
      4650        816         85          0          0       9719   tcp_out.o
       960        140          0         12          0      18162   tcpip.o
      1440        206        170          0          0       7421   thread.o
       140         10          0          1          0       1059   timer.o
      1084         90         92         12          0       6265   timer_1.o
       668        128          0          8          0       3231   timers.o
      2348        320          0         16        328       5457   uart_protocol.o
      1452        152          0          8          0       7098   udp.o
      6224       1046       2224         22       5976      36623   udp_connect.o
       116         60          0          0       1040       1343   upgrade.o
      1836        112          0          0       1301       6847   ymodem.o

    ----------------------------------------------------------------------
    127684      19410      23840        980      57820    1047197   Object Totals
         0          0         32          0          0          0   (incl. Generated)
        14          0         29         16         17          0   (incl. Padding)

    ----------------------------------------------------------------------

      Code (inc. data)   RO Data    RW Data    ZI Data      Debug   Library Member Name

        90          0          0          0          0          0   __dczerorl2.o
         8          0          0          0          0         68   __main.o
       104          0          0          0          0         84   __printf.o
         0          0          0          0          0          0   __rtentry.o
        12          0          0          0          0          0   __rtentry2.o
         6          0          0          0          0          0   __rtentry4.o
        52          8          0          0          0          0   __scatter.o
        28          0          0          0          0          0   __scatter_zi.o
        48          6          0          0          0         96   _printf_char_common.o
        36          4          0          0          0         80   _printf_char_file.o
         6          0          0          0          0          0   _printf_d.o
       120         16          0          0          0         92   _printf_dec.o
         6          0          0          0          0          0   _printf_f.o
      1050          0          0          0          0        216   _printf_fp_dec.o
       128         16          0          0          0         84   _printf_fp_infnan.o
       178          0          0          0          0         88   _printf_intcommon.o
         0          0          0          0          0          0   _printf_percent.o
         4          0          0          0          0          0   _printf_percent_end.o
        22          0          0          0          0        100   _rserrno.o
        10          0          0          0          0         68   _sputc.o
       220          4        148          0          0         96   bigflt0.o
      1910        128          0          0          0        672   btod.o
        12          0          0          0          0         72   exit.o
         8          0          0          0          0         68   ferror.o
         6          0          0          0          0        152   heapauxi.o
        44         10         28          0          0         76   lc_numeric_c.o
         2          0          0          0          0          0   libinit.o
        22          0          0          0          0          0   libinit2.o
         2          0          0          0          0          0   libshutdown.o
         2          0          0          0          0          0   libshutdown2.o
         8          4          0          0         96         68   libspace.o
       138          0          0          0          0         80   lludiv10.o
        88          0          0          0          0         76   memcmp.o
        24          4          0          0          0         84   noretval__2printf.o
        40          6          0          0          0         84   noretval__2sprintf.o
         8          4          0          0          0         68   rt_errno_addr_intlibspace.o
         8          4          0          0          0         68   rt_locale_intlibspace.o
        68          0          0          0          0         68   rt_memclr.o
        78          0          0          0          0         80   rt_memclr_w.o
       138          0          0          0          0         68   rt_memcpy_v6.o
       100          0          0          0          0         80   rt_memcpy_w.o
         2          0          0          0          0          0   rtexit.o
        10          0          0          0          0          0   rtexit2.o
        62          0          0          0          0         76   strlen.o
        36          0          0          0          0         80   strstr.o
        74          0          0          0          0         80   sys_stackheap_outer.o
         2          0          0          0          0         68   use_no_semi.o
         2          0          0          0          0         68   use_no_semi_2.o
        24          0          0          0          0        164   basic.o
       826         16          0          0          0        492   daddsub_clz.o
        24          0          0          0          0        116   dcmpi.o
       688        140          0          0          0        256   ddiv.o
       120          4          0          0          0        140   dleqf.o
       340         12          0          0          0        152   dmul.o
       156          4          0          0          0        140   dnaninf.o
        12          0          0          0          0        116   dretinf.o
       108          0          0          0          0        128   drleqf.o
       408         56          0          0          0        168   dsqrt_umaal.o
        86          4          0          0          0        132   f2d.o
       140          4          0          0          0        132   fnaninf.o
        10          0          0          0          0        116   fpinit.o
         4          0          0          0          0        116   printf1.o
         0          0          0          0          0          0   usenofp.o
       864         94         80          0          0        280   asin.o
       592         90          0          0          0        184   atan2f.o
        84         16          0          0          0        372   dunder.o
        24          0          0          0          0        124   fabs.o
        48          0          0          0          0        124   fpclassify.o
        38          0          0          0          0        116   fpclassifyf.o
        22          6          0          0          0        232   funder.o
       248          0          0          0          0        152   poly.o
       110          0          0          0          0        148   sqrt.o

    ----------------------------------------------------------------------
     10020        660        256          0         96       7408   Library Totals
        22          0          0          0          0          0   (incl. Padding)

    ----------------------------------------------------------------------

      Code (inc. data)   RO Data    RW Data    ZI Data      Debug   Library Name

      5022        214        176          0         96       3308   c_w.l
      2946        240          0          0          0       2368   fz_wm.l
      2030        206         80          0          0       1732   m_wm.l

    ----------------------------------------------------------------------
     10020        660        256          0         96       7408   Library Totals

    ----------------------------------------------------------------------

==============================================================================


      Code (inc. data)   RO Data    RW Data    ZI Data      Debug   

    137704      20070      24096        980      57916    1034433   Grand Totals
    137704      20070      24096        292      57916    1034433   ELF Image Totals (compressed)
    137704      20070      24096        292          0          0   ROM Totals

==============================================================================

    Total RO  Size (Code + RO Data)               161800 ( 158.01kB)
    Total RW  Size (RW Data + ZI Data)             58896 (  57.52kB)
    Total ROM Size (Code + RO Data + RW Data)     162092 ( 158.29kB)

==============================================================================

