Component: ARM Compiler 5.05 update 2 (build 169) Tool: armlink [4d0f33]

==============================================================================

Section Cross References

    startup.o(.text) refers to kservice.o(.text) for rt_kprintf
    startup.o(.text) refers to board.o(.text) for rt_hw_board_init
    startup.o(.text) refers to clock.o(.text) for rt_system_tick_init
    startup.o(.text) refers to object.o(.text) for rt_system_object_init
    startup.o(.text) refers to timer.o(.text) for rt_system_timer_init
    startup.o(.text) refers to mem.o(.text) for rt_system_heap_init
    startup.o(.text) refers to scheduler.o(.text) for rt_system_scheduler_init
    startup.o(.text) refers to application.o(.text) for rt_application_init
    startup.o(.text) refers to shell.o(.text) for finsh_system_init
    startup.o(.text) refers to idle.o(.text) for rt_thread_idle_init
    startup.o(.text) refers to context_rvds.o(.text) for rt_hw_interrupt_disable
    startup.o(.text) refers to startup.o(.conststring) for .conststring
    application.o(.text) refers to board.o(.text) for Switch_reset
    application.o(.text) refers to stm32f4_eth.o(.text) for rt_hw_stm32_eth_init
    application.o(.text) refers to ethernetif.o(.text) for eth_system_device_init
    application.o(.text) refers to sys_arch.o(.text) for lwip_system_init
    application.o(.text) refers to udp_connect.o(.text) for udp_connect_init
    application.o(.text) refers to httpd.o(.text) for httpd_init
    application.o(.text) refers to kservice.o(.text) for rt_kprintf
    application.o(.text) refers to thread.o(.text) for rt_thread_delay
    application.o(.text) refers to stm32f4_spi.o(.text) for rt_hw_spi_init
    application.o(.text) refers to interface.o(.text) for if_bus_init
    application.o(.text) refers to fpga_upgrade.o(.text) for fpag_flash_init
    application.o(.text) refers to uart_protocol.o(.text) for uart_ctl_init
    application.o(.text) refers to application.o(.bss) for uart_ctl_thread_stack
    application.o(.text) refers to upgrade.o(.text) for uart_upgrade_thread_task
    interface.o(.text) refers to stm32f4xx_rcc.o(.text) for RCC_AHB1PeriphClockCmd
    interface.o(.text) refers to stm32f4xx_gpio.o(.text) for GPIO_SetBits
    interface.o(.text) refers to spi_bus.o(.text) for rt_spi_bus_attach_device
    interface.o(.text) refers to kservice.o(.text) for rt_kprintf
    interface.o(.text) refers to mcu_api.o(.text) for mcu_set_freq
    interface.o(.text) refers to thread.o(.text) for rt_thread_delay
    interface.o(.text) refers to interface.o(.data) for spi_cs
    interface.o(.text) refers to interface.o(.bss) for spi_device
    queue.o(.text) refers to kservice.o(.text) for rt_kprintf
    queue.o(.text) refers to queue.o(.bss) for value
    uart_protocol.o(.text) refers to scheduler.o(.text) for rt_enter_critical
    uart_protocol.o(.text) refers to queue.o(.text) for IsQueueFull
    uart_protocol.o(.text) refers to ipc.o(.text) for rt_sem_release
    uart_protocol.o(.text) refers to kservice.o(.text) for rt_kprintf
    uart_protocol.o(.text) refers to device.o(.text) for rt_device_write
    uart_protocol.o(.text) refers to interface.o(.text) for if_set_freq
    uart_protocol.o(.text) refers to uart_protocol.o(.bss) for uart_queue
    uart_protocol.o(.text) refers to uart_protocol.o(.data) for uart2_dev
    uart_protocol.o(.text) refers to rt_memcpy_w.o(.text) for __aeabi_memcpy4
    uart_protocol.o(.text) refers to thread.o(.text) for rt_thread_delay
    uart_protocol.o(.text) refers to stm32f4xx_gpio.o(.text) for GPIO_ResetBits
    uart_protocol.o(.text) refers to fpga_upgrade.o(.text) for if_fpga_erase
    fpga_upgrade.o(.text) refers to stm32f4xx_rcc.o(.text) for RCC_AHB1PeriphClockCmd
    fpga_upgrade.o(.text) refers to stm32f4xx_gpio.o(.text) for GPIO_SetBits
    fpga_upgrade.o(.text) refers to spi_bus.o(.text) for rt_spi_bus_attach_device
    fpga_upgrade.o(.text) refers to kservice.o(.text) for rt_kprintf
    fpga_upgrade.o(.text) refers to spi_flash.o(.text) for spi_flash_probe
    fpga_upgrade.o(.text) refers to fpga_upgrade.o(.data) for spi_cs
    fpga_upgrade.o(.text) refers to fpga_upgrade.o(.bss) for spi_device
    mcu_api.o(.text) refers to spi_flash.o(.text) for spi_flash_cmd
    mcu_api.o(.text) refers to kservice.o(.text) for rt_kprintf
    mcu_api.o(.text) refers to spi_bus.o(.text) for rt_spi_transfer
    spansion.o(.text) refers to spi_flash.o(.text) for spi_flash_cmd
    spansion.o(.text) refers to thread.o(.text) for rt_thread_delay
    spansion.o(.text) refers to kservice.o(.text) for rt_kprintf
    spansion.o(.text) refers to stdlib.o(.text) for malloc
    spansion.o(.text) refers to spansion.o(.constdata) for spansion_spi_flash_table
    spansion.o(.constdata) refers to spansion.o(.conststring) for .conststring
    spi_flash.o(.text) refers to spi_bus.o(.text) for rt_spi_send_then_recv
    spi_flash.o(.text) refers to device.o(.text) for rt_device_find
[...]
    USART_Cmd                                0x0800baff   Thumb Code    24  stm32f4xx_usart.o(.text)
    USART_SetPrescaler                       0x0800bb17   Thumb Code    16  stm32f4xx_usart.o(.text)
    USART_OverSampling8Cmd                   0x0800bb27   Thumb Code    22  stm32f4xx_usart.o(.text)
    USART_OneBitMethodCmd                    0x0800bb3d   Thumb Code    24  stm32f4xx_usart.o(.text)
    USART_SendData                           0x0800bb55   Thumb Code     8  stm32f4xx_usart.o(.text)
    USART_ReceiveData                        0x0800bb5d   Thumb Code    10  stm32f4xx_usart.o(.text)
    USART_SetAddress                         0x0800bb67   Thumb Code    18  stm32f4xx_usart.o(.text)
    USART_ReceiverWakeUpCmd                  0x0800bb79   Thumb Code    24  stm32f4xx_usart.o(.text)
    USART_WakeUpConfig                       0x0800bb91   Thumb Code    18  stm32f4xx_usart.o(.text)
    USART_LINBreakDetectLengthConfig         0x0800bba3   Thumb Code    18  stm32f4xx_usart.o(.text)
    USART_LINCmd                             0x0800bbb5   Thumb Code    24  stm32f4xx_usart.o(.text)
    USART_SendBreak                          0x0800bbcd   Thumb Code    10  stm32f4xx_usart.o(.text)
    USART_HalfDuplexCmd                      0x0800bbd7   Thumb Code    24  stm32f4xx_usart.o(.text)
    USART_SetGuardTime                       0x0800bbef   Thumb Code    16  stm32f4xx_usart.o(.text)
    USART_SmartCardCmd                       0x0800bbff   Thumb Code    24  stm32f4xx_usart.o(.text)
    USART_SmartCardNACKCmd                   0x0800bc17   Thumb Code    24  stm32f4xx_usart.o(.text)
    USART_IrDAConfig                         0x0800bc2f   Thumb Code    18  stm32f4xx_usart.o(.text)
    USART_IrDACmd                            0x0800bc41   Thumb Code    24  stm32f4xx_usart.o(.text)
    USART_DMACmd                             0x0800bc59   Thumb Code    18  stm32f4xx_usart.o(.text)
    USART_ITConfig                           0x0800bc6b   Thumb Code    74  stm32f4xx_usart.o(.text)
    USART_GetFlagStatus                      0x0800bcb5   Thumb Code    26  stm32f4xx_usart.o(.text)
    USART_ClearFlag                          0x0800bccf   Thumb Code    18  stm32f4xx_usart.o(.text)
    USART_GetITStatus                        0x0800bce1   Thumb Code   118  stm32f4xx_usart.o(.text)
    USART_ClearITPendingBit                  0x0800bd57   Thumb Code    30  stm32f4xx_usart.o(.text)
    ETH_DeInit                               0x0800bd91   Thumb Code    22  stm32f4x7_eth.o(.text)
    ETH_StructInit                           0x0800bda7   Thumb Code   178  stm32f4x7_eth.o(.text)
    ETH_WritePHYRegister                     0x0800be59   Thumb Code    96  stm32f4x7_eth.o(.text)
    ETH_ReadPHYRegister                      0x0800beb9   Thumb Code    98  stm32f4x7_eth.o(.text)
    ETH_Init                                 0x0800bf1b   Thumb Code   762  stm32f4x7_eth.o(.text)
    ETH_DMAReceptionCmd                      0x0800c215   Thumb Code    30  stm32f4x7_eth.o(.text)
    ETH_DMATransmissionCmd                   0x0800c233   Thumb Code    76  stm32f4x7_eth.o(.text)
    ETH_FlushTransmitFIFO                    0x0800c27f   Thumb Code    40  stm32f4x7_eth.o(.text)
    ETH_MACReceptionCmd                      0x0800c2a7   Thumb Code    58  stm32f4x7_eth.o(.text)
    ETH_MACTransmissionCmd                   0x0800c2e1   Thumb Code    58  stm32f4x7_eth.o(.text)
    ETH_Start                                0x0800c31b   Thumb Code    32  stm32f4x7_eth.o(.text)
    ETH_Stop                                 0x0800c33b   Thumb Code    32  stm32f4x7_eth.o(.text)
    ETH_GetFlowControlBusyStatus             0x0800c35b   Thumb Code    20  stm32f4x7_eth.o(.text)
    ETH_InitiatePauseControlFrame            0x0800c36f   Thumb Code    40  stm32f4x7_eth.o(.text)
    ETH_BackPressureActivationCmd            0x0800c397   Thumb Code    58  stm32f4x7_eth.o(.text)
    ETH_GetMACFlagStatus                     0x0800c3d1   Thumb Code    20  stm32f4x7_eth.o(.text)
    ETH_GetMACITStatus                       0x0800c3e5   Thumb Code    20  stm32f4x7_eth.o(.text)
    ETH_MACITConfig                          0x0800c3f9   Thumb Code    26  stm32f4x7_eth.o(.text)
    ETH_MACAddressConfig                     0x0800c413   Thumb Code    46  stm32f4x7_eth.o(.text)
    ETH_GetMACAddress                        0x0800c441   Thumb Code    36  stm32f4x7_eth.o(.text)
    ETH_MACAddressPerfectFilterCmd           0x0800c465   Thumb Code    72  stm32f4x7_eth.o(.text)
    ETH_MACAddressFilterConfig               0x0800c4ad   Thumb Code    74  stm32f4x7_eth.o(.text)
    ETH_MACAddressMaskBytesFilterConfig      0x0800c4f7   Thumb Code    90  stm32f4x7_eth.o(.text)
    ETH_Get_Received_Frame                   0x0800c551   Thumb Code    64  stm32f4x7_eth.o(.text)
    ETH_Get_Received_Frame_interrupt         0x0800c591   Thumb Code   288  stm32f4x7_eth.o(.text)
    ETH_Prepare_Transmit_Descriptors         0x0800c6b1   Thumb Code   194  stm32f4x7_eth.o(.text)
    ETH_DMARxDescChainInit                   0x0800c773   Thumb Code    82  stm32f4x7_eth.o(.text)
    ETH_CheckFrameReceived                   0x0800c7c5   Thumb Code   210  stm32f4x7_eth.o(.text)
    ETH_DMATxDescChainInit                   0x0800c897   Thumb Code    70  stm32f4x7_eth.o(.text)
    ETH_GetDMATxDescFlagStatus               0x0800c8dd   Thumb Code    18  stm32f4x7_eth.o(.text)
    ETH_GetDMATxDescCollisionCount           0x0800c8ef   Thumb Code    10  stm32f4x7_eth.o(.text)
    ETH_SetDMATxDescOwnBit                   0x0800c8f9   Thumb Code    10  stm32f4x7_eth.o(.text)
    ETH_DMATxDescTransmitITConfig            0x0800c903   Thumb Code    22  stm32f4x7_eth.o(.text)
    ETH_DMATxDescFrameSegmentConfig          0x0800c919   Thumb Code     8  stm32f4x7_eth.o(.text)
    ETH_DMATxDescChecksumInsertionConfig     0x0800c921   Thumb Code     8  stm32f4x7_eth.o(.text)
    ETH_DMATxDescCRCCmd                      0x0800c929   Thumb Code    22  stm32f4x7_eth.o(.text)
    ETH_DMATxDescSecondAddressChainedCmd     0x0800c93f   Thumb Code    22  stm32f4x7_eth.o(.text)
    ETH_DMATxDescShortFramePaddingCmd        0x0800c955   Thumb Code    22  stm32f4x7_eth.o(.text)
    ETH_DMATxDescBufferSizeConfig            0x0800c96b   Thumb Code    14  stm32f4x7_eth.o(.text)
    ETH_GetDMARxDescFlagStatus               0x0800c979   Thumb Code    18  stm32f4x7_eth.o(.text)
    ETH_GetDMAPTPRxDescExtendedFlagStatus    0x0800c98b   Thumb Code    18  stm32f4x7_eth.o(.text)
    ETH_SetDMARxDescOwnBit                   0x0800c99d   Thumb Code    10  stm32f4x7_eth.o(.text)
    ETH_GetDMARxDescFrameLength              0x0800c9a7   Thumb Code    10  stm32f4x7_eth.o(.text)
    ETH_DMARxDescReceiveITConfig             0x0800c9b1   Thumb Code    22  stm32f4x7_eth.o(.text)
    ETH_GetDMARxDescBufferSize               0x0800c9c7   Thumb Code    20  stm32f4x7_eth.o(.text)
    ETH_GetRxPktSize                         0x0800c9db   Thumb Code    42  stm32f4x7_eth.o(.text)
    ETH_EnhancedDescriptorCmd                0x0800ca05   Thumb Code    58  stm32f4x7_eth.o(.text)
    ETH_SoftwareReset                        0x0800ca3f   Thumb Code    34  stm32f4x7_eth.o(.text)
    ETH_GetSoftwareResetStatus               0x0800ca61   Thumb Code    20  stm32f4x7_eth.o(.text)
    ETH_GetDMAFlagStatus                     0x0800ca75   Thumb Code    20  stm32f4x7_eth.o(.text)
    ETH_DMAClearFlag                         0x0800ca89   Thumb Code     6  stm32f4x7_eth.o(.text)
    ETH_DMAITConfig                          0x0800ca8f   Thumb Code    26  stm32f4x7_eth.o(.text)
    ETH_GetDMAITStatus                       0x0800caa9   Thumb Code    20  stm32f4x7_eth.o(.text)
    ETH_DMAClearITPendingBit                 0x0800cabd   Thumb Code     6  stm32f4x7_eth.o(.text)
    ETH_GetTransmitProcessState              0x0800cac3   Thumb Code    10  stm32f4x7_eth.o(.text)
    ETH_GetReceiveProcessState               0x0800cacd   Thumb Code    10  stm32f4x7_eth.o(.text)
    ETH_GetFlushTransmitFIFOStatus           0x0800cad7   Thumb Code    20  stm32f4x7_eth.o(.text)
    ETH_GetDMAOverflowStatus                 0x0800caeb   Thumb Code    20  stm32f4x7_eth.o(.text)
    ETH_GetRxOverflowMissedFrameCounter      0x0800caff   Thumb Code    10  stm32f4x7_eth.o(.text)
    ETH_GetBufferUnavailableMissedFrameCounter 0x0800cb09   Thumb Code     8  stm32f4x7_eth.o(.text)
    ETH_GetCurrentTxDescStartAddress         0x0800cb11   Thumb Code     6  stm32f4x7_eth.o(.text)
    ETH_GetCurrentRxDescStartAddress         0x0800cb17   Thumb Code     6  stm32f4x7_eth.o(.text)
    ETH_GetCurrentTxBufferAddress            0x0800cb1d   Thumb Code     6  stm32f4x7_eth.o(.text)
    ETH_GetCurrentRxBufferAddress            0x0800cb23   Thumb Code     6  stm32f4x7_eth.o(.text)
    ETH_ResumeDMATransmission                0x0800cb29   Thumb Code     8  stm32f4x7_eth.o(.text)
    ETH_ResumeDMAReception                   0x0800cb31   Thumb Code     8  stm32f4x7_eth.o(.text)
    ETH_SetReceiveWatchdogTimer              0x0800cb39   Thumb Code     6  stm32f4x7_eth.o(.text)
    ETH_PHYLoopBackCmd                       0x0800cb3f   Thumb Code    52  stm32f4x7_eth.o(.text)
    ETH_ResetWakeUpFrameFilterRegisterPointer 0x0800cb73   Thumb Code    40  stm32f4x7_eth.o(.text)
    ETH_SetWakeUpFrameFilterRegister         0x0800cb9b   Thumb Code    50  stm32f4x7_eth.o(.text)
    ETH_GlobalUnicastWakeUpCmd               0x0800cbcd   Thumb Code    58  stm32f4x7_eth.o(.text)
    ETH_GetPMTFlagStatus                     0x0800cc07   Thumb Code    20  stm32f4x7_eth.o(.text)
    ETH_WakeUpFrameDetectionCmd              0x0800cc1b   Thumb Code    58  stm32f4x7_eth.o(.text)
    ETH_MagicPacketDetectionCmd              0x0800cc55   Thumb Code    58  stm32f4x7_eth.o(.text)
    ETH_PowerDownCmd                         0x0800cc8f   Thumb Code    58  stm32f4x7_eth.o(.text)
    ETH_MMCCounterFullPreset                 0x0800ccc9   Thumb Code    16  stm32f4x7_eth.o(.text)
    ETH_MMCCounterHalfPreset                 0x0800ccd9   Thumb Code    30  stm32f4x7_eth.o(.text)
    ETH_MMCCounterFreezeCmd                  0x0800ccf7   Thumb Code    34  stm32f4x7_eth.o(.text)
    ETH_MMCResetOnReadCmd                    0x0800cd19   Thumb Code    34  stm32f4x7_eth.o(.text)
    ETH_MMCCounterRolloverCmd                0x0800cd3b   Thumb Code    34  stm32f4x7_eth.o(.text)
    ETH_MMCCountersReset                     0x0800cd5d   Thumb Code    16  stm32f4x7_eth.o(.text)
    ETH_MMCITConfig                          0x0800cd6d   Thumb Code    78  stm32f4x7_eth.o(.text)
    ETH_GetMMCITStatus                       0x0800cdbb   Thumb Code    66  stm32f4x7_eth.o(.text)
    ETH_GetMMCRegister                       0x0800cdfd   Thumb Code     8  stm32f4x7_eth.o(.text)
    fs_open                                  0x0800ce77   Thumb Code    70  fs.o(.text)
    fs_close                                 0x0800cebd   Thumb Code    12  fs.o(.text)
    fs_read                                  0x0800cec9   Thumb Code    62  fs.o(.text)
    fs_bytes_left                            0x0800cf07   Thumb Code    10  fs.o(.text)
    netconn_new_with_proto_and_callback      0x0800cf19   Thumb Code   198  api_lib.o(.text)
    netconn_delete                           0x0800cfdf   Thumb Code    36  api_lib.o(.text)
    netconn_getaddr                          0x0800d003   Thumb Code   162  api_lib.o(.text)
    netconn_bind                             0x0800d0a5   Thumb Code    98  api_lib.o(.text)
    netconn_connect                          0x0800d107   Thumb Code    98  api_lib.o(.text)
    netconn_disconnect                       0x0800d169   Thumb Code    84  api_lib.o(.text)
    netconn_listen_with_backlog              0x0800d1bd   Thumb Code    86  api_lib.o(.text)
    netconn_accept                           0x0800d213   Thumb Code   750  api_lib.o(.text)
    netconn_recv_tcp_pbuf                    0x0800d66d   Thumb Code    56  api_lib.o(.text)
    netconn_recv                             0x0800d6a5   Thumb Code   264  api_lib.o(.text)
    netconn_recved                           0x0800d7ad   Thumb Code    46  api_lib.o(.text)
    netconn_send                             0x0800d7db   Thumb Code    92  api_lib.o(.text)
    netconn_sendto                           0x0800d837   Thumb Code    44  api_lib.o(.text)
    netconn_write_partly                     0x0800d863   Thumb Code   460  api_lib.o(.text)
    netconn_close                            0x0800da8d   Thumb Code    14  api_lib.o(.text)
    netconn_shutdown                         0x0800da9b   Thumb Code    36  api_lib.o(.text)
    netconn_free                             0x0800e591   Thumb Code   130  api_msg.o(.text)
    netconn_alloc                            0x0800e613   Thumb Code   174  api_msg.o(.text)
    do_newconn                               0x0800e819   Thumb Code    32  api_msg.o(.text)
    do_delconn                               0x0800e903   Thumb Code   626  api_msg.o(.text)
    do_bind                                  0x0800eb75   Thumb Code   116  api_msg.o(.text)
    do_connect                               0x0800ecb9   Thumb Code   230  api_msg.o(.text)
    do_disconnect                            0x0800ed9f   Thumb Code    46  api_msg.o(.text)
    do_listen                                0x0800edcd   Thumb Code   424  api_msg.o(.text)
    do_send                                  0x0800ef75   Thumb Code   166  api_msg.o(.text)
    do_recv                                  0x0800f01b   Thumb Code    72  api_msg.o(.text)
    do_write                                 0x0800f063   Thumb Code   166  api_msg.o(.text)
    do_getaddr                               0x0800f109   Thumb Code   198  api_msg.o(.text)
    do_close                                 0x0800f1cf   Thumb Code   182  api_msg.o(.text)
    netbuf_new                               0x0800f2b9   Thumb Code    32  netbuf.o(.text)
    netbuf_delete                            0x0800f2d9   Thumb Code    30  netbuf.o(.text)
    netbuf_alloc                             0x0800f2f7   Thumb Code   104  netbuf.o(.text)
    netbuf_free                              0x0800f35f   Thumb Code    50  netbuf.o(.text)
    netbuf_ref                               0x0800f391   Thumb Code    92  netbuf.o(.text)
    netbuf_chain                             0x0800f3ed   Thumb Code    80  netbuf.o(.text)
    netbuf_data                              0x0800f43d   Thumb Code   124  netbuf.o(.text)
    netbuf_next                              0x0800f4b9   Thumb Code    66  netbuf.o(.text)
    netbuf_first                             0x0800f4fb   Thumb Code    38  netbuf.o(.text)
    do_netifapi_netif_add                    0x0800f645   Thumb Code    46  netifapi.o(.text)
    do_netifapi_netif_set_addr               0x0800f673   Thumb Code    26  netifapi.o(.text)
    do_netifapi_netif_common                 0x0800f68d   Thumb Code    36  netifapi.o(.text)
    netifapi_netif_add                       0x0800f6b1   Thumb Code    64  netifapi.o(.text)
    netifapi_netif_set_addr                  0x0800f6f1   Thumb Code    40  netifapi.o(.text)
    netifapi_netif_common                    0x0800f719   Thumb Code    36  netifapi.o(.text)
    lwip_socket_init                         0x0800f73d   Thumb Code     2  sockets.o(.text)
    lwip_accept                              0x0800f9f5   Thumb Code   638  sockets.o(.text)
    lwip_bind                                0x0800fc73   Thumb Code   188  sockets.o(.text)
    lwip_close                               0x0800fd2f   Thumb Code    98  sockets.o(.text)
    lwip_connect                             0x0800fd91   Thumb Code   204  sockets.o(.text)
    lwip_listen                              0x0800fe5d   Thumb Code   154  sockets.o(.text)
    lwip_recvfrom                            0x0800fef7   Thumb Code   806  sockets.o(.text)
    lwip_read                                0x0801021d   Thumb Code    28  sockets.o(.text)
    lwip_recv                                0x08010239   Thumb Code    34  sockets.o(.text)
    lwip_sendto                              0x0801025b   Thumb Code   280  sockets.o(.text)
    lwip_send                                0x08010373   Thumb Code   156  sockets.o(.text)
    lwip_socket                              0x0801040f   Thumb Code   306  sockets.o(.text)
    lwip_write                               0x08010541   Thumb Code    22  sockets.o(.text)
    lwip_select                              0x080106c7   Thumb Code   864  sockets.o(.text)
    lwip_shutdown                            0x08010a27   Thumb Code   332  sockets.o(.text)
    lwip_getpeername                         0x08010bf1   Thumb Code    22  sockets.o(.text)
    lwip_getsockname                         0x08010c07   Thumb Code    22  sockets.o(.text)
    lwip_getsockopt                          0x08010dff   Thumb Code   430  sockets.o(.text)
    lwip_setsockopt                          0x0801115d   Thumb Code   336  sockets.o(.text)
    lwip_ioctl                               0x080112ad   Thumb Code   126  sockets.o(.text)
    lwip_fcntl                               0x0801132b   Thumb Code   134  sockets.o(.text)
    tcpip_input                              0x08011487   Thumb Code    72  tcpip.o(.text)
    tcpip_callback_with_block                0x080114cf   Thumb Code    90  tcpip.o(.text)
    tcpip_timeout                            0x08011529   Thumb Code    66  tcpip.o(.text)
    tcpip_untimeout                          0x0801156b   Thumb Code    58  tcpip.o(.text)
    tcpip_apimsg                             0x080115a5   Thumb Code    56  tcpip.o(.text)
    tcpip_netifapi                           0x080115dd   Thumb Code    76  tcpip.o(.text)
    tcpip_callbackmsg_new                    0x08011629   Thumb Code    34  tcpip.o(.text)
    tcpip_callbackmsg_delete                 0x0801164b   Thumb Code    12  tcpip.o(.text)
    tcpip_trycallback                        0x08011657   Thumb Code    28  tcpip.o(.text)
    tcpip_init                               0x08011673   Thumb Code    72  tcpip.o(.text)
    pbuf_free_callback                       0x080116c9   Thumb Code    16  tcpip.o(.text)
    mem_free_callback                        0x080116d9   Thumb Code    16  tcpip.o(.text)
    sys_arch_assert                          0x08011797   Thumb Code    38  sys_arch.o(.text)
    lwip_system_init                         0x08011855   Thumb Code   146  sys_arch.o(.text)
    sys_init                                 0x080118e7   Thumb Code     2  sys_arch.o(.text)
    sys_sem_new                              0x080118e9   Thumb Code   104  sys_arch.o(.text)
    sys_sem_free                             0x08011951   Thumb Code    52  sys_arch.o(.text)
    sys_sem_signal                           0x08011985   Thumb Code    12  sys_arch.o(.text)
    sys_arch_sem_wait                        0x08011991   Thumb Code   114  sys_arch.o(.text)
    sys_sem_valid                            0x08011a03   Thumb Code     6  sys_arch.o(.text)
    sys_sem_set_invalid                      0x08011a09   Thumb Code     6  sys_arch.o(.text)
    sys_mutex_new                            0x08011a0f   Thumb Code   102  sys_arch.o(.text)
    sys_mutex_lock                           0x08011a75   Thumb Code    58  sys_arch.o(.text)
    sys_mutex_unlock                         0x08011aaf   Thumb Code    12  sys_arch.o(.text)
    sys_mutex_free                           0x08011abb   Thumb Code    54  sys_arch.o(.text)
    sys_mutex_valid                          0x08011af1   Thumb Code     6  sys_arch.o(.text)
    sys_mutex_set_invalid                    0x08011af7   Thumb Code     6  sys_arch.o(.text)
    sys_mbox_new                             0x08011afd   Thumb Code   106  sys_arch.o(.text)
    sys_mbox_free                            0x08011b67   Thumb Code   348  sys_arch.o(.text)
    sys_mbox_post                            0x08011cc3   Thumb Code    66  sys_arch.o(.text)
    sys_mbox_trypost                         0x08011d05   Thumb Code    26  sys_arch.o(.text)
    sys_arch_mbox_fetch                      0x08011d1f   Thumb Code   148  sys_arch.o(.text)
    sys_arch_mbox_tryfetch                   0x08011db3   Thumb Code    36  sys_arch.o(.text)
    sys_mbox_valid                           0x08011dd7   Thumb Code     6  sys_arch.o(.text)
    sys_mbox_set_invalid                     0x08011ddd   Thumb Code     6  sys_arch.o(.text)
    sys_thread_new                           0x08011de3   Thumb Code   112  sys_arch.o(.text)
    sys_arch_protect                         0x08011e53   Thumb Code    12  sys_arch.o(.text)
    sys_arch_unprotect                       0x08011e5f   Thumb Code    12  sys_arch.o(.text)
    sys_jiffies                              0x08011e6b   Thumb Code     8  sys_arch.o(.text)
    sys_now                                  0x08011e73   Thumb Code     8  sys_arch.o(.text)
    lwip_htons                               0x08011ebd   Thumb Code    12  def.o(.text)
    lwip_ntohs                               0x08011ec9   Thumb Code    12  def.o(.text)
    lwip_htonl                               0x08011ed5   Thumb Code    26  def.o(.text)
    lwip_ntohl                               0x08011eef   Thumb Code    12  def.o(.text)
    lwip_init                                0x08011efb   Thumb Code    28  init.o(.text)
    netif_init                               0x08011f19   Thumb Code     2  netif.o(.text)
    netif_set_gw                             0x08011f1b   Thumb Code    12  netif.o(.text)
    netif_set_netmask                        0x08011f27   Thumb Code    12  netif.o(.text)
    netif_set_ipaddr                         0x08011f33   Thumb Code   110  netif.o(.text)
    netif_set_addr                           0x08011fa1   Thumb Code    40  netif.o(.text)
    netif_add                                0x08011fc9   Thumb Code   120  netif.o(.text)
    netif_set_default                        0x08012041   Thumb Code     6  netif.o(.text)
    netif_set_down                           0x08012047   Thumb Code    42  netif.o(.text)
    netif_remove                             0x08012071   Thumb Code    90  netif.o(.text)
    netif_find                               0x080120cb   Thumb Code    64  netif.o(.text)
    netif_set_up                             0x0801210b   Thumb Code    54  netif.o(.text)
    netif_set_link_up                        0x08012141   Thumb Code    54  netif.o(.text)
    netif_set_link_down                      0x08012177   Thumb Code    24  netif.o(.text)
    pbuf_free                                0x08012255   Thumb Code   208  pbuf.o(.text)
    pbuf_alloc                               0x08012325   Thumb Code  1100  pbuf.o(.text)
    pbuf_realloc                             0x08012771   Thumb Code   252  pbuf.o(.text)
    pbuf_header                              0x0801286d   Thumb Code   206  pbuf.o(.text)
    pbuf_clen                                0x0801293b   Thumb Code    18  pbuf.o(.text)
    pbuf_ref                                 0x0801294d   Thumb Code    26  pbuf.o(.text)
    pbuf_cat                                 0x08012967   Thumb Code   136  pbuf.o(.text)
    pbuf_chain                               0x080129ef   Thumb Code    22  pbuf.o(.text)
    pbuf_dechain                             0x08012a05   Thumb Code   122  pbuf.o(.text)
    pbuf_copy                                0x08012a7f   Thumb Code   810  pbuf.o(.text)
    pbuf_copy_partial                        0x08012da9   Thumb Code   190  pbuf.o(.text)
    pbuf_take                                0x08012e67   Thumb Code   210  pbuf.o(.text)
    pbuf_coalesce                            0x08012f39   Thumb Code    84  pbuf.o(.text)
    pbuf_get_at                              0x08012f8d   Thumb Code    46  pbuf.o(.text)
    pbuf_memcmp                              0x08012fbb   Thumb Code    96  pbuf.o(.text)
    pbuf_memfind                             0x0801301b   Thumb Code    76  pbuf.o(.text)
    pbuf_strstr                              0x08013067   Thumb Code    60  pbuf.o(.text)
    raw_input                                0x0801318d   Thumb Code   102  raw.o(.text)
    raw_bind                                 0x080131f3   Thumb Code    16  raw.o(.text)
    raw_connect                              0x08013203   Thumb Code    16  raw.o(.text)
    raw_recv                                 0x08013213   Thumb Code     6  raw.o(.text)
    raw_sendto                               0x08013219   Thumb Code   176  raw.o(.text)
    raw_send                                 0x080132c9   Thumb Code    18  raw.o(.text)
    raw_remove                               0x080132db   Thumb Code    58  raw.o(.text)
    raw_new                                  0x08013315   Thumb Code    44  raw.o(.text)
    tcp_init                                 0x08013395   Thumb Code     2  tcp.o(.text)
    tcp_seg_free                             0x08013397   Thumb Code    24  tcp.o(.text)
    tcp_segs_free                            0x080133af   Thumb Code    24  tcp.o(.text)
    tcp_pcb_purge                            0x080133c7   Thumb Code    72  tcp.o(.text)
    tcp_slowtmr                              0x0801340f   Thumb Code  1416  tcp.o(.text)
    tcp_pcb_remove                           0x08013997   Thumb Code   222  tcp.o(.text)
    tcp_close                                0x08013c37   Thumb Code    28  tcp.o(.text)
    tcp_update_rcv_ann_wnd                   0x08013c53   Thumb Code   106  tcp.o(.text)
    tcp_recved                               0x08013cbd   Thumb Code   404  tcp.o(.text)
    tcp_recv_null                            0x08013e51   Thumb Code    46  tcp.o(.text)
    tcp_process_refused_data                 0x08013e7f   Thumb Code   142  tcp.o(.text)
    tcp_fasttmr                              0x08013f0d   Thumb Code   110  tcp.o(.text)
    tcp_tmr                                  0x08013f7b   Thumb Code    30  tcp.o(.text)
    tcp_shutdown                             0x08013f99   Thumb Code    98  tcp.o(.text)
    tcp_abandon                              0x08013ffb   Thumb Code   170  tcp.o(.text)
    tcp_abort                                0x080140a5   Thumb Code    14  tcp.o(.text)
    tcp_bind                                 0x08014113   Thumb Code   164  tcp.o(.text)
    tcp_listen_with_backlog                  0x080141bf   Thumb Code   220  tcp.o(.text)
    tcp_eff_send_mss                         0x0801429b   Thumb Code    46  tcp.o(.text)
    tcp_next_iss                             0x080142c9   Thumb Code    20  tcp.o(.text)
    tcp_connect                              0x080142dd   Thumb Code   534  tcp.o(.text)
    tcp_setprio                              0x080144f3   Thumb Code     4  tcp.o(.text)
    tcp_seg_copy                             0x080144f7   Thumb Code    38  tcp.o(.text)
    tcp_alloc                                0x0801459b   Thumb Code   180  tcp.o(.text)
    tcp_new                                  0x0801464f   Thumb Code    10  tcp.o(.text)
    tcp_arg                                  0x08014659   Thumb Code     4  tcp.o(.text)
    tcp_recv                                 0x0801465d   Thumb Code    44  tcp.o(.text)
    tcp_sent                                 0x08014689   Thumb Code    42  tcp.o(.text)
    tcp_err                                  0x080146b3   Thumb Code    44  tcp.o(.text)
    tcp_accept                               0x080146df   Thumb Code     4  tcp.o(.text)
    tcp_poll                                 0x080146e3   Thumb Code    50  tcp.o(.text)
    tcp_debug_state_str                      0x08014715   Thumb Code    10  tcp.o(.text)
    tcp_input                                0x08015e3d   Thumb Code  1664  tcp_in.o(.text)
    tcp_enqueue_flags                        0x08016625   Thumb Code   406  tcp_out.o(.text)
    tcp_send_fin                             0x080167bb   Thumb Code    74  tcp_out.o(.text)
    tcp_write                                0x08016a5d   Thumb Code  1564  tcp_out.o(.text)
    tcp_send_empty_ack                       0x08017079   Thumb Code    96  tcp_out.o(.text)
    tcp_output                               0x080171b9   Thumb Code   664  tcp_out.o(.text)
    tcp_rst                                  0x08017451   Thumb Code   170  tcp_out.o(.text)
    tcp_rexmit_rto                           0x080174fb   Thumb Code    58  tcp_out.o(.text)
    tcp_rexmit                               0x08017535   Thumb Code    90  tcp_out.o(.text)
    tcp_rexmit_fast                          0x0801758f   Thumb Code   112  tcp_out.o(.text)
    tcp_keepalive                            0x080175ff   Thumb Code    86  tcp_out.o(.text)
    tcp_zero_window_probe                    0x08017655   Thumb Code   182  tcp_out.o(.text)
    sys_timeout                              0x0801770d   Thumb Code   176  timers.o(.text)
    tcp_timer_needed                         0x080177e5   Thumb Code    38  timers.o(.text)
    sys_timeouts_init                        0x08017821   Thumb Code    16  timers.o(.text)
    sys_untimeout                            0x08017831   Thumb Code    88  timers.o(.text)
    sys_timeouts_mbox_fetch                  0x08017889   Thumb Code   130  timers.o(.text)
    udp_init                                 0x08017989   Thumb Code     2  udp.o(.text)
    udp_input                                0x080179db   Thumb Code   470  udp.o(.text)
    udp_bind                                 0x08017bb1   Thumb Code   148  udp.o(.text)
    udp_sendto_if                            0x08017c45   Thumb Code   272  udp.o(.text)
    udp_sendto                               0x08017d55   Thumb Code   194  udp.o(.text)
    udp_send                                 0x08017e17   Thumb Code    20  udp.o(.text)
    udp_connect                              0x08017e2b   Thumb Code    94  udp.o(.text)
    udp_disconnect                           0x08017e89   Thumb Code    16  udp.o(.text)
    udp_recv                                 0x08017e99   Thumb Code     6  udp.o(.text)
    udp_remove                               0x08017e9f   Thumb Code    58  udp.o(.text)
    udp_new                                  0x08017ed9   Thumb Code    30  udp.o(.text)
    icmp_input                               0x08017f01   Thumb Code   494  icmp.o(.text)
    icmp_dest_unreach                        0x08018179   Thumb Code    18  icmp.o(.text)
    inet_chksum_pseudo                       0x0801832b   Thumb Code   162  inet_chksum.o(.text)
    inet_chksum_pseudo_partial               0x080183cd   Thumb Code   212  inet_chksum.o(.text)
    inet_chksum                              0x080184a1   Thumb Code    20  inet_chksum.o(.text)
    inet_chksum_pbuf                         0x080184b5   Thumb Code    86  inet_chksum.o(.text)
    ip_route                                 0x08018541   Thumb Code    76  ip.o(.text)
    ip_input                                 0x0801858d   Thumb Code   390  ip.o(.text)
    ip_output_if                             0x08018713   Thumb Code   284  ip.o(.text)
    ip_output                                0x0801882f   Thumb Code    82  ip.o(.text)
    ip4_addr_isbroadcast                     0x080188f9   Thumb Code    78  ip_addr.o(.text)
    ip4_addr_netmask_valid                   0x08018947   Thumb Code    56  ip_addr.o(.text)
    ipaddr_aton                              0x0801897f   Thumb Code   366  ip_addr.o(.text)
    ipaddr_addr                              0x08018aed   Thumb Code    24  ip_addr.o(.text)
    ipaddr_ntoa_r                            0x08018b05   Thumb Code   168  ip_addr.o(.text)
    ipaddr_ntoa                              0x08018bad   Thumb Code    16  ip_addr.o(.text)
    etharp_tmr                               0x08018c93   Thumb Code   138  etharp.o(.text)
    etharp_cleanup_netif                     0x08019157   Thumb Code    52  etharp.o(.text)
    etharp_find_addr                         0x0801918b   Thumb Code   108  etharp.o(.text)
    etharp_request                           0x08019433   Thumb Code    36  etharp.o(.text)
    etharp_query                             0x080194e5   Thumb Code   680  etharp.o(.text)
    etharp_output                            0x0801978d   Thumb Code   390  etharp.o(.text)
    ethernet_input                           0x08019913   Thumb Code   340  etharp.o(.text)
    eth_device_init_with_flag                0x08019ad1   Thumb Code   180  ethernetif.o(.text)
    eth_device_init                          0x08019b85   Thumb Code    20  ethernetif.o(.text)
    eth_device_ready                         0x08019b99   Thumb Code    22  ethernetif.o(.text)
    eth_device_linkchange                    0x08019baf   Thumb Code    64  ethernetif.o(.text)
    eth_system_device_init                   0x08019ce9   Thumb Code   206  ethernetif.o(.text)
    list_if                                  0x08019db7   Thumb Code   722  ethernetif.o(.text)
    httpd_init                               0x0801b08b   Thumb Code    18  httpd.o(.text)
    http_set_ssi_handler                     0x0801b09d   Thumb Code   108  httpd.o(.text)
    http_set_cgi_handlers                    0x0801b109   Thumb Code    74  httpd.o(.text)
    TXfreq_Handler                           0x0801b2b1   Thumb Code    78  httpd_cgi_ssi.o(.text)
    RXfreq_Handler                           0x0801b2ff   Thumb Code    78  httpd_cgi_ssi.o(.text)
    RFtemp_Handler                           0x0801b34d   Thumb Code    32  httpd_cgi_ssi.o(.text)
    BBtemp_Handler                           0x0801b36d   Thumb Code    32  httpd_cgi_ssi.o(.text)
    Antenna_Handler                          0x0801b38d   Thumb Code    20  httpd_cgi_ssi.o(.text)
    LDPCPASS_Handler                         0x0801b3a1   Thumb Code   800  httpd_cgi_ssi.o(.text)
    LDPCFAIL_Handler                         0x0801b6c1   Thumb Code   788  httpd_cgi_ssi.o(.text)
    SNR_Handler                              0x0801b9d5   Thumb Code    32  httpd_cgi_ssi.o(.text)
    TXPOWER_Handler                          0x0801b9f5   Thumb Code   230  httpd_cgi_ssi.o(.text)
    Downlink_Handler                         0x0801badb   Thumb Code    56  httpd_cgi_ssi.o(.text)
    BW_Handler                               0x0801bb13   Thumb Code    48  httpd_cgi_ssi.o(.text)
    AVGA_Handler                             0x0801bb43   Thumb Code    32  httpd_cgi_ssi.o(.text)
    ARSSI_Handler                            0x0801bb63   Thumb Code    36  httpd_cgi_ssi.o(.text)
    BVGA_Handler                             0x0801bb87   Thumb Code    32  httpd_cgi_ssi.o(.text)
    BRSSI_Handler                            0x0801bba7   Thumb Code    36  httpd_cgi_ssi.o(.text)
    ANTENNA_Handler                          0x0801bbcb   Thumb Code    42  httpd_cgi_ssi.o(.text)
    AIRTXfreq_Handler                        0x0801bbf5   Thumb Code    98  httpd_cgi_ssi.o(.text)
    AIRRXfreq_Handler                        0x0801bc57   Thumb Code    98  httpd_cgi_ssi.o(.text)
    AIRLDPCPASS_Handler                      0x0801bcb9   Thumb Code   826  httpd_cgi_ssi.o(.text)
    AIRLDPCFAIL_Handler                      0x0801bff3   Thumb Code   832  httpd_cgi_ssi.o(.text)
    AIRSNR_Handler                           0x0801c333   Thumb Code    32  httpd_cgi_ssi.o(.text)
    AIRTXPOWER_Handler                       0x0801c353   Thumb Code   234  httpd_cgi_ssi.o(.text)
    AIRRFtemp_Handler                        0x0801c43d   Thumb Code    36  httpd_cgi_ssi.o(.text)
    AIRBBtemp_Handler                        0x0801c461   Thumb Code    36  httpd_cgi_ssi.o(.text)
    AIRDownlink_Handler                      0x0801c485   Thumb Code    56  httpd_cgi_ssi.o(.text)
    AIRBW_Handler                            0x0801c4bd   Thumb Code    48  httpd_cgi_ssi.o(.text)
    AIRAVGA_Handler                          0x0801c4ed   Thumb Code    32  httpd_cgi_ssi.o(.text)
    AIRARSSI_Handler                         0x0801c50d   Thumb Code    36  httpd_cgi_ssi.o(.text)
    AIRBVGA_Handler                          0x0801c531   Thumb Code    32  httpd_cgi_ssi.o(.text)
    AIRBRSSI_Handler                         0x0801c551   Thumb Code    36  httpd_cgi_ssi.o(.text)
    AIRANTENNA_Handler                       0x0801c575   Thumb Code    10  httpd_cgi_ssi.o(.text)
    CONFIG_CGI_Handler                       0x0801c733   Thumb Code     8  httpd_cgi_ssi.o(.text)
    BACKHOME_CGI_Handler                     0x0801c73b   Thumb Code     8  httpd_cgi_ssi.o(.text)
    TXFREQ_CGI_Handler                       0x0801c743   Thumb Code   164  httpd_cgi_ssi.o(.text)
    RXFREQ_CGI_Handler                       0x0801c7e7   Thumb Code   164  httpd_cgi_ssi.o(.text)
    TXPOWER_CGI_Handler                      0x0801c88b   Thumb Code   242  httpd_cgi_ssi.o(.text)
    DOWNLINK_CGI_Handler                     0x0801c97d   Thumb Code   144  httpd_cgi_ssi.o(.text)
    ANT_SEL_CGI_Handler                      0x0801ca0d   Thumb Code   120  httpd_cgi_ssi.o(.text)
    AIRTXFREQ_CGI_Handler                    0x0801ca85   Thumb Code   400  httpd_cgi_ssi.o(.text)
    AIRRXFREQ_CGI_Handler                    0x0801cc15   Thumb Code   144  httpd_cgi_ssi.o(.text)
    AIRTXPOWER_CGI_Handler                   0x0801cca5   Thumb Code   196  httpd_cgi_ssi.o(.text)
    AIRDOWNLINK_CGI_Handler                  0x0801cd69   Thumb Code   144  httpd_cgi_ssi.o(.text)
    AIRANTSEL_CGI_Handler                    0x0801cdf9   Thumb Code   132  httpd_cgi_ssi.o(.text)
    httpd_ssi_init                           0x0801ce7d   Thumb Code    14  httpd_cgi_ssi.o(.text)
    httpd_cgi_init                           0x0801ce8b   Thumb Code    12  httpd_cgi_ssi.o(.text)
    UDP_ground_task                          0x0801cf49   Thumb Code   130  udp_connect.o(.text)
    UDP_fc_task                              0x0801cfcb   Thumb Code   162  udp_connect.o(.text)
    udp_connect_init                         0x0801d06d   Thumb Code   112  udp_connect.o(.text)
    udp_recv_handle                          0x0801d0dd   Thumb Code   238  udp_connect.o(.text)
    udp_server_init                          0x0801d1cb   Thumb Code   136  udp_connect.o(.text)
    udp_senddata                             0x0801d253   Thumb Code    46  udp_connect.o(.text)
    udp_connection_close                     0x0801d281   Thumb Code    18  udp_connect.o(.text)
    __2sprintf                               0x0801d401   Thumb Code    34  noretval__2sprintf.o(.text)
    __printf                                 0x0801d429   Thumb Code   104  __printf.o(.text)
    _printf_int_dec                          0x0801d491   Thumb Code   104  _printf_dec.o(.text)
    strstr                                   0x0801d509   Thumb Code    36  strstr.o(.text)
    memcmp                                   0x0801d52d   Thumb Code    88  memcmp.o(.text)
    strlen                                   0x0801d585   Thumb Code    62  strlen.o(.text)
    __aeabi_memcpy                           0x0801d5c3   Thumb Code     0  rt_memcpy_v6.o(.text)
    __rt_memcpy                              0x0801d5c3   Thumb Code   138  rt_memcpy_v6.o(.text)
    _memcpy_lastbytes                        0x0801d629   Thumb Code     0  rt_memcpy_v6.o(.text)
    __aeabi_memcpy4                          0x0801d64d   Thumb Code     0  rt_memcpy_w.o(.text)
    __aeabi_memcpy8                          0x0801d64d   Thumb Code     0  rt_memcpy_w.o(.text)
    __rt_memcpy_w                            0x0801d64d   Thumb Code   100  rt_memcpy_w.o(.text)
    _memcpy_lastbytes_aligned                0x0801d695   Thumb Code     0  rt_memcpy_w.o(.text)
    __aeabi_memclr                           0x0801d6b1   Thumb Code     0  rt_memclr.o(.text)
    __rt_memclr                              0x0801d6b1   Thumb Code    68  rt_memclr.o(.text)
    _memset                                  0x0801d6b5   Thumb Code     0  rt_memclr.o(.text)
    __aeabi_memclr4                          0x0801d6f5   Thumb Code     0  rt_memclr_w.o(.text)
    __aeabi_memclr8                          0x0801d6f5   Thumb Code     0  rt_memclr_w.o(.text)
    __rt_memclr_w                            0x0801d6f5   Thumb Code    78  rt_memclr_w.o(.text)
    _memset_w                                0x0801d6f9   Thumb Code     0  rt_memclr_w.o(.text)
    __use_two_region_memory                  0x0801d743   Thumb Code     2  heapauxi.o(.text)
    __rt_heap_escrow$2region                 0x0801d745   Thumb Code     2  heapauxi.o(.text)
    __rt_heap_expand$2region                 0x0801d747   Thumb Code     2  heapauxi.o(.text)
    _printf_int_common                       0x0801d749   Thumb Code   178  _printf_intcommon.o(.text)
    _printf_char_common                      0x0801d807   Thumb Code    32  _printf_char_common.o(.text)
    _sputc                                   0x0801d82d   Thumb Code    10  _sputc.o(.text)
    __user_setup_stackheap                   0x0801d837   Thumb Code    74  sys_stackheap_outer.o(.text)
    exit                                     0x0801d881   Thumb Code    12  exit.o(.text)
    __user_libspace                          0x0801d88d   Thumb Code     8  libspace.o(.text)
    __user_perproc_libspace                  0x0801d88d   Thumb Code     0  libspace.o(.text)
    __user_perthread_libspace                0x0801d88d   Thumb Code     0  libspace.o(.text)
    _sys_exit                                0x0801d895   Thumb Code     8  sys_exit.o(.text)
    __I$use$semihosting                      0x0801d8a1   Thumb Code     0  use_no_semi.o(.text)
    __use_no_semihosting_swi                 0x0801d8a1   Thumb Code     2  use_no_semi.o(.text)
    __semihosting_library_function           0x0801d8a3   Thumb Code     0  indicate_semi.o(.text)
    _fp_init                                 0x0801d8a3   Thumb Code    10  fpinit.o(x$fpl$fpinit)
    __fplib_config_fpu_vfp                   0x0801d8ab   Thumb Code     0  fpinit.o(x$fpl$fpinit)
    __fplib_config_pureend_doubles           0x0801d8ab   Thumb Code     0  fpinit.o(x$fpl$fpinit)
    __lowest_bit_bitmap                      0x0801ddcb   Data         256  kservice.o(.constdata)
    file__autoflight_shtm                    0x08022d18   Data          20  fs.o(.constdata)
    file__configure_shtm                     0x08022d2c   Data          20  fs.o(.constdata)
    file__tuchuan_png                        0x08022d40   Data          20  fs.o(.constdata)
    memp_sizes                               0x08022e48   Data          26  memp.o(.constdata)
    tcp_state_str                            0x08022e64   Data          44  tcp.o(.constdata)
    tcp_backoff                              0x08022e90   Data          13  tcp.o(.constdata)
    tcp_persist_backoff                      0x08022e9d   Data           7  tcp.o(.constdata)
    tcp_pcb_lists                            0x08022ea4   Data          16  tcp.o(.constdata)
    ip_addr_any                              0x08022eb4   Data           4  ip_addr.o(.constdata)
    ip_addr_broadcast                        0x08022eb8   Data           4  ip_addr.o(.constdata)
    ethbroadcast                             0x08022ebc   Data           6  etharp.o(.constdata)
    ethzero                                  0x08022ec2   Data           6  etharp.o(.constdata)
    g_psDefaultFilenames                     0x08022f0c   Data          40  httpd.o(.constdata)
    g_pcTagLeadIn                            0x08022f34   Data           4  httpd.o(.constdata)
    g_pcTagLeadOut                           0x08022f38   Data           4  httpd.o(.constdata)
    downlink                                 0x08022f3c   Data          84  httpd_cgi_ssi.o(.constdata)
    BW_table                                 0x08022f90   Data          60  httpd_cgi_ssi.o(.constdata)
    __fsym_hello_name                        0x08023636   Data           6  cmd.o(.rodata.name)
    __fsym_hello_desc                        0x0802363c   Data          16  cmd.o(.rodata.name)
    __fsym_version_name                      0x0802364c   Data           8  cmd.o(.rodata.name)
    __fsym_version_desc                      0x08023654   Data          35  cmd.o(.rodata.name)
    __fsym___cmd_version_name                0x08023677   Data          14  cmd.o(.rodata.name)
    __fsym___cmd_version_desc                0x08023685   Data          35  cmd.o(.rodata.name)
    __fsym_list_thread_name                  0x080236a8   Data          12  cmd.o(.rodata.name)
    __fsym_list_thread_desc                  0x080236b4   Data          12  cmd.o(.rodata.name)
    __fsym___cmd_list_thread_name            0x080236c0   Data          18  cmd.o(.rodata.name)
    __fsym___cmd_list_thread_desc            0x080236d2   Data          12  cmd.o(.rodata.name)
    __fsym_list_sem_name                     0x080236de   Data           9  cmd.o(.rodata.name)
    __fsym_list_sem_desc                     0x080236e7   Data          25  cmd.o(.rodata.name)
    __fsym___cmd_list_sem_name               0x08023700   Data          15  cmd.o(.rodata.name)
    __fsym___cmd_list_sem_desc               0x0802370f   Data          25  cmd.o(.rodata.name)
    __fsym_list_event_name                   0x08023728   Data          11  cmd.o(.rodata.name)
    __fsym_list_event_desc                   0x08023733   Data          21  cmd.o(.rodata.name)
    __fsym___cmd_list_event_name             0x08023748   Data          17  cmd.o(.rodata.name)
    __fsym___cmd_list_event_desc             0x08023759   Data          21  cmd.o(.rodata.name)
    __fsym_list_mutex_name                   0x0802376e   Data          11  cmd.o(.rodata.name)
    __fsym_list_mutex_desc                   0x08023779   Data          21  cmd.o(.rodata.name)
    __fsym___cmd_list_mutex_name             0x0802378e   Data          17  cmd.o(.rodata.name)
    __fsym___cmd_list_mutex_desc             0x0802379f   Data          21  cmd.o(.rodata.name)
    __fsym_list_mailbox_name                 0x080237b4   Data          13  cmd.o(.rodata.name)
    __fsym_list_mailbox_desc                 0x080237c1   Data          24  cmd.o(.rodata.name)
    __fsym___cmd_list_mailbox_name           0x080237d9   Data          19  cmd.o(.rodata.name)
    __fsym___cmd_list_mailbox_desc           0x080237ec   Data          24  cmd.o(.rodata.name)
    __fsym_list_msgqueue_name                0x08023804   Data          14  cmd.o(.rodata.name)
    __fsym_list_msgqueue_desc                0x08023812   Data          29  cmd.o(.rodata.name)
    __fsym___cmd_list_msgqueue_name          0x0802382f   Data          20  cmd.o(.rodata.name)
    __fsym___cmd_list_msgqueue_desc          0x08023843   Data          29  cmd.o(.rodata.name)
    __fsym_list_mempool_name                 0x08023860   Data          13  cmd.o(.rodata.name)
    __fsym_list_mempool_desc                 0x0802386d   Data          27  cmd.o(.rodata.name)
    __fsym___cmd_list_mempool_name           0x08023888   Data          19  cmd.o(.rodata.name)
    __fsym___cmd_list_mempool_desc           0x0802389b   Data          27  cmd.o(.rodata.name)
    __fsym_list_timer_name                   0x080238b6   Data          11  cmd.o(.rodata.name)
    __fsym_list_timer_desc                   0x080238c1   Data          21  cmd.o(.rodata.name)
    __fsym___cmd_list_timer_name             0x080238d6   Data          17  cmd.o(.rodata.name)
    __fsym___cmd_list_timer_desc             0x080238e7   Data          21  cmd.o(.rodata.name)
    __fsym_list_device_name                  0x080238fc   Data          12  cmd.o(.rodata.name)
    __fsym_list_device_desc                  0x08023908   Data          22  cmd.o(.rodata.name)
    __fsym___cmd_list_device_name            0x0802391e   Data          18  cmd.o(.rodata.name)
    __fsym___cmd_list_device_desc            0x08023930   Data          22  cmd.o(.rodata.name)
    __fsym_list_name                         0x08023946   Data           5  cmd.o(.rodata.name)
    __fsym_list_desc                         0x0802394b   Data          26  cmd.o(.rodata.name)
    __fsym___cmd_phy_bd_name                 0x08023965   Data          13  cmd.o(.rodata.name)
    __fsym___cmd_phy_bd_desc                 0x08023972   Data          19  cmd.o(.rodata.name)
    __fsym___cmd_fc_100m_name                0x08023985   Data          14  cmd.o(.rodata.name)
    __fsym___cmd_fc_100m_desc                0x08023993   Data          27  cmd.o(.rodata.name)
    __fsym___cmd_ifconfig_name               0x080239ae   Data          15  cmd.o(.rodata.name)
    __fsym___cmd_ifconfig_desc               0x080239bd   Data          43  cmd.o(.rodata.name)
    __fsym___cmd_rd_phy_name                 0x080239e8   Data          13  cmd.o(.rodata.name)
    __fsym___cmd_rd_phy_desc                 0x080239f5   Data          20  cmd.o(.rodata.name)
    __fsym___cmd_wr_phy_name                 0x08023a09   Data          13  cmd.o(.rodata.name)
    __fsym___cmd_wr_phy_desc                 0x08023a16   Data          21  cmd.o(.rodata.name)
    __fsym___cmd_help_name                   0x08023a2b   Data          11  msh.o(.rodata.name)
    __fsym___cmd_help_desc                   0x08023a36   Data          22  msh.o(.rodata.name)
    __fsym_list_mem_name                     0x08023a4c   Data           9  mem.o(.rodata.name)
    __fsym_list_mem_desc                     0x08023a55   Data          30  mem.o(.rodata.name)
    FSymTab$$Base                            0x08023a74   Number         0  cmd.o(FSymTab)
    __fsym_hello                             0x08023a74   Data          12  cmd.o(FSymTab)
    __fsym_version                           0x08023a80   Data          12  cmd.o(FSymTab)
    __fsym___cmd_version                     0x08023a8c   Data          12  cmd.o(FSymTab)
    __fsym_list_thread                       0x08023a98   Data          12  cmd.o(FSymTab)
    __fsym___cmd_list_thread                 0x08023aa4   Data          12  cmd.o(FSymTab)
    __fsym_list_sem                          0x08023ab0   Data          12  cmd.o(FSymTab)
    __fsym___cmd_list_sem                    0x08023abc   Data          12  cmd.o(FSymTab)
    __fsym_list_event                        0x08023ac8   Data          12  cmd.o(FSymTab)
    __fsym___cmd_list_event                  0x08023ad4   Data          12  cmd.o(FSymTab)
    __fsym_list_mutex                        0x08023ae0   Data          12  cmd.o(FSymTab)
    __fsym___cmd_list_mutex                  0x08023aec   Data          12  cmd.o(FSymTab)
    __fsym_list_mailbox                      0x08023af8   Data          12  cmd.o(FSymTab)
    __fsym___cmd_list_mailbox                0x08023b04   Data          12  cmd.o(FSymTab)
    __fsym_list_msgqueue                     0x08023b10   Data          12  cmd.o(FSymTab)
    __fsym___cmd_list_msgqueue               0x08023b1c   Data          12  cmd.o(FSymTab)
    __fsym_list_mempool                      0x08023b28   Data          12  cmd.o(FSymTab)
    __fsym___cmd_list_mempool                0x08023b34   Data          12  cmd.o(FSymTab)
    __fsym_list_timer                        0x08023b40   Data          12  cmd.o(FSymTab)
    __fsym___cmd_list_timer                  0x08023b4c   Data          12  cmd.o(FSymTab)
    __fsym_list_device                       0x08023b58   Data          12  cmd.o(FSymTab)
    __fsym___cmd_list_device                 0x08023b64   Data          12  cmd.o(FSymTab)
    __fsym_list                              0x08023b70   Data          12  cmd.o(FSymTab)
    __fsym___cmd_phy_bd                      0x08023b7c   Data          12  cmd.o(FSymTab)
    __fsym___cmd_fc_100m                     0x08023b88   Data          12  cmd.o(FSymTab)
    __fsym___cmd_ifconfig                    0x08023b94   Data          12  cmd.o(FSymTab)
    __fsym___cmd_rd_phy                      0x08023ba0   Data          12  cmd.o(FSymTab)
    __fsym___cmd_wr_phy                      0x08023bac   Data          12  cmd.o(FSymTab)
    __fsym___cmd_help                        0x08023bb8   Data          12  msh.o(FSymTab)
    __fsym_list_mem                          0x08023bc4   Data          12  mem.o(FSymTab)
    FSymTab$$Limit                           0x08023bd0   Number         0  mem.o(FSymTab)
    Region$$Table$$Base                      0x08023bd0   Number         0  anon$$obj.o(Region$$Table)
    Region$$Table$$Limit                     0x08023bf0   Number         0  anon$$obj.o(Region$$Table)
    upgrade_table                            0x2000001c   Data           8  uart_protocol.o(.data)
    uart2_dev                                0x20000024   Data           4  uart_protocol.o(.data)
    flash                                    0x20000038   Data           4  fpga_upgrade.o(.data)
    uart1                                    0x2000004c   Data          12  stm32f4_uart.o(.data)
    uart2                                    0x20000058   Data          12  stm32f4_uart.o(.data)
    shell                                    0x20000064   Data           4  shell.o(.data)
    _syscall_table_begin                     0x20000068   Data           4  symbol.o(.data)
    _syscall_table_end                       0x2000006c   Data           4  symbol.o(.data)
    _sysvar_table_begin                      0x20000070   Data           4  symbol.o(.data)
    _sysvar_table_end                        0x20000074   Data           4  symbol.o(.data)
    rt_interrupt_nest                        0x2000007c   Data           1  irq.o(.data)
    rt_assert_hook                           0x20000088   Data           4  kservice.o(.data)
    rt_object_container                      0x200000a4   Data         144  object.o(.data)
    rt_current_thread                        0x20000138   Data           4  scheduler.o(.data)
    rt_current_priority                      0x2000013c   Data           1  scheduler.o(.data)
    rt_thread_ready_priority_group           0x20000140   Data           4  scheduler.o(.data)
    rt_thread_defunct                        0x20000144   Data           8  scheduler.o(.data)
    SystemCoreClock                          0x20000158   Data           4  system_stm32f4xx.o(.data)
    AHBPrescTable                            0x2000015c   Data          16  system_stm32f4xx.o(.data)
    rt_interrupt_from_thread                 0x2000016c   Data           4  cpuport.o(.data)
    rt_interrupt_to_thread                   0x20000170   Data           4  cpuport.o(.data)
    rt_thread_switch_interrupt_flag          0x20000174   Data           4  cpuport.o(.data)
    _ctype                                   0x2000017c   Data         256  string.o(.data)
    DMATxDescToSet                           0x20000290   Data           4  stm32f4x7_eth.o(.data)
    DMARxDescToGet                           0x20000294   Data           4  stm32f4x7_eth.o(.data)
    DMA_RX_FRAME_infos                       0x20000298   Data           4  stm32f4x7_eth.o(.data)
    Frame_Rx_index                           0x2000029c   Data           4  stm32f4x7_eth.o(.data)
    netif_list                               0x200002bc   Data           4  netif.o(.data)
    netif_default                            0x200002c0   Data           4  netif.o(.data)
    pbuf_free_ooseq_pending                  0x200002c5   Data           1  pbuf.o(.data)
    tcp_ticks                                0x200002d0   Data           4  tcp.o(.data)
    tcp_bound_pcbs                           0x200002d4   Data           4  tcp.o(.data)
    tcp_listen_pcbs                          0x200002d8   Data           4  tcp.o(.data)
    tcp_active_pcbs                          0x200002dc   Data           4  tcp.o(.data)
    tcp_tw_pcbs                              0x200002e0   Data           4  tcp.o(.data)
    tcp_tmp_pcb                              0x200002e4   Data           4  tcp.o(.data)
    tcp_active_pcbs_changed                  0x200002e8   Data           1  tcp.o(.data)
    tcp_input_pcb                            0x2000030c   Data           4  tcp_in.o(.data)
    udp_pcbs                                 0x2000031c   Data           4  udp.o(.data)
    current_netif                            0x20000320   Data           4  ip.o(.data)
    current_header                           0x20000324   Data           4  ip.o(.data)
    current_iphdr_src                        0x20000328   Data           4  ip.o(.data)
    current_iphdr_dest                       0x2000032c   Data           4  ip.o(.data)
    g_pcSSIExtensions                        0x20000334   Data          16  httpd.o(.data)
    g_pfnSSIHandler                          0x20000344   Data           4  httpd.o(.data)
    g_iNumTags                               0x20000348   Data           4  httpd.o(.data)
    g_ppcTags                                0x2000034c   Data           4  httpd.o(.data)
    g_pCGIs                                  0x20000350   Data           4  httpd.o(.data)
    g_iNumCGIs                               0x20000354   Data           4  httpd.o(.data)
    u32tou8                                  0x20000358   Data           4  httpd_cgi_ssi.o(.data)
    cgibuf                                   0x2000035c   Data           8  httpd_cgi_ssi.o(.data)
    tcp_demo_sendbuf                         0x200003dc   Data          16  udp_connect.o(.data)
    uart_queue                               0x200014fc   Data          16  uart_protocol.o(.bss)
    uart_buffer                              0x20001570   Data        1040  upgrade.o(.bss)
    file_name                                0x20001d95   Data         256  ymodem.o(.bss)
    uart1_int_rx                             0x2000205c   Data         520  stm32f4_uart.o(.bss)
    uart1_device                             0x20002264   Data          88  stm32f4_uart.o(.bss)
    uart2_int_rx                             0x200022bc   Data         520  stm32f4_uart.o(.bss)
    uart2_device                             0x200024c4   Data          88  stm32f4_uart.o(.bss)
    rt_thread_priority_table                 0x200030c0   Data         256  scheduler.o(.bss)
    DMARxDscrTab                             0x200031c0   Data         320  stm32f4x7_eth.o(.bss)
    DMATxDscrTab                             0x20003300   Data         320  stm32f4x7_eth.o(.bss)
    Rx_Buff                                  0x20003440   Data       15240  stm32f4x7_eth.o(.bss)
    Tx_Buff                                  0x20006fc8   Data       15240  stm32f4x7_eth.o(.bss)
    RX_Frame_Descriptor                      0x2000ab50   Data          12  stm32f4x7_eth.o(.bss)
    fs_memory                                0x2000ab5c   Data         240  fs.o(.bss)
    dev_status_buf                           0x2000c484   Data          64  httpd_cgi_ssi.o(.bss)
    sendbuf                                  0x2000ca24   Data          62  udp_connect.o(.bss)
    AirTxBuf                                 0x2000ca62   Data          16  udp_connect.o(.bss)
    sem_cgi_set                              0x2000ca74   Data          56  udp_connect.o(.bss)
    udp_con_struct                           0x2000caac   Data         212  udp_connect.o(.bss)
    __libspace_start                         0x2000cb80   Data          96  libspace.o(.bss)
    __temporary_stack_top$libspace           0x2000cbe0   Data           0  libspace.o(.bss)
    Image$$RW_IRAM1$$ZI$$Limit               0x2000d1e0   Number         0  anon$$obj.o ABSOLUTE



==============================================================================

Memory Map of the image

  Image Entry point : 0x08000189

  Load Region LR_IROM1 (Base: 0x08000000, Size: 0x00023fdc, Max: 0x00100000, ABSOLUTE, COMPRESSED[0x00023d38])

    Execution Region ER_IROM1 (Base: 0x08000000, Size: 0x00023bf0, Max: 0x00100000, ABSOLUTE)

    Base Addr    Size         Type   Attr      Idx    E Section Name        Object

    0x08000000   0x00000188   Data   RO         1307    RESET               startup_stm32f40xx.o
    0x08000188   0x00000008   Code   RO         3084  * !!!main             c_w.l(__main.o)
    0x08000190   0x00000034   Code   RO         3251    !!!scatter          c_w.l(__scatter.o)
    0x080001c4   0x0000005a   Code   RO         3249    !!dczerorl2         c_w.l(__dczerorl2.o)
    0x0800021e   0x00000002   PAD
    0x08000220   0x0000001c   Code   RO         3253    !!handler_zi        c_w.l(__scatter_zi.o)
    0x0800023c   0x00000000   Code   RO         3067    .ARM.Collect$$_printf_percent$$00000000  c_w.l(_printf_percent.o)
    0x0800023c   0x00000006   Code   RO         3066    .ARM.Collect$$_printf_percent$$00000009  c_w.l(_printf_d.o)
    0x08000242   0x00000004   Code   RO         3093    .ARM.Collect$$_printf_percent$$00000017  c_w.l(_printf_percent_end.o)
    0x08000246   0x00000002   Code   RO         3120    .ARM.Collect$$libinit$$00000000  c_w.l(libinit.o)
    0x08000248   0x00000004   Code   RO         3126    .ARM.Collect$$libinit$$00000001  c_w.l(libinit2.o)
    0x0800024c   0x00000000   Code   RO         3129    .ARM.Collect$$libinit$$00000004  c_w.l(libinit2.o)
    0x0800024c   0x00000000   Code   RO         3132    .ARM.Collect$$libinit$$0000000A  c_w.l(libinit2.o)
    0x0800024c   0x00000000   Code   RO         3134    .ARM.Collect$$libinit$$0000000C  c_w.l(libinit2.o)
    0x0800024c   0x00000000   Code   RO         3136    .ARM.Collect$$libinit$$0000000E  c_w.l(libinit2.o)
    0x0800024c   0x00000000   Code   RO         3139    .ARM.Collect$$libinit$$00000011  c_w.l(libinit2.o)
    0x0800024c   0x00000000   Code   RO         3141    .ARM.Collect$$libinit$$00000013  c_w.l(libinit2.o)
    0x0800024c   0x00000000   Code   RO         3143    .ARM.Collect$$libinit$$00000015  c_w.l(libinit2.o)
    0x0800024c   0x00000000   Code   RO         3145    .ARM.Collect$$libinit$$00000017  c_w.l(libinit2.o)
    0x0800024c   0x00000000   Code   RO         3147    .ARM.Collect$$libinit$$00000019  c_w.l(libinit2.o)
    0x0800024c   0x00000000   Code   RO         3149    .ARM.Collect$$libinit$$0000001B  c_w.l(libinit2.o)
    0x0800024c   0x00000000   Code   RO         3151    .ARM.Collect$$libinit$$0000001D  c_w.l(libinit2.o)
    0x0800024c   0x00000000   Code   RO         3153    .ARM.Collect$$libinit$$0000001F  c_w.l(libinit2.o)
    0x0800024c   0x00000000   Code   RO         3155    .ARM.Collect$$libinit$$00000021  c_w.l(libinit2.o)
    0x0800024c   0x00000000   Code   RO         3157    .ARM.Collect$$libinit$$00000023  c_w.l(libinit2.o)
    0x0800024c   0x00000000   Code   RO         3159    .ARM.Collect$$libinit$$00000025  c_w.l(libinit2.o)
    0x0800024c   0x00000000   Code   RO         3163    .ARM.Collect$$libinit$$0000002C  c_w.l(libinit2.o)
    0x0800024c   0x00000000   Code   RO         3165    .ARM.Collect$$libinit$$0000002E  c_w.l(libinit2.o)
    0x0800024c   0x00000000   Code   RO         3167    .ARM.Collect$$libinit$$00000030  c_w.l(libinit2.o)
    0x0800024c   0x00000000   Code   RO         3169    .ARM.Collect$$libinit$$00000032  c_w.l(libinit2.o)
    0x0800024c   0x00000002   Code   RO         3170    .ARM.Collect$$libinit$$00000033  c_w.l(libinit2.o)
    0x0800024e   0x00000002   Code   RO         3190    .ARM.Collect$$libshutdown$$00000000  c_w.l(libshutdown.o)
    0x08000250   0x00000000   Code   RO         3204    .ARM.Collect$$libshutdown$$00000003  c_w.l(libshutdown2.o)
    0x08000250   0x00000000   Code   RO         3207    .ARM.Collect$$libshutdown$$00000006  c_w.l(libshutdown2.o)
    0x08000250   0x00000000   Code   RO         3210    .ARM.Collect$$libshutdown$$00000009  c_w.l(libshutdown2.o)
    0x08000250   0x00000000   Code   RO         3212    .ARM.Collect$$libshutdown$$0000000B  c_w.l(libshutdown2.o)
    0x08000250   0x00000000   Code   RO         3215    .ARM.Collect$$libshutdown$$0000000E  c_w.l(libshutdown2.o)
    0x08000250   0x00000002   Code   RO         3216    .ARM.Collect$$libshutdown$$0000000F  c_w.l(libshutdown2.o)
    0x08000252   0x00000000   Code   RO         3086    .ARM.Collect$$rtentry$$00000000  c_w.l(__rtentry.o)
    0x08000252   0x00000000   Code   RO         3095    .ARM.Collect$$rtentry$$00000002  c_w.l(__rtentry2.o)
    0x08000252   0x00000006   Code   RO         3107    .ARM.Collect$$rtentry$$00000004  c_w.l(__rtentry4.o)
    0x08000258   0x00000000   Code   RO         3097    .ARM.Collect$$rtentry$$00000009  c_w.l(__rtentry2.o)
    0x08000258   0x00000004   Code   RO         3098    .ARM.Collect$$rtentry$$0000000A  c_w.l(__rtentry2.o)
    0x0800025c   0x00000000   Code   RO         3100    .ARM.Collect$$rtentry$$0000000C  c_w.l(__rtentry2.o)
    0x0800025c   0x00000008   Code   RO         3101    .ARM.Collect$$rtentry$$0000000D  c_w.l(__rtentry2.o)
    0x08000264   0x00000002   Code   RO         3124    .ARM.Collect$$rtexit$$00000000  c_w.l(rtexit.o)
    0x08000266   0x00000000   Code   RO         3172    .ARM.Collect$$rtexit$$00000002  c_w.l(rtexit2.o)
    0x08000266   0x00000004   Code   RO         3173    .ARM.Collect$$rtexit$$00000003  c_w.l(rtexit2.o)
    0x0800026a   0x00000006   Code   RO         3174    .ARM.Collect$$rtexit$$00000004  c_w.l(rtexit2.o)
    0x08000270   0x0000017c   Code   RO            4    .text               startup.o
    0x080003ec   0x00000214   Code   RO          165    .text               application.o
    0x08000600   0x0000015c   Code   RO          291    .text               common.o
    0x0800075c   0x00000224   Code   RO          328    .text               interface.o
    0x08000980   0x000000e0   Code   RO          358    .text               queue.o
    0x08000a60   0x0000092c   Code   RO          378    .text               uart_protocol.o
    0x0800138c   0x00000160   Code   RO          412    .text               fpga_upgrade.o
    0x080014ec   0x0000044c   Code   RO          440    .text               mcu_api.o
    0x08001938   0x000004a4   Code   RO          455    .text               spansion.o
    0x08001ddc   0x000001cc   Code   RO          470    .text               spi_flash.o
    0x08001fa8   0x00000074   Code   RO          485    .text               upgrade.o
    0x0800201c   0x0000072c   Code   RO          513    .text               ymodem.o
    0x08002748   0x000001a4   Code   RO          542    .text               board.o
    0x080028ec   0x000005d8   Code   RO          570    .text               stm32f4_eth.o
    0x08002ec4   0x00000012   Code   RO          638    .text               stm32f4_it.o
    0x08002ed6   0x00000002   PAD
    0x08002ed8   0x00000528   Code   RO          656    .text               stm32f4_spi.o
    0x08003400   0x000001b8   Code   RO          684    .text               stm32f4_uart.o
    0x080035b8   0x0000079c   Code   RO          739    .text               serial.o
    0x08003d54   0x0000053c   Code   RO          761    .text               spi_bus.o
    0x08004290   0x00000b90   Code   RO          777    .text               cmd.o
    0x08004e20   0x00000314   Code   RO         1008    .text               msh.o
    0x08005134   0x0000093c   Code   RO         1053    .text               shell.o
    0x08005a70   0x00000060   Code   RO         1084    .text               clock.o
    0x08005ad0   0x0000033c   Code   RO         1098    .text               device.o
    0x08005e0c   0x00000120   Code   RO         1112    .text               idle.o
    0x08005f2c   0x00001500   Code   RO         1131    .text               ipc.o
    0x0800742c   0x00000048   Code   RO         1147    .text               irq.o
    0x08007474   0x00000a4c   Code   RO         1162    .text               kservice.o
    0x08007ec0   0x00000834   Code   RO         1182    .text               mem.o
    0x080086f4   0x000003c8   Code   RO         1208    .text               mempool.o
    0x08008abc   0x0000026c   Code   RO         1224    .text               object.o
    0x08008d28   0x00000210   Code   RO         1243    .text               scheduler.o
    0x08008f38   0x000005a0   Code   RO         1270    .text               thread.o
    0x080094d8   0x0000043c   Code   RO         1287    .text               timer.o
    0x08009914   0x00000040   Code   RO         1308    .text               startup_stm32f40xx.o
    0x08009954   0x00000210   Code   RO         1315    .text               system_stm32f4xx.o
    0x08009b64   0x00000110   Code   RO         1342    .text               context_rvds.o
    0x08009c74   0x00000190   Code   RO         1346    .text               cpuport.o
    0x08009e04   0x000000e2   Code   RO         1403    .text               stdlib.o
    0x08009ee6   0x00000002   PAD
    0x08009ee8   0x000007ac   Code   RO         1415    .text               string.o
    0x0800a694   0x000000e0   Code   RO         1450    .text               misc.o
    0x0800a774   0x000003a8   Code   RO         1615    .text               stm32f4xx_dma.o
    0x0800ab1c   0x00000294   Code   RO         1687    .text               stm32f4xx_gpio.o
    0x0800adb0   0x0000065c   Code   RO         1804    .text               stm32f4xx_rcc.o
    0x0800b40c   0x00000480   Code   RO         1878    .text               stm32f4xx_spi.o
    0x0800b88c   0x00000094   Code   RO         1902    .text               stm32f4xx_syscfg.o
    0x0800b920   0x00000454   Code   RO         1950    .text               stm32f4xx_usart.o
    0x0800bd74   0x0000109c   Code   RO         1998    .text               stm32f4x7_eth.o
    0x0800ce10   0x00000108   Code   RO         2023    .text               fs.o
    0x0800cf18   0x00000bc8   Code   RO         2051    .text               api_lib.o
    0x0800dae0   0x000017d8   Code   RO         2130    .text               api_msg.o
    0x0800f2b8   0x0000038c   Code   RO         2185    .text               netbuf.o
    0x0800f644   0x000000f8   Code   RO         2213    .text               netifapi.o
    0x0800f73c   0x00001c74   Code   RO         2246    .text               sockets.o
    0x080113b0   0x000003bc   Code   RO         2287    .text               tcpip.o
    0x0801176c   0x00000750   Code   RO         2340    .text               sys_arch.o
    0x08011ebc   0x0000003e   Code   RO         2379    .text               def.o
    0x08011efa   0x0000001c   Code   RO         2403    .text               init.o
    0x08011f16   0x00000002   PAD
    0x08011f18   0x000002c0   Code   RO         2497    .text               netif.o
    0x080121d8   0x00000fb4   Code   RO         2533    .text               pbuf.o
    0x0801318c   0x00000208   Code   RO         2560    .text               raw.o
    0x08013394   0x0000147c   Code   RO         2592    .text               tcp.o
    0x08014810   0x00001cd0   Code   RO         2619    .text               tcp_in.o
    0x080164e0   0x0000122a   Code   RO         2645    .text               tcp_out.o
    0x0801770a   0x00000002   PAD
    0x0801770c   0x0000027c   Code   RO         2658    .text               timers.o
    0x08017988   0x00000578   Code   RO         2684    .text               udp.o
    0x08017f00   0x000003cc   Code   RO         2708    .text               icmp.o
    0x080182cc   0x00000274   Code   RO         2732    .text               inet_chksum.o
    0x08018540   0x000003b8   Code   RO         2744    .text               ip.o
    0x080188f8   0x000002f8   Code   RO         2772    .text               ip_addr.o
    0x08018bf0   0x00000e76   Code   RO         2801    .text               etharp.o
    0x08019a66   0x00000002   PAD
    0x08019a68   0x00000668   Code   RO         2822    .text               ethernetif.o
    0x0801a0d0   0x000011b4   Code   RO         2849    .text               httpd.o
    0x0801b284   0x00001cc4   Code   RO         2933    .text               httpd_cgi_ssi.o
    0x0801cf48   0x000004b8   Code   RO         2985    .text               udp_connect.o
    0x0801d400   0x00000028   Code   RO         3040    .text               c_w.l(noretval__2sprintf.o)
    0x0801d428   0x00000068   Code   RO         3042    .text               c_w.l(__printf.o)
    0x0801d490   0x00000078   Code   RO         3044    .text               c_w.l(_printf_dec.o)
    0x0801d508   0x00000024   Code   RO         3068    .text               c_w.l(strstr.o)
    0x0801d52c   0x00000058   Code   RO         3070    .text               c_w.l(memcmp.o)
    0x0801d584   0x0000003e   Code   RO         3072    .text               c_w.l(strlen.o)
    0x0801d5c2   0x0000008a   Code   RO         3074    .text               c_w.l(rt_memcpy_v6.o)
    0x0801d64c   0x00000064   Code   RO         3076    .text               c_w.l(rt_memcpy_w.o)
    0x0801d6b0   0x00000044   Code   RO         3078    .text               c_w.l(rt_memclr.o)
    0x0801d6f4   0x0000004e   Code   RO         3080    .text               c_w.l(rt_memclr_w.o)
    0x0801d742   0x00000006   Code   RO         3082    .text               c_w.l(heapauxi.o)
    0x0801d748   0x000000b2   Code   RO         3087    .text               c_w.l(_printf_intcommon.o)
    0x0801d7fa   0x00000002   PAD
    0x0801d7fc   0x00000030   Code   RO         3089    .text               c_w.l(_printf_char_common.o)
    0x0801d82c   0x0000000a   Code   RO         3091    .text               c_w.l(_sputc.o)
    0x0801d836   0x0000004a   Code   RO         3111    .text               c_w.l(sys_stackheap_outer.o)
    0x0801d880   0x0000000c   Code   RO         3113    .text               c_w.l(exit.o)
    0x0801d88c   0x00000008   Code   RO         3121    .text               c_w.l(libspace.o)
    0x0801d894   0x0000000c   Code   RO         3182    .text               c_w.l(sys_exit.o)
    0x0801d8a0   0x00000002   Code   RO         3193    .text               c_w.l(use_no_semi.o)
    0x0801d8a2   0x00000000   Code   RO         3195    .text               c_w.l(indicate_semi.o)
    0x0801d8a2   0x0000000a   Code   RO         3180    x$fpl$fpinit        fz_wm.l(fpinit.o)
    0x0801d8ac   0x00000030   Data   RO          456    .constdata          spansion.o
    0x0801d8dc   0x00000036   Data   RO          658    .constdata          stm32f4_spi.o
    0x0801d912   0x000000b8   Data   RO          740    .constdata          serial.o
    0x0801d9ca   0x000000ac   Data   RO          762    .constdata          spi_bus.o
    0x0801da76   0x00000002   PAD
    0x0801da78   0x00000050   Data   RO          778    .constdata          cmd.o
    0x0801dac8   0x0000000e   Data   RO         1009    .constdata          msh.o
    0x0801dad6   0x00000060   Data   RO         1055    .constdata          shell.o
    0x0801db36   0x000000a8   Data   RO         1099    .constdata          device.o
    0x0801dbde   0x00000016   Data   RO         1114    .constdata          idle.o
    0x0801dbf4   0x000001d7   Data   RO         1132    .constdata          ipc.o
    0x0801ddcb   0x00000122   Data   RO         1164    .constdata          kservice.o
    0x0801deed   0x00000046   Data   RO         1184    .constdata          mem.o
    0x0801df33   0x0000003e   Data   RO         1209    .constdata          mempool.o
    0x0801df71   0x0000005e   Data   RO         1225    .constdata          object.o
    0x0801dfcf   0x00000034   Data   RO         1245    .constdata          scheduler.o
    0x0801e003   0x000000aa   Data   RO         1271    .constdata          thread.o
    0x0801e0ad   0x0000005c   Data   RO         1288    .constdata          timer.o
    0x0801e109   0x00000013   Data   RO         1347    .constdata          cpuport.o
    0x0801e11c   0x00004c38   Data   RO         2025    .constdata          fs.o
    0x08022d54   0x00000040   Data   RO         2248    .constdata          sockets.o
    0x08022d94   0x000000b3   Data   RO         2341    .constdata          sys_arch.o
    0x08022e47   0x00000001   PAD
    0x08022e48   0x0000001a   Data   RO         2464    .constdata          memp.o
    0x08022e62   0x00000002   PAD
    0x08022e64   0x00000050   Data   RO         2593    .constdata          tcp.o
    0x08022eb4   0x00000008   Data   RO         2774    .constdata          ip_addr.o
    0x08022ebc   0x0000000c   Data   RO         2803    .constdata          etharp.o
    0x08022ec8   0x00000041   Data   RO         2824    .constdata          ethernetif.o
    0x08022f09   0x00000003   PAD
    0x08022f0c   0x00000030   Data   RO         2851    .constdata          httpd.o
    0x08022f3c   0x000000f0   Data   RO         2935    .constdata          httpd_cgi_ssi.o
    0x0802302c   0x00000089   Data   RO            5    .conststring        startup.o
    0x080230b5   0x00000003   PAD
    0x080230b8   0x0000002b   Data   RO          457    .conststring        spansion.o
    0x080230e3   0x00000001   PAD
    0x080230e4   0x000001ad   Data   RO          779    .conststring        cmd.o
    0x08023291   0x00000003   PAD
    0x08023294   0x000000ed   Data   RO         1185    .conststring        mem.o
    0x08023381   0x00000003   PAD
    0x08023384   0x00000075   Data   RO         2594    .conststring        tcp.o
    0x080233f9   0x00000003   PAD
    0x080233fc   0x00000055   Data   RO         2646    .conststring        tcp_out.o
    0x08023451   0x00000003   PAD
    0x08023454   0x00000044   Data   RO         2804    .conststring        etharp.o
    0x08023498   0x00000072   Data   RO         2852    .conststring        httpd.o
    0x0802350a   0x00000002   PAD
    0x0802350c   0x0000012a   Data   RO         2936    .conststring        httpd_cgi_ssi.o
    0x08023636   0x000003f5   Data   RO          780    .rodata.name        cmd.o
    0x08023a2b   0x00000021   Data   RO         1010    .rodata.name        msh.o
    0x08023a4c   0x00000027   Data   RO         1187    .rodata.name        mem.o
    0x08023a73   0x00000001   PAD
    0x08023a74   0x00000144   Data   RO          781    FSymTab             cmd.o
    0x08023bb8   0x0000000c   Data   RO         1011    FSymTab             msh.o
    0x08023bc4   0x0000000c   Data   RO         1188    FSymTab             mem.o
    0x08023bd0   0x00000020   Data   RO         3247    Region$$Table       anon$$obj.o


    Execution Region RW_IRAM1 (Base: 0x20000000, Size: 0x0000d1e0, Max: 0x00020000, ABSOLUTE, COMPRESSED[0x00000148])

    Base Addr    Size         Type   Attr      Idx    E Section Name        Object

    0x20000000   0x00000018   Data   RW          330    .data               interface.o
    0x20000018   0x00000010   Data   RW          380    .data               uart_protocol.o
    0x20000028   0x00000018   Data   RW          414    .data               fpga_upgrade.o
    0x20000040   0x00000009   Data   RW          659    .data               stm32f4_spi.o
    0x20000049   0x00000003   PAD
    0x2000004c   0x00000018   Data   RW          686    .data               stm32f4_uart.o
    0x20000064   0x00000004   Data   RW         1056    .data               shell.o
    0x20000068   0x00000010   Data   RW         1071    .data               symbol.o
    0x20000078   0x00000004   Data   RW         1085    .data               clock.o
    0x2000007c   0x00000001   Data   RW         1148    .data               irq.o
    0x2000007d   0x00000003   PAD
    0x20000080   0x0000000c   Data   RW         1165    .data               kservice.o
    0x2000008c   0x00000018   Data   RW         1186    .data               mem.o
    0x200000a4   0x00000090   Data   RW         1226    .data               object.o
    0x20000134   0x00000018   Data   RW         1246    .data               scheduler.o
    0x2000014c   0x0000000c   Data   RW         1289    .data               timer.o
    0x20000158   0x00000014   Data   RW         1316    .data               system_stm32f4xx.o
    0x2000016c   0x00000010   Data   RW         1348    .data               cpuport.o
    0x2000017c   0x00000104   Data   RW         1416    .data               string.o
    0x20000280   0x00000010   Data   RW         1805    .data               stm32f4xx_rcc.o
    0x20000290   0x00000010   Data   RW         2000    .data               stm32f4x7_eth.o
    0x200002a0   0x00000008   Data   RW         2249    .data               sockets.o
    0x200002a8   0x0000000c   Data   RW         2288    .data               tcpip.o
    0x200002b4   0x00000006   Data   RW         2342    .data               sys_arch.o
    0x200002ba   0x00000002   PAD
    0x200002bc   0x00000009   Data   RW         2498    .data               netif.o
    0x200002c5   0x00000001   Data   RW         2534    .data               pbuf.o
    0x200002c6   0x00000002   PAD
    0x200002c8   0x00000004   Data   RW         2561    .data               raw.o
    0x200002cc   0x00000024   Data   RW         2595    .data               tcp.o
    0x200002f0   0x00000020   Data   RW         2621    .data               tcp_in.o
    0x20000310   0x00000008   Data   RW         2659    .data               timers.o
    0x20000318   0x00000008   Data   RW         2685    .data               udp.o
    0x20000320   0x00000012   Data   RW         2745    .data               ip.o
    0x20000332   0x00000001   Data   RW         2805    .data               etharp.o
    0x20000333   0x00000001   PAD
    0x20000334   0x00000024   Data   RW         2853    .data               httpd.o
    0x20000358   0x00000084   Data   RW         2937    .data               httpd_cgi_ssi.o
    0x200003dc   0x00000010   Data   RW         2987    .data               udp_connect.o
    0x200003ec   0x00000b60   Zero   RW          166    .bss                application.o
    0x20000f4c   0x00000064   Zero   RW          329    .bss                interface.o
    0x20000fb0   0x00000411   Zero   RW          359    .bss                queue.o
    0x200013c1   0x00000003   PAD
    0x200013c4   0x00000148   Zero   RW          379    .bss                uart_protocol.o
    0x2000150c   0x00000064   Zero   RW          413    .bss                fpga_upgrade.o
    0x20001570   0x00000410   Zero   RW          486    .bss                upgrade.o
    0x20001980   0x00000515   Zero   RW          514    .bss                ymodem.o
    0x20001e95   0x00000003   PAD
    0x20001e98   0x000000e0   Zero   RW          571    .bss                stm32f4_eth.o
    0x20001f78   0x000000e4   Zero   RW          657    .bss                stm32f4_spi.o
    0x2000205c   0x000004c0   Zero   RW          685    .bss                stm32f4_uart.o
    0x2000251c   0x00000004   PAD
    0x20002520   0x00000931   Zero   RW         1054    .bss                shell.o
    0x20002e51   0x00000007   PAD
    0x20002e58   0x000001b0   Zero   RW         1113    .bss                idle.o
    0x20003008   0x00000080   Zero   RW         1163    .bss                kservice.o
    0x20003088   0x00000038   Zero   RW         1183    .bss                mem.o
    0x200030c0   0x00000100   Zero   RW         1244    .bss                scheduler.o
    0x200031c0   0x0000799c   Zero   RW         1999    .bss                stm32f4x7_eth.o
    0x2000ab5c   0x000000f0   Zero   RW         2024    .bss                fs.o
    0x2000ac4c   0x00000060   Zero   RW         2247    .bss                sockets.o
    0x2000acac   0x00000010   Zero   RW         2620    .bss                tcp_in.o
    0x2000acbc   0x00000010   Zero   RW         2773    .bss                ip_addr.o
    0x2000accc   0x000000c8   Zero   RW         2802    .bss                etharp.o
    0x2000ad94   0x000012f0   Zero   RW         2823    .bss                ethernetif.o
    0x2000c084   0x00000400   Zero   RW         2850    .bss                httpd.o
    0x2000c484   0x00000040   Zero   RW         2934    .bss                httpd_cgi_ssi.o
    0x2000c4c4   0x000006bc   Zero   RW         2986    .bss                udp_connect.o
    0x2000cb80   0x00000060   Zero   RW         3122    .bss                c_w.l(libspace.o)
    0x2000cbe0   0x00000200   Zero   RW         1306    HEAP                startup_stm32f40xx.o
    0x2000cde0   0x00000400   Zero   RW         1305    STACK               startup_stm32f40xx.o


==============================================================================

Image component sizes


      Code (inc. data)   RO Data    RW Data    ZI Data      Debug   Object Name

      3016        770          0          0          0      26020   api_lib.o
      6104       1194          0          0          0      20294   api_msg.o
       532        258          0          0       2912      54655   application.o
       420         20          0          0          0      27949   board.o
        96          4          0          4          0       1668   clock.o
      2960       1292       1846          0          0      18338   cmd.o
       348          4          0          0          0       1645   common.o
       272         24          0          0          0        792   context_rvds.o
       400        188         19         16          0       3739   cpuport.o
        62          0          0          0          0       1246   def.o
       828        132        168          0          0       4773   device.o
      3702        580         80          1        200      10291   etharp.o
      1640        512         65          0       4848       5602   ethernetif.o
       352         78          0         24        100       3328   fpga_upgrade.o
       264          8      19512          0        240       4654   fs.o
      4532        708        162         36       1024      23711   httpd.o
      7364        566        538        132         64      15213   httpd_cgi_ssi.o
       972        322          0          0          0       2407   icmp.o
       288         68         22          0        432       2784   idle.o
       628         54          0          0          0       3001   inet_chksum.o
        28          0          0          0          0      14904   init.o
       548         80          0         24        100       5471   interface.o
       952        120          0         18          0       6315   ip.o
       760         58          8          0         16       9479   ip_addr.o
      5376        356        471          0          0      18983   ipc.o
        72          6          0          1          0       1534   irq.o
      2636        230        290         12        128      11752   kservice.o
      1100        312          0          0          0       4359   mcu_api.o
      2100        548        358         24         56       5081   mem.o
         0          0         26          0          0       1153   memp.o
       968        102         62          0          0       4527   mempool.o
       224         20          0          0          0       2049   misc.o
       788        100         59          0          0       5008   msh.o
       908        292          0          0          0       7857   netbuf.o
       704         74          0          9          0      15322   netif.o
       248          0          0          0          0       4989   netifapi.o
       620        130         94        144          0       4673   object.o
      4020       1128          0          1          0       9975   pbuf.o
       224         40          0          0       1041       2677   queue.o
       520         84          0          4          0       3421   raw.o
       528         58         52         24        256       4288   scheduler.o
      1948        364        184          0          0       5265   serial.o
      2364        250         96          4       2353       5105   shell.o
      7284        614         64          8         96      32637   sockets.o
      1188        422         91          0          0       4706   spansion.o
      1340        112        172          0          0       5439   spi_bus.o
       460         90          0          0          0       3124   spi_flash.o
       380        244        137          0          0     310071   startup.o
        64         26        392          0       1536        844   startup_stm32f40xx.o
       226          0          0          0          0       1867   stdlib.o
      1496        234          0          0        224       7506   stm32f4_eth.o
        18          0          0          0          0        949   stm32f4_it.o
      1320        182         54          9        228       4385   stm32f4_spi.o
       440         50          0         24       1216       1929   stm32f4_uart.o
      4252         94          0         16      31132      21253   stm32f4x7_eth.o
       936         32          0          0          0       6521   stm32f4xx_dma.o
       660         44          0          0          0       4325   stm32f4xx_gpio.o
      1628         52          0         16          0      13240   stm32f4xx_rcc.o
      1152         36          0          0          0       7073   stm32f4xx_spi.o
       148         12          0          0          0       1945   stm32f4xx_syscfg.o
      1108         34          0          0          0       8024   stm32f4xx_usart.o
      1964         12          0        260          0      10284   string.o
         0          0          0         16          0       4385   symbol.o
      1872        354        179          6          0      15609   sys_arch.o
       528         46          0         20          0       1963   system_stm32f4xx.o
      5244       1082        197         36          0      22044   tcp.o
      7376       1016          0         32         16      16143   tcp_in.o
      4650        816         85          0          0       9759   tcp_out.o
       956        140          0         12          0      18014   tcpip.o
      1440        206        170          0          0       7481   thread.o
      1084         90         92         12          0       6345   timer.o
       636        126          0          8          0       3147   timers.o
      2348        320          0         16        328       5533   uart_protocol.o
      1400        154          0          8          0       7150   udp.o
      1208        366          0         16       1724       5968   udp_connect.o
       116         60          0          0       1040       1403   upgrade.o
      1836        112          0          0       1301       6907   ymodem.o

    ----------------------------------------------------------------------
    119184      18312      25804       1004      52628     964270   Object Totals
         0          0         32          0          0          0   (incl. Generated)
        10          0         27         11         17          0   (incl. Padding)

    ----------------------------------------------------------------------

      Code (inc. data)   RO Data    RW Data    ZI Data      Debug   Library Member Name

        90          0          0          0          0          0   __dczerorl2.o
         8          0          0          0          0         68   __main.o
       104          0          0          0          0         84   __printf.o
         0          0          0          0          0          0   __rtentry.o
        12          0          0          0          0          0   __rtentry2.o
         6          0          0          0          0          0   __rtentry4.o
        52          8          0          0          0          0   __scatter.o
        28          0          0          0          0          0   __scatter_zi.o
        48          6          0          0          0         96   _printf_char_common.o
         6          0          0          0          0          0   _printf_d.o
       120         16          0          0          0         92   _printf_dec.o
       178          0          0          0          0         88   _printf_intcommon.o
         0          0          0          0          0          0   _printf_percent.o
         4          0          0          0          0          0   _printf_percent_end.o
        10          0          0          0          0         68   _sputc.o
        12          0          0          0          0         72   exit.o
         6          0          0          0          0        152   heapauxi.o
         0          0          0          0          0          0   indicate_semi.o
         2          0          0          0          0          0   libinit.o
         6          0          0          0          0          0   libinit2.o
         2          0          0          0          0          0   libshutdown.o
         2          0          0          0          0          0   libshutdown2.o
         8          4          0          0         96         68   libspace.o
        88          0          0          0          0         76   memcmp.o
        40          6          0          0          0         84   noretval__2sprintf.o
        68          0          0          0          0         68   rt_memclr.o
        78          0          0          0          0         80   rt_memclr_w.o
       138          0          0          0          0         68   rt_memcpy_v6.o
       100          0          0          0          0         80   rt_memcpy_w.o
         2          0          0          0          0          0   rtexit.o
        10          0          0          0          0          0   rtexit2.o
        62          0          0          0          0         76   strlen.o
        36          0          0          0          0         80   strstr.o
        12          4          0          0          0         68   sys_exit.o
        74          0          0          0          0         80   sys_stackheap_outer.o
         2          0          0          0          0         68   use_no_semi.o
        10          0          0          0          0        116   fpinit.o

    ----------------------------------------------------------------------
      1428         44          0          0         96       1732   Library Totals
         4          0          0          0          0          0   (incl. Padding)

    ----------------------------------------------------------------------

      Code (inc. data)   RO Data    RW Data    ZI Data      Debug   Library Name

      1414         44          0          0         96       1616   c_w.l
        10          0          0          0          0        116   fz_wm.l

    ----------------------------------------------------------------------
      1428         44          0          0         96       1732   Library Totals

    ----------------------------------------------------------------------

==============================================================================


      Code (inc. data)   RO Data    RW Data    ZI Data      Debug   

    120612      18356      25804       1004      52724     950870   Grand Totals
    120612      18356      25804        328      52724     950870   ELF Image Totals (compressed)
    120612      18356      25804        328          0          0   ROM Totals

==============================================================================

    Total RO  Size (Code + RO Data)               146416 ( 142.98kB)
    Total RW  Size (RW Data + ZI Data)             53728 (  52.47kB)
    Total ROM Size (Code + RO Data + RW Data)     146744 ( 143.30kB)

==============================================================================

