<!doctype html public "-//w3c//dtd html 4.0 transitional//en">
<html><head>
<title>Static Call Graph - [.\Objects\APP_MCU.axf]</title></head>
<body><HR>
<H1>Static Call Graph for image .\Objects\APP_MCU.axf</H1><HR>
<BR><P>#&#060CALLGRAPH&#062# ARM Linker, 5050169: Last Updated: Tue Oct 23 14:20:53 2018
<BR><P>
<H3>Maximum Stack Usage =        792 bytes + Unknown(Functions without stacksize, Cycles, Untraceable Function Pointers)</H3><H3>
Call chain for Maximum Stack Depth:</H3>
UDP_fc_task &rArr; mavlink_prase &rArr; mavlink_frame_char_buffer &rArr; mavlink_signature_check &rArr; mavlink_sha256_final_48 &rArr; mavlink_sha256_update &rArr; mavlink_sha256_calc
<P>
<H3>
Functions with no stack information
</H3><UL>
 <LI><a href="#[405]">__user_initial_stackheap</a>
</UL>
</UL>
<P>
<H3>
Mutually Recursive functions
</H3> <LI><a href="#[182]">rt_assert_handler</a>&nbsp;&nbsp;&nbsp;&rArr;&nbsp;&nbsp;&nbsp;<a href="#[e2]">rt_kprintf</a><BR>
 <LI><a href="#[21]">ADC_IRQHandler</a>&nbsp;&nbsp;&nbsp;&rArr;&nbsp;&nbsp;&nbsp;<a href="#[21]">ADC_IRQHandler</a><BR>
 <LI><a href="#[2d3]">netconn_drain</a>&nbsp;&nbsp;&nbsp;&rArr;&nbsp;&nbsp;&nbsp;<a href="#[2d3]">netconn_drain</a><BR>
 <LI><a href="#[307]">lwip_send</a>&nbsp;&nbsp;&nbsp;&rArr;&nbsp;&nbsp;&nbsp;<a href="#[306]">lwip_sendto</a><BR>
</UL>
<P>
<H3>
Function Pointers
</H3><UL>
 <LI><a href="#[21]">ADC_IRQHandler</a> from startup_stm32f40xx.o(.text) referenced from startup_stm32f40xx.o(RESET)
 <LI><a href="#[b4]">ANT_SEL_CGI_Handler</a> from httpd_cgi_ssi.o(.text) referenced from httpd_cgi_ssi.o(.constdata)
 <LI><a href="#[af]">BACKHOME_CGI_Handler</a> from httpd_cgi_ssi.o(.text) referenced from httpd_cgi_ssi.o(.constdata)
 <LI><a href="#[9]">BusFault_Handler</a> from stm32f4_it.o(.text) referenced from startup_stm32f40xx.o(RESET)
 <LI><a href="#[23]">CAN1_RX0_IRQHandler</a> from startup_stm32f40xx.o(.text) referenced from startup_stm32f40xx.o(RESET)
 <LI><a href="#[24]">CAN1_RX1_IRQHandler</a> from startup_stm32f40xx.o(.text) referenced from startup_stm32f40xx.o(RESET)
 <LI><a href="#[25]">CAN1_SCE_IRQHandler</a> from startup_stm32f40xx.o(.text) referenced from startup_stm32f40xx.o(RESET)
 <LI><a href="#[22]">CAN1_TX_IRQHandler</a> from startup_stm32f40xx.o(.text) referenced from startup_stm32f40xx.o(RESET)
 <LI><a href="#[4f]">CAN2_RX0_IRQHandler</a> from startup_stm32f40xx.o(.text) referenced from startup_stm32f40xx.o(RESET)
 <LI><a href="#[50]">CAN2_RX1_IRQHandler</a> from startup_stm32f40xx.o(.text) referenced from startup_stm32f40xx.o(RESET)
 <LI><a href="#[51]">CAN2_SCE_IRQHandler</a> from startup_stm32f40xx.o(.text) referenced from startup_stm32f40xx.o(RESET)
 <LI><a href="#[4e]">CAN2_TX_IRQHandler</a> from startup_stm32f40xx.o(.text) referenced from startup_stm32f40xx.o(RESET)
 <LI><a href="#[ae]">CONFIG_CGI_Handler</a> from httpd_cgi_ssi.o(.text) referenced from httpd_cgi_ssi.o(.constdata)
 <LI><a href="#[5e]">CRYP_IRQHandler</a> from startup_stm32f40xx.o(.text) referenced from startup_stm32f40xx.o(RESET)
 <LI><a href="#[5d]">DCMI_IRQHandler</a> from startup_stm32f40xx.o(.text) referenced from startup_stm32f40xx.o(RESET)
 <LI><a href="#[1a]">DMA1_Stream0_IRQHandler</a> from startup_stm32f40xx.o(.text) referenced from startup_stm32f40xx.o(RESET)
 <LI><a href="#[1b]">DMA1_Stream1_IRQHandler</a> from startup_stm32f40xx.o(.text) referenced from startup_stm32f40xx.o(RESET)
 <LI><a href="#[1c]">DMA1_Stream2_IRQHandler</a> from startup_stm32f40xx.o(.text) referenced from startup_stm32f40xx.o(RESET)
 <LI><a href="#[1d]">DMA1_Stream3_IRQHandler</a> from startup_stm32f40xx.o(.text) referenced from startup_stm32f40xx.o(RESET)
 <LI><a href="#[1e]">DMA1_Stream4_IRQHandler</a> from startup_stm32f40xx.o(.text) referenced from startup_stm32f40xx.o(RESET)
 <LI><a href="#[1f]">DMA1_Stream5_IRQHandler</a> from startup_stm32f40xx.o(.text) referenced from startup_stm32f40xx.o(RESET)
 <LI><a href="#[20]">DMA1_Stream6_IRQHandler</a> from startup_stm32f40xx.o(.text) referenced from startup_stm32f40xx.o(RESET)
 <LI><a href="#[3e]">DMA1_Stream7_IRQHandler</a> from startup_stm32f40xx.o(.text) referenced from startup_stm32f40xx.o(RESET)
 <LI><a href="#[47]">DMA2_Stream0_IRQHandler</a> from startup_stm32f40xx.o(.text) referenced from startup_stm32f40xx.o(RESET)
 <LI><a href="#[48]">DMA2_Stream1_IRQHandler</a> from startup_stm32f40xx.o(.text) referenced from startup_stm32f40xx.o(RESET)
 <LI><a href="#[49]">DMA2_Stream2_IRQHandler</a> from startup_stm32f40xx.o(.text) referenced from startup_stm32f40xx.o(RESET)
 <LI><a href="#[4a]">DMA2_Stream3_IRQHandler</a> from startup_stm32f40xx.o(.text) referenced from startup_stm32f40xx.o(RESET)
 <LI><a href="#[4b]">DMA2_Stream4_IRQHandler</a> from startup_stm32f40xx.o(.text) referenced from startup_stm32f40xx.o(RESET)
 <LI><a href="#[53]">DMA2_Stream5_IRQHandler</a> from startup_stm32f40xx.o(.text) referenced from startup_stm32f40xx.o(RESET)
 <LI><a href="#[54]">DMA2_Stream6_IRQHandler</a> from startup_stm32f40xx.o(.text) referenced from startup_stm32f40xx.o(RESET)
 <LI><a href="#[55]">DMA2_Stream7_IRQHandler</a> from startup_stm32f40xx.o(.text) referenced from startup_stm32f40xx.o(RESET)
 <LI><a href="#[b3]">DOWNLINK_CGI_Handler</a> from httpd_cgi_ssi.o(.text) referenced from httpd_cgi_ssi.o(.constdata)
 <LI><a href="#[c]">DebugMon_Handler</a> from stm32f4_it.o(.text) referenced from startup_stm32f40xx.o(RESET)
 <LI><a href="#[4c]">ETH_IRQHandler</a> from stm32f4_eth.o(.text) referenced from startup_stm32f40xx.o(RESET)
 <LI><a href="#[4d]">ETH_WKUP_IRQHandler</a> from startup_stm32f40xx.o(.text) referenced from startup_stm32f40xx.o(RESET)
 <LI><a href="#[15]">EXTI0_IRQHandler</a> from startup_stm32f40xx.o(.text) referenced from startup_stm32f40xx.o(RESET)
 <LI><a href="#[37]">EXTI15_10_IRQHandler</a> from startup_stm32f40xx.o(.text) referenced from startup_stm32f40xx.o(RESET)
 <LI><a href="#[16]">EXTI1_IRQHandler</a> from startup_stm32f40xx.o(.text) referenced from startup_stm32f40xx.o(RESET)
 <LI><a href="#[17]">EXTI2_IRQHandler</a> from startup_stm32f40xx.o(.text) referenced from startup_stm32f40xx.o(RESET)
 <LI><a href="#[18]">EXTI3_IRQHandler</a> from startup_stm32f40xx.o(.text) referenced from startup_stm32f40xx.o(RESET)
 <LI><a href="#[19]">EXTI4_IRQHandler</a> from startup_stm32f40xx.o(.text) referenced from startup_stm32f40xx.o(RESET)
 <LI><a href="#[26]">EXTI9_5_IRQHandler</a> from startup_stm32f40xx.o(.text) referenced from startup_stm32f40xx.o(RESET)
 <LI><a href="#[13]">FLASH_IRQHandler</a> from startup_stm32f40xx.o(.text) referenced from startup_stm32f40xx.o(RESET)
 <LI><a href="#[60]">FPU_IRQHandler</a> from startup_stm32f40xx.o(.text) referenced from startup_stm32f40xx.o(RESET)
 <LI><a href="#[3f]">FSMC_IRQHandler</a> from startup_stm32f40xx.o(.text) referenced from startup_stm32f40xx.o(RESET)
 <LI><a href="#[5f]">HASH_RNG_IRQHandler</a> from startup_stm32f40xx.o(.text) referenced from startup_stm32f40xx.o(RESET)
 <LI><a href="#[7]">HardFault_Handler</a> from context_rvds.o(.text) referenced from startup_stm32f40xx.o(RESET)
 <LI><a href="#[2f]">I2C1_ER_IRQHandler</a> from startup_stm32f40xx.o(.text) referenced from startup_stm32f40xx.o(RESET)
 <LI><a href="#[2e]">I2C1_EV_IRQHandler</a> from startup_stm32f40xx.o(.text) referenced from startup_stm32f40xx.o(RESET)
 <LI><a href="#[31]">I2C2_ER_IRQHandler</a> from startup_stm32f40xx.o(.text) referenced from startup_stm32f40xx.o(RESET)
 <LI><a href="#[30]">I2C2_EV_IRQHandler</a> from startup_stm32f40xx.o(.text) referenced from startup_stm32f40xx.o(RESET)
 <LI><a href="#[58]">I2C3_ER_IRQHandler</a> from startup_stm32f40xx.o(.text) referenced from startup_stm32f40xx.o(RESET)
 <LI><a href="#[57]">I2C3_EV_IRQHandler</a> from startup_stm32f40xx.o(.text) referenced from startup_stm32f40xx.o(RESET)
 <LI><a href="#[8]">MemManage_Handler</a> from stm32f4_it.o(.text) referenced from startup_stm32f40xx.o(RESET)
 <LI><a href="#[6]">NMI_Handler</a> from stm32f4_it.o(.text) referenced from startup_stm32f40xx.o(RESET)
 <LI><a href="#[52]">OTG_FS_IRQHandler</a> from startup_stm32f40xx.o(.text) referenced from startup_stm32f40xx.o(RESET)
 <LI><a href="#[39]">OTG_FS_WKUP_IRQHandler</a> from startup_stm32f40xx.o(.text) referenced from startup_stm32f40xx.o(RESET)
 <LI><a href="#[5a]">OTG_HS_EP1_IN_IRQHandler</a> from startup_stm32f40xx.o(.text) referenced from startup_stm32f40xx.o(RESET)
 <LI><a href="#[59]">OTG_HS_EP1_OUT_IRQHandler</a> from startup_stm32f40xx.o(.text) referenced from startup_stm32f40xx.o(RESET)
 <LI><a href="#[5c]">OTG_HS_IRQHandler</a> from startup_stm32f40xx.o(.text) referenced from startup_stm32f40xx.o(RESET)
 <LI><a href="#[5b]">OTG_HS_WKUP_IRQHandler</a> from startup_stm32f40xx.o(.text) referenced from startup_stm32f40xx.o(RESET)
 <LI><a href="#[10]">PVD_IRQHandler</a> from startup_stm32f40xx.o(.text) referenced from startup_stm32f40xx.o(RESET)
 <LI><a href="#[d]">PendSV_Handler</a> from context_rvds.o(.text) referenced from startup_stm32f40xx.o(RESET)
 <LI><a href="#[14]">RCC_IRQHandler</a> from startup_stm32f40xx.o(.text) referenced from startup_stm32f40xx.o(RESET)
 <LI><a href="#[38]">RTC_Alarm_IRQHandler</a> from startup_stm32f40xx.o(.text) referenced from startup_stm32f40xx.o(RESET)
 <LI><a href="#[12]">RTC_WKUP_IRQHandler</a> from startup_stm32f40xx.o(.text) referenced from startup_stm32f40xx.o(RESET)
 <LI><a href="#[b1]">RXFREQ_CGI_Handler</a> from httpd_cgi_ssi.o(.text) referenced from httpd_cgi_ssi.o(.constdata)
 <LI><a href="#[5]">Reset_Handler</a> from startup_stm32f40xx.o(.text) referenced from startup_stm32f40xx.o(RESET)
 <LI><a href="#[40]">SDIO_IRQHandler</a> from startup_stm32f40xx.o(.text) referenced from startup_stm32f40xx.o(RESET)
 <LI><a href="#[32]">SPI1_IRQHandler</a> from startup_stm32f40xx.o(.text) referenced from startup_stm32f40xx.o(RESET)
 <LI><a href="#[33]">SPI2_IRQHandler</a> from startup_stm32f40xx.o(.text) referenced from startup_stm32f40xx.o(RESET)
 <LI><a href="#[42]">SPI3_IRQHandler</a> from startup_stm32f40xx.o(.text) referenced from startup_stm32f40xx.o(RESET)
 <LI><a href="#[aa]">SSIHandler</a> from httpd_cgi_ssi.o(.text) referenced from httpd_cgi_ssi.o(.text)
 <LI><a href="#[b]">SVC_Handler</a> from stm32f4_it.o(.text) referenced from startup_stm32f40xx.o(RESET)
 <LI><a href="#[e]">SysTick_Handler</a> from board.o(.text) referenced from startup_stm32f40xx.o(RESET)
 <LI><a href="#[79]">SystemInit</a> from system_stm32f4xx.o(.text) referenced from startup_stm32f40xx.o(.text)
 <LI><a href="#[11]">TAMP_STAMP_IRQHandler</a> from startup_stm32f40xx.o(.text) referenced from startup_stm32f40xx.o(RESET)
 <LI><a href="#[27]">TIM1_BRK_TIM9_IRQHandler</a> from startup_stm32f40xx.o(.text) referenced from startup_stm32f40xx.o(RESET)
 <LI><a href="#[2a]">TIM1_CC_IRQHandler</a> from startup_stm32f40xx.o(.text) referenced from startup_stm32f40xx.o(RESET)
 <LI><a href="#[29]">TIM1_TRG_COM_TIM11_IRQHandler</a> from startup_stm32f40xx.o(.text) referenced from startup_stm32f40xx.o(RESET)
 <LI><a href="#[28]">TIM1_UP_TIM10_IRQHandler</a> from startup_stm32f40xx.o(.text) referenced from startup_stm32f40xx.o(RESET)
 <LI><a href="#[2b]">TIM2_IRQHandler</a> from startup_stm32f40xx.o(.text) referenced from startup_stm32f40xx.o(RESET)
 <LI><a href="#[2c]">TIM3_IRQHandler</a> from timer.o(.text) referenced from startup_stm32f40xx.o(RESET)
 <LI><a href="#[2d]">TIM4_IRQHandler</a> from startup_stm32f40xx.o(.text) referenced from startup_stm32f40xx.o(RESET)
 <LI><a href="#[41]">TIM5_IRQHandler</a> from startup_stm32f40xx.o(.text) referenced from startup_stm32f40xx.o(RESET)
 <LI><a href="#[45]">TIM6_DAC_IRQHandler</a> from startup_stm32f40xx.o(.text) referenced from startup_stm32f40xx.o(RESET)
 <LI><a href="#[46]">TIM7_IRQHandler</a> from startup_stm32f40xx.o(.text) referenced from startup_stm32f40xx.o(RESET)
 <LI><a href="#[3a]">TIM8_BRK_TIM12_IRQHandler</a> from startup_stm32f40xx.o(.text) referenced from startup_stm32f40xx.o(RESET)
 <LI><a href="#[3d]">TIM8_CC_IRQHandler</a> from startup_stm32f40xx.o(.text) referenced from startup_stm32f40xx.o(RESET)
 <LI><a href="#[3c]">TIM8_TRG_COM_TIM14_IRQHandler</a> from startup_stm32f40xx.o(.text) referenced from startup_stm32f40xx.o(RESET)
 <LI><a href="#[3b]">TIM8_UP_TIM13_IRQHandler</a> from startup_stm32f40xx.o(.text) referenced from startup_stm32f40xx.o(RESET)
 <LI><a href="#[b0]">TXFREQ_CGI_Handler</a> from httpd_cgi_ssi.o(.text) referenced from httpd_cgi_ssi.o(.constdata)
 <LI><a href="#[b2]">TXPOWER_CGI_Handler</a> from httpd_cgi_ssi.o(.text) referenced from httpd_cgi_ssi.o(.constdata)
 <LI><a href="#[43]">UART4_IRQHandler</a> from startup_stm32f40xx.o(.text) referenced from startup_stm32f40xx.o(RESET)
 <LI><a href="#[44]">UART5_IRQHandler</a> from startup_stm32f40xx.o(.text) referenced from startup_stm32f40xx.o(RESET)
 <LI><a href="#[3bd]">UDP_fc_task</a> from udp_connect.o(.text) referenced from udp_connect.o(.text)
 <LI><a href="#[3b5]">UDP_ground_task</a> from udp_connect.o(.text) referenced from udp_connect.o(.text)
 <LI><a href="#[3b4]">UDP_linkhub_task</a> from udp_connect.o(.text) referenced from udp_connect.o(.text)
 <LI><a href="#[3b2]">UDP_recvcgi_task</a> from udp_connect.o(.text) referenced from udp_connect.o(.text)
 <LI><a href="#[34]">USART1_IRQHandler</a> from stm32f4_uart.o(.text) referenced from startup_stm32f40xx.o(RESET)
 <LI><a href="#[35]">USART2_IRQHandler</a> from stm32f4_uart.o(.text) referenced from startup_stm32f40xx.o(RESET)
 <LI><a href="#[36]">USART3_IRQHandler</a> from startup_stm32f40xx.o(.text) referenced from startup_stm32f40xx.o(RESET)
 <LI><a href="#[56]">USART6_IRQHandler</a> from startup_stm32f40xx.o(.text) referenced from startup_stm32f40xx.o(RESET)
 <LI><a href="#[a]">UsageFault_Handler</a> from stm32f4_it.o(.text) referenced from startup_stm32f40xx.o(RESET)
 <LI><a href="#[f]">WWDG_IRQHandler</a> from startup_stm32f40xx.o(.text) referenced from startup_stm32f40xx.o(RESET)
 <LI><a href="#[c8]">__main</a> from __main.o(!!!main) referenced from startup_stm32f40xx.o(.text)
 <LI><a href="#[ac]">_printf_input_char</a> from _printf_char_common.o(.text) referenced from _printf_char_common.o(.text)
 <LI><a href="#[ab]">_sputc</a> from _sputc.o(.text) referenced from noretval__2sprintf.o(.text)
 <LI><a href="#[8e]">accept_function</a> from api_msg.o(.text) referenced from api_msg.o(.text)
 <LI><a href="#[62]">antenna_swtich_task</a> from antenna_sw.o(.text) referenced from application.o(.text)
 <LI><a href="#[9b]">arp_timer</a> from timers.o(.text) referenced from timers.o(.text)
 <LI><a href="#[c2]">cmd_fc_100m</a> from cmd.o(.text) referenced from cmd.o(FSymTab)
 <LI><a href="#[c3]">cmd_ifconfig</a> from cmd.o(.text) referenced from cmd.o(FSymTab)
 <LI><a href="#[c1]">cmd_phy_bd</a> from cmd.o(.text) referenced from cmd.o(FSymTab)
 <LI><a href="#[c4]">cmd_rd_phy</a> from cmd.o(.text) referenced from cmd.o(FSymTab)
 <LI><a href="#[c5]">cmd_wr_phy</a> from cmd.o(.text) referenced from cmd.o(FSymTab)
 <LI><a href="#[3]">configure</a> from stm32f4_spi.o(.text) referenced 2 times from stm32f4_spi.o(.data)
 <LI><a href="#[7e]">do_bind</a> from api_msg.o(.text) referenced from api_lib.o(.text)
 <LI><a href="#[85]">do_close</a> from api_msg.o(.text) referenced from api_lib.o(.text)
 <LI><a href="#[7f]">do_connect</a> from api_msg.o(.text) referenced from api_lib.o(.text)
 <LI><a href="#[8d]">do_connected</a> from api_msg.o(.text) referenced from api_msg.o(.text)
 <LI><a href="#[7c]">do_delconn</a> from api_msg.o(.text) referenced from api_lib.o(.text)
 <LI><a href="#[80]">do_disconnect</a> from api_msg.o(.text) referenced from api_lib.o(.text)
 <LI><a href="#[7d]">do_getaddr</a> from api_msg.o(.text) referenced from api_lib.o(.text)
 <LI><a href="#[86]">do_join_leave_group</a> from api_msg.o(.text) referenced from api_lib.o(.text)
 <LI><a href="#[81]">do_listen</a> from api_msg.o(.text) referenced from api_lib.o(.text)
 <LI><a href="#[2ef]">do_netifapi_netif_add</a> from netifapi.o(.text) referenced from netifapi.o(.text)
 <LI><a href="#[2f3]">do_netifapi_netif_common</a> from netifapi.o(.text) referenced from netifapi.o(.text)
 <LI><a href="#[2f1]">do_netifapi_netif_set_addr</a> from netifapi.o(.text) referenced from netifapi.o(.text)
 <LI><a href="#[7b]">do_newconn</a> from api_msg.o(.text) referenced from api_lib.o(.text)
 <LI><a href="#[82]">do_recv</a> from api_msg.o(.text) referenced from api_lib.o(.text)
 <LI><a href="#[83]">do_send</a> from api_msg.o(.text) referenced from api_lib.o(.text)
 <LI><a href="#[84]">do_write</a> from api_msg.o(.text) referenced from api_lib.o(.text)
 <LI><a href="#[89]">err_tcp</a> from api_msg.o(.text) referenced 2 times from api_msg.o(.text)
 <LI><a href="#[9f]">eth_netif_device_init</a> from ethernetif.o(.text) referenced from ethernetif.o(.text)
 <LI><a href="#[a2]">eth_rx_thread_entry</a> from ethernetif.o(.text) referenced from ethernetif.o(.text)
 <LI><a href="#[a3]">eth_tx_thread_entry</a> from ethernetif.o(.text) referenced from ethernetif.o(.text)
 <LI><a href="#[9d]">etharp_output</a> from etharp.o(.text) referenced 2 times from ethernetif.o(.text)
 <LI><a href="#[9e]">ethernetif_linkoutput</a> from ethernetif.o(.text) referenced from ethernetif.o(.text)
 <LI><a href="#[8f]">event_callback</a> from sockets.o(.text) referenced 2 times from sockets.o(.text)
 <LI><a href="#[77]">finsh_rx_ind</a> from shell.o(.text) referenced from shell.o(.text)
 <LI><a href="#[1dc]">finsh_thread_entry</a> from shell.o(.text) referenced from shell.o(.text)
 <LI><a href="#[ad]">fputc</a> from stm32f4_uart.o(.text) referenced from _printf_char_file.o(.text)
 <LI><a href="#[b5]">hello</a> from cmd.o(.text) referenced from cmd.o(FSymTab)
 <LI><a href="#[a9]">http_accept</a> from httpd.o(.text) referenced from httpd.o(.text)
 <LI><a href="#[a7]">http_err</a> from httpd.o(.text) referenced from httpd.o(.text)
 <LI><a href="#[a5]">http_poll</a> from httpd.o(.text) referenced 2 times from httpd.o(.text)
 <LI><a href="#[a6]">http_recv</a> from httpd.o(.text) referenced from httpd.o(.text)
 <LI><a href="#[a8]">http_sent</a> from httpd.o(.text) referenced from httpd.o(.text)
 <LI><a href="#[9c]">igmp_timer</a> from timers.o(.text) referenced from timers.o(.text)
 <LI><a href="#[f1]">init_thread_entry</a> from application.o(.text) referenced from application.o(.text)
 <LI><a href="#[c0]">list</a> from cmd.o(.text) referenced from cmd.o(FSymTab)
 <LI><a href="#[bf]">list_device</a> from cmd.o(.text) referenced 2 times from cmd.o(FSymTab)
 <LI><a href="#[b9]">list_event</a> from cmd.o(.text) referenced 2 times from cmd.o(FSymTab)
 <LI><a href="#[bb]">list_mailbox</a> from cmd.o(.text) referenced 2 times from cmd.o(FSymTab)
 <LI><a href="#[c7]">list_mem</a> from mem.o(.text) referenced from mem.o(FSymTab)
 <LI><a href="#[bd]">list_mempool</a> from cmd.o(.text) referenced 2 times from cmd.o(FSymTab)
 <LI><a href="#[bc]">list_msgqueue</a> from cmd.o(.text) referenced 2 times from cmd.o(FSymTab)
 <LI><a href="#[ba]">list_mutex</a> from cmd.o(.text) referenced 2 times from cmd.o(FSymTab)
 <LI><a href="#[b8]">list_sem</a> from cmd.o(.text) referenced 2 times from cmd.o(FSymTab)
 <LI><a href="#[b7]">list_thread</a> from cmd.o(.text) referenced 2 times from cmd.o(FSymTab)
 <LI><a href="#[be]">list_timer</a> from cmd.o(.text) referenced 2 times from cmd.o(FSymTab)
 <LI><a href="#[a4]">low_level_output</a> from ethernetif.o(.text) referenced from ethernetif.o(.text)
 <LI><a href="#[90]">lwip_getsockopt_internal</a> from sockets.o(.text) referenced from sockets.o(.text)
 <LI><a href="#[91]">lwip_setsockopt_internal</a> from sockets.o(.text) referenced from sockets.o(.text)
 <LI><a href="#[c6]">msh_help</a> from msh.o(.text) referenced from msh.o(FSymTab)
 <LI><a href="#[96]">netif_device_init</a> from sys_arch.o(.text) referenced from sys_arch.o(.text)
 <LI><a href="#[a1]">netif_set_link_down</a> from netif.o(.text) referenced from ethernetif.o(.text)
 <LI><a href="#[a0]">netif_set_link_up</a> from netif.o(.text) referenced from ethernetif.o(.text)
 <LI><a href="#[93]">pbuf_free_int</a> from tcpip.o(.text) referenced from tcpip.o(.text)
 <LI><a href="#[98]">pbuf_free_ooseq_callback</a> from pbuf.o(.text) referenced from pbuf.o(.text)
 <LI><a href="#[88]">poll_tcp</a> from api_msg.o(.text) referenced 2 times from api_msg.o(.text)
 <LI><a href="#[8b]">recv_raw</a> from api_msg.o(.text) referenced from api_msg.o(.text)
 <LI><a href="#[8a]">recv_tcp</a> from api_msg.o(.text) referenced from api_msg.o(.text)
 <LI><a href="#[8c]">recv_udp</a> from api_msg.o(.text) referenced from api_msg.o(.text)
 <LI><a href="#[94]">rt_free</a> from mem.o(.text) referenced from tcpip.o(.text)
 <LI><a href="#[6f]">rt_serial_close</a> from serial.o(.text) referenced from serial.o(.text)
 <LI><a href="#[72]">rt_serial_control</a> from serial.o(.text) referenced from serial.o(.text)
 <LI><a href="#[6d]">rt_serial_init</a> from serial.o(.text) referenced from serial.o(.text)
 <LI><a href="#[6e]">rt_serial_open</a> from serial.o(.text) referenced from serial.o(.text)
 <LI><a href="#[70]">rt_serial_read</a> from serial.o(.text) referenced from serial.o(.text)
 <LI><a href="#[71]">rt_serial_write</a> from serial.o(.text) referenced from serial.o(.text)
 <LI><a href="#[69]">rt_stm32_eth_close</a> from stm32f4_eth.o(.text) referenced from stm32f4_eth.o(.text)
 <LI><a href="#[6c]">rt_stm32_eth_control</a> from stm32f4_eth.o(.text) referenced from stm32f4_eth.o(.text)
 <LI><a href="#[67]">rt_stm32_eth_init</a> from stm32f4_eth.o(.text) referenced from stm32f4_eth.o(.text)
 <LI><a href="#[68]">rt_stm32_eth_open</a> from stm32f4_eth.o(.text) referenced from stm32f4_eth.o(.text)
 <LI><a href="#[6a]">rt_stm32_eth_read</a> from stm32f4_eth.o(.text) referenced from stm32f4_eth.o(.text)
 <LI><a href="#[16a]">rt_stm32_eth_rx</a> from stm32f4_eth.o(.text) referenced from stm32f4_eth.o(.text)
 <LI><a href="#[168]">rt_stm32_eth_tx</a> from stm32f4_eth.o(.text) referenced from stm32f4_eth.o(.text)
 <LI><a href="#[6b]">rt_stm32_eth_write</a> from stm32f4_eth.o(.text) referenced from stm32f4_eth.o(.text)
 <LI><a href="#[23d]">rt_thread_exit</a> from thread.o(.text) referenced from thread.o(.text)
 <LI><a href="#[78]">rt_thread_idle_entry</a> from idle.o(.text) referenced from idle.o(.text)
 <LI><a href="#[240]">rt_thread_timeout</a> from thread.o(.text) referenced from thread.o(.text)
 <LI><a href="#[87]">sent_tcp</a> from api_msg.o(.text) referenced 2 times from api_msg.o(.text)
 <LI><a href="#[129]">spansion_erase</a> from spansion.o(.text) referenced from spansion.o(.text)
 <LI><a href="#[65]">spansion_read_fast</a> from spansion.o(.text) referenced from spansion.o(.text)
 <LI><a href="#[64]">spansion_write</a> from spansion.o(.text) referenced from spansion.o(.text)
 <LI><a href="#[76]">spi_device_control</a> from spi_bus.o(.text) referenced from spi_bus.o(.text)
 <LI><a href="#[73]">spi_device_init</a> from spi_bus.o(.text) referenced from spi_bus.o(.text)
 <LI><a href="#[74]">spi_device_read</a> from spi_bus.o(.text) referenced from spi_bus.o(.text)
 <LI><a href="#[75]">spi_device_write</a> from spi_bus.o(.text) referenced from spi_bus.o(.text)
 <LI><a href="#[99]">tcp_accept_null</a> from tcp.o(.text) referenced from tcp.o(.text)
 <LI><a href="#[35d]">tcp_recv_null</a> from tcp.o(.text) referenced from tcp.o(.text)
 <LI><a href="#[97]">tcpip_init_done_callback</a> from sys_arch.o(.text) referenced from sys_arch.o(.text)
 <LI><a href="#[95]">tcpip_input</a> from tcpip.o(.text) referenced 2 times from sys_arch.o(.text)
 <LI><a href="#[9a]">tcpip_tcp_timer</a> from timers.o(.text) referenced from timers.o(.text)
 <LI><a href="#[92]">tcpip_thread</a> from tcpip.o(.text) referenced from tcpip.o(.text)
 <LI><a href="#[61]">uart_ctl_thread_task</a> from uart_protocol.o(.text) referenced from application.o(.text)
 <LI><a href="#[66]">uart_input</a> from uart_protocol.o(.text) referenced from uart_protocol.o(.text)
 <LI><a href="#[63]">uart_upgrade_thread_task</a> from upgrade.o(.text) referenced from application.o(.text)
 <LI><a href="#[3be]">udp_recv_handle</a> from udp_connect.o(.text) referenced 2 times from udp_connect.o(.text)
 <LI><a href="#[b6]">version</a> from cmd.o(.text) referenced 2 times from cmd.o(FSymTab)
 <LI><a href="#[4]">xfer</a> from stm32f4_spi.o(.text) referenced 2 times from stm32f4_spi.o(.data)
</UL>
<P>
<H3>
Global Symbols
</H3>
<P><STRONG><a name="[c8]"></a>__main</STRONG> (Thumb, 8 bytes, Stack size 0 bytes, __main.o(!!!main))
<BR><BR>[Calls]<UL><LI><a href="#[c9]">&gt;&gt;</a>&nbsp;&nbsp;&nbsp;__scatterload
<LI><a href="#[ca]">&gt;&gt;</a>&nbsp;&nbsp;&nbsp;__rt_entry
</UL>

<P><STRONG><a name="[c9]"></a>__scatterload</STRONG> (Thumb, 0 bytes, Stack size unknown bytes, __scatter.o(!!!scatter))
<BR><BR>[Called By]<UL><LI><a href="#[c8]">&gt;&gt;</a>&nbsp;&nbsp;&nbsp;__main
</UL>

<P><STRONG><a name="[cb]"></a>__scatterload_rt2</STRONG> (Thumb, 44 bytes, Stack size unknown bytes, __scatter.o(!!!scatter), UNUSED)
<BR><BR>[Calls]<UL><LI><a href="#[ca]">&gt;&gt;</a>&nbsp;&nbsp;&nbsp;__rt_entry
</UL>

<P><STRONG><a name="[429]"></a>__scatterload_rt2_thumb_only</STRONG> (Thumb, 0 bytes, Stack size unknown bytes, __scatter.o(!!!scatter), UNUSED)

<P><STRONG><a name="[42a]"></a>__scatterload_null</STRONG> (Thumb, 0 bytes, Stack size unknown bytes, __scatter.o(!!!scatter), UNUSED)

<P><STRONG><a name="[42b]"></a>__decompress</STRONG> (Thumb, 90 bytes, Stack size unknown bytes, __dczerorl2.o(!!dczerorl2), UNUSED)

<P><STRONG><a name="[42c]"></a>__decompress1</STRONG> (Thumb, 0 bytes, Stack size unknown bytes, __dczerorl2.o(!!dczerorl2), UNUSED)

<P><STRONG><a name="[42d]"></a>__scatterload_zeroinit</STRONG> (Thumb, 28 bytes, Stack size unknown bytes, __scatter_zi.o(!!handler_zi), UNUSED)

<P><STRONG><a name="[cc]"></a>_printf_f</STRONG> (Thumb, 0 bytes, Stack size unknown bytes, _printf_f.o(.ARM.Collect$$_printf_percent$$00000003))
<BR><BR>[Stack]<UL><LI>Max Depth = 320 + Unknown Stack Size
<LI>Call Chain = _printf_f &rArr; _printf_fp_dec &rArr; _printf_fp_dec_real &rArr; _fp_digits &rArr; _btod_etento &rArr; _btod_emul &rArr; _e2e
</UL>
<BR>[Calls]<UL><LI><a href="#[cd]">&gt;&gt;</a>&nbsp;&nbsp;&nbsp;_printf_fp_dec
</UL>

<P><STRONG><a name="[3f2]"></a>_printf_percent</STRONG> (Thumb, 0 bytes, Stack size unknown bytes, _printf_percent.o(.ARM.Collect$$_printf_percent$$00000000))
<BR><BR>[Called By]<UL><LI><a href="#[3f1]">&gt;&gt;</a>&nbsp;&nbsp;&nbsp;__printf
</UL>

<P><STRONG><a name="[ce]"></a>_printf_d</STRONG> (Thumb, 0 bytes, Stack size unknown bytes, _printf_d.o(.ARM.Collect$$_printf_percent$$00000009))
<BR><BR>[Stack]<UL><LI>Max Depth = 56 + Unknown Stack Size
<LI>Call Chain = _printf_d &rArr; _printf_int_dec &rArr; _printf_int_common
</UL>
<BR>[Calls]<UL><LI><a href="#[cf]">&gt;&gt;</a>&nbsp;&nbsp;&nbsp;_printf_int_dec
</UL>

<P><STRONG><a name="[42e]"></a>_printf_percent_end</STRONG> (Thumb, 0 bytes, Stack size unknown bytes, _printf_percent_end.o(.ARM.Collect$$_printf_percent$$00000017))

<P><STRONG><a name="[d9]"></a>__rt_lib_init</STRONG> (Thumb, 0 bytes, Stack size unknown bytes, libinit.o(.ARM.Collect$$libinit$$00000000))
<BR><BR>[Called By]<UL><LI><a href="#[d8]">&gt;&gt;</a>&nbsp;&nbsp;&nbsp;__rt_entry_li
</UL>

<P><STRONG><a name="[d0]"></a>__rt_lib_init_fp_1</STRONG> (Thumb, 0 bytes, Stack size unknown bytes, libinit2.o(.ARM.Collect$$libinit$$00000001))
<BR><BR>[Calls]<UL><LI><a href="#[d1]">&gt;&gt;</a>&nbsp;&nbsp;&nbsp;_fp_init
</UL>

<P><STRONG><a name="[42f]"></a>__rt_lib_init_heap_1</STRONG> (Thumb, 0 bytes, Stack size unknown bytes, libinit2.o(.ARM.Collect$$libinit$$0000000A))

<P><STRONG><a name="[d2]"></a>__rt_lib_init_lc_common</STRONG> (Thumb, 0 bytes, Stack size unknown bytes, libinit2.o(.ARM.Collect$$libinit$$0000000F))
<BR><BR>[Calls]<UL><LI><a href="#[d3]">&gt;&gt;</a>&nbsp;&nbsp;&nbsp;__rt_locale
</UL>

<P><STRONG><a name="[430]"></a>__rt_lib_init_preinit_1</STRONG> (Thumb, 0 bytes, Stack size unknown bytes, libinit2.o(.ARM.Collect$$libinit$$00000004))

<P><STRONG><a name="[431]"></a>__rt_lib_init_rand_1</STRONG> (Thumb, 0 bytes, Stack size unknown bytes, libinit2.o(.ARM.Collect$$libinit$$0000000E))

<P><STRONG><a name="[432]"></a>__rt_lib_init_user_alloc_1</STRONG> (Thumb, 0 bytes, Stack size unknown bytes, libinit2.o(.ARM.Collect$$libinit$$0000000C))

<P><STRONG><a name="[433]"></a>__rt_lib_init_lc_collate_1</STRONG> (Thumb, 0 bytes, Stack size unknown bytes, libinit2.o(.ARM.Collect$$libinit$$00000011))

<P><STRONG><a name="[434]"></a>__rt_lib_init_lc_ctype_1</STRONG> (Thumb, 0 bytes, Stack size unknown bytes, libinit2.o(.ARM.Collect$$libinit$$00000013))

<P><STRONG><a name="[435]"></a>__rt_lib_init_lc_monetary_1</STRONG> (Thumb, 0 bytes, Stack size unknown bytes, libinit2.o(.ARM.Collect$$libinit$$00000015))

<P><STRONG><a name="[d4]"></a>__rt_lib_init_lc_numeric_2</STRONG> (Thumb, 0 bytes, Stack size unknown bytes, libinit2.o(.ARM.Collect$$libinit$$00000016))
<BR><BR>[Stack]<UL><LI>Max Depth = 8 + Unknown Stack Size
<LI>Call Chain = __rt_lib_init_lc_numeric_2 &rArr; _get_lc_numeric
</UL>
<BR>[Calls]<UL><LI><a href="#[d5]">&gt;&gt;</a>&nbsp;&nbsp;&nbsp;_get_lc_numeric
</UL>

<P><STRONG><a name="[436]"></a>__rt_lib_init_alloca_1</STRONG> (Thumb, 0 bytes, Stack size unknown bytes, libinit2.o(.ARM.Collect$$libinit$$0000002E))

<P><STRONG><a name="[437]"></a>__rt_lib_init_argv_1</STRONG> (Thumb, 0 bytes, Stack size unknown bytes, libinit2.o(.ARM.Collect$$libinit$$0000002C))

<P><STRONG><a name="[438]"></a>__rt_lib_init_atexit_1</STRONG> (Thumb, 0 bytes, Stack size unknown bytes, libinit2.o(.ARM.Collect$$libinit$$0000001B))

<P><STRONG><a name="[439]"></a>__rt_lib_init_clock_1</STRONG> (Thumb, 0 bytes, Stack size unknown bytes, libinit2.o(.ARM.Collect$$libinit$$00000021))

<P><STRONG><a name="[43a]"></a>__rt_lib_init_cpp_1</STRONG> (Thumb, 0 bytes, Stack size unknown bytes, libinit2.o(.ARM.Collect$$libinit$$00000032))

<P><STRONG><a name="[43b]"></a>__rt_lib_init_exceptions_1</STRONG> (Thumb, 0 bytes, Stack size unknown bytes, libinit2.o(.ARM.Collect$$libinit$$00000030))

<P><STRONG><a name="[43c]"></a>__rt_lib_init_fp_trap_1</STRONG> (Thumb, 0 bytes, Stack size unknown bytes, libinit2.o(.ARM.Collect$$libinit$$0000001F))

<P><STRONG><a name="[43d]"></a>__rt_lib_init_getenv_1</STRONG> (Thumb, 0 bytes, Stack size unknown bytes, libinit2.o(.ARM.Collect$$libinit$$00000023))

<P><STRONG><a name="[43e]"></a>__rt_lib_init_lc_numeric_1</STRONG> (Thumb, 0 bytes, Stack size unknown bytes, libinit2.o(.ARM.Collect$$libinit$$00000017))

<P><STRONG><a name="[43f]"></a>__rt_lib_init_lc_time_1</STRONG> (Thumb, 0 bytes, Stack size unknown bytes, libinit2.o(.ARM.Collect$$libinit$$00000019))

<P><STRONG><a name="[440]"></a>__rt_lib_init_return</STRONG> (Thumb, 0 bytes, Stack size unknown bytes, libinit2.o(.ARM.Collect$$libinit$$00000033))

<P><STRONG><a name="[441]"></a>__rt_lib_init_signal_1</STRONG> (Thumb, 0 bytes, Stack size unknown bytes, libinit2.o(.ARM.Collect$$libinit$$0000001D))

<P><STRONG><a name="[442]"></a>__rt_lib_init_stdio_1</STRONG> (Thumb, 0 bytes, Stack size unknown bytes, libinit2.o(.ARM.Collect$$libinit$$00000025))

<P><STRONG><a name="[de]"></a>__rt_lib_shutdown</STRONG> (Thumb, 0 bytes, Stack size unknown bytes, libshutdown.o(.ARM.Collect$$libshutdown$$00000000))
<BR><BR>[Called By]<UL><LI><a href="#[dd]">&gt;&gt;</a>&nbsp;&nbsp;&nbsp;__rt_exit_ls
</UL>

<P><STRONG><a name="[443]"></a>__rt_lib_shutdown_fp_trap_1</STRONG> (Thumb, 0 bytes, Stack size unknown bytes, libshutdown2.o(.ARM.Collect$$libshutdown$$00000006))

<P><STRONG><a name="[444]"></a>__rt_lib_shutdown_heap_1</STRONG> (Thumb, 0 bytes, Stack size unknown bytes, libshutdown2.o(.ARM.Collect$$libshutdown$$0000000E))

<P><STRONG><a name="[445]"></a>__rt_lib_shutdown_return</STRONG> (Thumb, 0 bytes, Stack size unknown bytes, libshutdown2.o(.ARM.Collect$$libshutdown$$0000000F))

<P><STRONG><a name="[446]"></a>__rt_lib_shutdown_signal_1</STRONG> (Thumb, 0 bytes, Stack size unknown bytes, libshutdown2.o(.ARM.Collect$$libshutdown$$00000009))

<P><STRONG><a name="[447]"></a>__rt_lib_shutdown_stdio_1</STRONG> (Thumb, 0 bytes, Stack size unknown bytes, libshutdown2.o(.ARM.Collect$$libshutdown$$00000003))

<P><STRONG><a name="[448]"></a>__rt_lib_shutdown_user_alloc_1</STRONG> (Thumb, 0 bytes, Stack size unknown bytes, libshutdown2.o(.ARM.Collect$$libshutdown$$0000000B))

<P><STRONG><a name="[ca]"></a>__rt_entry</STRONG> (Thumb, 0 bytes, Stack size unknown bytes, __rtentry.o(.ARM.Collect$$rtentry$$00000000))
<BR><BR>[Called By]<UL><LI><a href="#[cb]">&gt;&gt;</a>&nbsp;&nbsp;&nbsp;__scatterload_rt2
<LI><a href="#[c8]">&gt;&gt;</a>&nbsp;&nbsp;&nbsp;__main
</UL>

<P><STRONG><a name="[449]"></a>__rt_entry_presh_1</STRONG> (Thumb, 0 bytes, Stack size unknown bytes, __rtentry2.o(.ARM.Collect$$rtentry$$00000002))

<P><STRONG><a name="[d6]"></a>__rt_entry_sh</STRONG> (Thumb, 0 bytes, Stack size unknown bytes, __rtentry4.o(.ARM.Collect$$rtentry$$00000004))
<BR><BR>[Stack]<UL><LI>Max Depth = 8 + Unknown Stack Size
<LI>Call Chain = __rt_entry_sh &rArr; __user_setup_stackheap
</UL>
<BR>[Calls]<UL><LI><a href="#[d7]">&gt;&gt;</a>&nbsp;&nbsp;&nbsp;__user_setup_stackheap
</UL>

<P><STRONG><a name="[d8]"></a>__rt_entry_li</STRONG> (Thumb, 0 bytes, Stack size unknown bytes, __rtentry2.o(.ARM.Collect$$rtentry$$0000000A))
<BR><BR>[Calls]<UL><LI><a href="#[d9]">&gt;&gt;</a>&nbsp;&nbsp;&nbsp;__rt_lib_init
</UL>

<P><STRONG><a name="[44a]"></a>__rt_entry_postsh_1</STRONG> (Thumb, 0 bytes, Stack size unknown bytes, __rtentry2.o(.ARM.Collect$$rtentry$$00000009))

<P><STRONG><a name="[da]"></a>__rt_entry_main</STRONG> (Thumb, 0 bytes, Stack size unknown bytes, __rtentry2.o(.ARM.Collect$$rtentry$$0000000D))
<BR><BR>[Stack]<UL><LI>Max Depth = 360 + Unknown Stack Size
<LI>Call Chain = __rt_entry_main &rArr; main &rArr; rtthread_startup &rArr; rt_application_init &rArr; rt_thread_create &rArr; rt_object_allocate &rArr; rt_malloc &rArr; rt_sem_take &rArr; rt_kprintf &rArr; rt_vsnprintf &rArr; print_number
</UL>
<BR>[Calls]<UL><LI><a href="#[db]">&gt;&gt;</a>&nbsp;&nbsp;&nbsp;main
<LI><a href="#[dc]">&gt;&gt;</a>&nbsp;&nbsp;&nbsp;exit
</UL>

<P><STRONG><a name="[44b]"></a>__rt_entry_postli_1</STRONG> (Thumb, 0 bytes, Stack size unknown bytes, __rtentry2.o(.ARM.Collect$$rtentry$$0000000C))

<P><STRONG><a name="[406]"></a>__rt_exit</STRONG> (Thumb, 0 bytes, Stack size unknown bytes, rtexit.o(.ARM.Collect$$rtexit$$00000000))
<BR><BR>[Called By]<UL><LI><a href="#[dc]">&gt;&gt;</a>&nbsp;&nbsp;&nbsp;exit
</UL>

<P><STRONG><a name="[dd]"></a>__rt_exit_ls</STRONG> (Thumb, 0 bytes, Stack size unknown bytes, rtexit2.o(.ARM.Collect$$rtexit$$00000003))
<BR><BR>[Calls]<UL><LI><a href="#[de]">&gt;&gt;</a>&nbsp;&nbsp;&nbsp;__rt_lib_shutdown
</UL>

<P><STRONG><a name="[44c]"></a>__rt_exit_prels_1</STRONG> (Thumb, 0 bytes, Stack size unknown bytes, rtexit2.o(.ARM.Collect$$rtexit$$00000002))

<P><STRONG><a name="[df]"></a>__rt_exit_exit</STRONG> (Thumb, 0 bytes, Stack size unknown bytes, rtexit2.o(.ARM.Collect$$rtexit$$00000004))
<BR><BR>[Calls]<UL><LI><a href="#[e0]">&gt;&gt;</a>&nbsp;&nbsp;&nbsp;_sys_exit
</UL>

<P><STRONG><a name="[e1]"></a>assert_failed</STRONG> (Thumb, 30 bytes, Stack size 0 bytes, startup.o(.text), UNUSED)
<BR><BR>[Calls]<UL><LI><a href="#[e2]">&gt;&gt;</a>&nbsp;&nbsp;&nbsp;rt_kprintf
</UL>

<P><STRONG><a name="[e3]"></a>rtthread_startup</STRONG> (Thumb, 98 bytes, Stack size 8 bytes, startup.o(.text))
<BR><BR>[Stack]<UL><LI>Max Depth = 352<LI>Call Chain = rtthread_startup &rArr; rt_application_init &rArr; rt_thread_create &rArr; rt_object_allocate &rArr; rt_malloc &rArr; rt_sem_take &rArr; rt_kprintf &rArr; rt_vsnprintf &rArr; print_number
</UL>
<BR>[Calls]<UL><LI><a href="#[ee]">&gt;&gt;</a>&nbsp;&nbsp;&nbsp;rt_thread_idle_init
<LI><a href="#[ed]">&gt;&gt;</a>&nbsp;&nbsp;&nbsp;rt_system_timer_thread_init
<LI><a href="#[e7]">&gt;&gt;</a>&nbsp;&nbsp;&nbsp;rt_system_timer_init
<LI><a href="#[e5]">&gt;&gt;</a>&nbsp;&nbsp;&nbsp;rt_system_tick_init
<LI><a href="#[ef]">&gt;&gt;</a>&nbsp;&nbsp;&nbsp;rt_system_scheduler_start
<LI><a href="#[e9]">&gt;&gt;</a>&nbsp;&nbsp;&nbsp;rt_system_scheduler_init
<LI><a href="#[e6]">&gt;&gt;</a>&nbsp;&nbsp;&nbsp;rt_system_object_init
<LI><a href="#[e8]">&gt;&gt;</a>&nbsp;&nbsp;&nbsp;rt_system_heap_init
<LI><a href="#[e2]">&gt;&gt;</a>&nbsp;&nbsp;&nbsp;rt_kprintf
<LI><a href="#[e4]">&gt;&gt;</a>&nbsp;&nbsp;&nbsp;rt_hw_board_init
<LI><a href="#[ea]">&gt;&gt;</a>&nbsp;&nbsp;&nbsp;rt_application_init
<LI><a href="#[eb]">&gt;&gt;</a>&nbsp;&nbsp;&nbsp;finsh_system_init
<LI><a href="#[ec]">&gt;&gt;</a>&nbsp;&nbsp;&nbsp;finsh_set_device
</UL>
<BR>[Called By]<UL><LI><a href="#[db]">&gt;&gt;</a>&nbsp;&nbsp;&nbsp;main
</UL>

<P><STRONG><a name="[db]"></a>main</STRONG> (Thumb, 14 bytes, Stack size 8 bytes, startup.o(.text))
<BR><BR>[Stack]<UL><LI>Max Depth = 360<LI>Call Chain = main &rArr; rtthread_startup &rArr; rt_application_init &rArr; rt_thread_create &rArr; rt_object_allocate &rArr; rt_malloc &rArr; rt_sem_take &rArr; rt_kprintf &rArr; rt_vsnprintf &rArr; print_number
</UL>
<BR>[Calls]<UL><LI><a href="#[f0]">&gt;&gt;</a>&nbsp;&nbsp;&nbsp;rt_hw_interrupt_disable
<LI><a href="#[e3]">&gt;&gt;</a>&nbsp;&nbsp;&nbsp;rtthread_startup
</UL>
<BR>[Called By]<UL><LI><a href="#[da]">&gt;&gt;</a>&nbsp;&nbsp;&nbsp;__rt_entry_main
</UL>

<P><STRONG><a name="[f1]"></a>init_thread_entry</STRONG> (Thumb, 310 bytes, Stack size 32 bytes, application.o(.text))
<BR><BR>[Stack]<UL><LI>Max Depth = 616<LI>Call Chain = init_thread_entry &rArr; httpd_init &rArr; httpd_init_addr &rArr; tcp_new &rArr; tcp_alloc &rArr; tcp_kill_prio &rArr; tcp_abort &rArr; tcp_abandon &rArr; tcp_pcb_remove &rArr; tcp_output &rArr; tcp_output_segment &rArr; ip_output &rArr; ip_output_if &rArr; ip_output_if_opt &rArr; pbuf_header &rArr; sys_arch_assert &rArr; rt_kprintf &rArr; rt_vsnprintf &rArr; print_number
</UL>
<BR>[Calls]<UL><LI><a href="#[e2]">&gt;&gt;</a>&nbsp;&nbsp;&nbsp;rt_kprintf
<LI><a href="#[f7]">&gt;&gt;</a>&nbsp;&nbsp;&nbsp;udp_connect_init
<LI><a href="#[fe]">&gt;&gt;</a>&nbsp;&nbsp;&nbsp;uart_ctl_init
<LI><a href="#[100]">&gt;&gt;</a>&nbsp;&nbsp;&nbsp;rt_thread_startup
<LI><a href="#[ff]">&gt;&gt;</a>&nbsp;&nbsp;&nbsp;rt_thread_init
<LI><a href="#[f9]">&gt;&gt;</a>&nbsp;&nbsp;&nbsp;rt_thread_delay
<LI><a href="#[102]">&gt;&gt;</a>&nbsp;&nbsp;&nbsp;rt_sem_init
<LI><a href="#[101]">&gt;&gt;</a>&nbsp;&nbsp;&nbsp;rt_mb_init
<LI><a href="#[f4]">&gt;&gt;</a>&nbsp;&nbsp;&nbsp;rt_hw_stm32_eth_init
<LI><a href="#[fb]">&gt;&gt;</a>&nbsp;&nbsp;&nbsp;rt_hw_spi_init
<LI><a href="#[f6]">&gt;&gt;</a>&nbsp;&nbsp;&nbsp;lwip_system_init
<LI><a href="#[fc]">&gt;&gt;</a>&nbsp;&nbsp;&nbsp;if_bus_init
<LI><a href="#[f8]">&gt;&gt;</a>&nbsp;&nbsp;&nbsp;httpd_init
<LI><a href="#[fa]">&gt;&gt;</a>&nbsp;&nbsp;&nbsp;get_fpga_config_status
<LI><a href="#[fd]">&gt;&gt;</a>&nbsp;&nbsp;&nbsp;fpag_flash_init
<LI><a href="#[f5]">&gt;&gt;</a>&nbsp;&nbsp;&nbsp;eth_system_device_init
<LI><a href="#[f2]">&gt;&gt;</a>&nbsp;&nbsp;&nbsp;Switch_reset
<LI><a href="#[f3]">&gt;&gt;</a>&nbsp;&nbsp;&nbsp;PHY_reset
</UL>
<BR>[Address Reference Count : 1]<UL><LI> application.o(.text)
</UL>
<P><STRONG><a name="[ea]"></a>rt_application_init</STRONG> (Thumb, 38 bytes, Stack size 16 bytes, application.o(.text))
<BR><BR>[Stack]<UL><LI>Max Depth = 344<LI>Call Chain = rt_application_init &rArr; rt_thread_create &rArr; rt_object_allocate &rArr; rt_malloc &rArr; rt_sem_take &rArr; rt_kprintf &rArr; rt_vsnprintf &rArr; print_number
</UL>
<BR>[Calls]<UL><LI><a href="#[100]">&gt;&gt;</a>&nbsp;&nbsp;&nbsp;rt_thread_startup
<LI><a href="#[103]">&gt;&gt;</a>&nbsp;&nbsp;&nbsp;rt_thread_create
</UL>
<BR>[Called By]<UL><LI><a href="#[e3]">&gt;&gt;</a>&nbsp;&nbsp;&nbsp;rtthread_startup
</UL>

<P><STRONG><a name="[13a]"></a>Int2Str</STRONG> (Thumb, 84 bytes, Stack size 20 bytes, common.o(.text), UNUSED)
<BR><BR>[Called By]<UL><LI><a href="#[139]">&gt;&gt;</a>&nbsp;&nbsp;&nbsp;Ymodem_PrepareIntialPacket
</UL>

<P><STRONG><a name="[44d]"></a>Str2Int</STRONG> (Thumb, 260 bytes, Stack size 16 bytes, common.o(.text), UNUSED)

<P><STRONG><a name="[fc]"></a>if_bus_init</STRONG> (Thumb, 138 bytes, Stack size 24 bytes, interface.o(.text))
<BR><BR>[Stack]<UL><LI>Max Depth = 200<LI>Call Chain = if_bus_init &rArr; rt_kprintf &rArr; rt_vsnprintf &rArr; print_number
</UL>
<BR>[Calls]<UL><LI><a href="#[e2]">&gt;&gt;</a>&nbsp;&nbsp;&nbsp;rt_kprintf
<LI><a href="#[107]">&gt;&gt;</a>&nbsp;&nbsp;&nbsp;rt_spi_bus_attach_device
<LI><a href="#[104]">&gt;&gt;</a>&nbsp;&nbsp;&nbsp;RCC_AHB1PeriphClockCmd
<LI><a href="#[105]">&gt;&gt;</a>&nbsp;&nbsp;&nbsp;GPIO_SetBits
<LI><a href="#[106]">&gt;&gt;</a>&nbsp;&nbsp;&nbsp;GPIO_Init
</UL>
<BR>[Called By]<UL><LI><a href="#[f1]">&gt;&gt;</a>&nbsp;&nbsp;&nbsp;init_thread_entry
</UL>

<P><STRONG><a name="[108]"></a>if_set_freq</STRONG> (Thumb, 24 bytes, Stack size 16 bytes, interface.o(.text))
<BR><BR>[Stack]<UL><LI>Max Depth = 336<LI>Call Chain = if_set_freq &rArr; mcu_set_freq &rArr; spi_flash_cmd_write &rArr; rt_spi_send_then_send &rArr; rt_mutex_take &rArr; rt_kprintf &rArr; rt_vsnprintf &rArr; print_number
</UL>
<BR>[Calls]<UL><LI><a href="#[109]">&gt;&gt;</a>&nbsp;&nbsp;&nbsp;mcu_set_freq
</UL>
<BR>[Called By]<UL><LI><a href="#[61]">&gt;&gt;</a>&nbsp;&nbsp;&nbsp;uart_ctl_thread_task
<LI><a href="#[b1]">&gt;&gt;</a>&nbsp;&nbsp;&nbsp;RXFREQ_CGI_Handler
<LI><a href="#[b0]">&gt;&gt;</a>&nbsp;&nbsp;&nbsp;TXFREQ_CGI_Handler
<LI><a href="#[3b2]">&gt;&gt;</a>&nbsp;&nbsp;&nbsp;UDP_recvcgi_task
</UL>

<P><STRONG><a name="[10a]"></a>if_set_rf_power</STRONG> (Thumb, 20 bytes, Stack size 16 bytes, interface.o(.text))
<BR><BR>[Stack]<UL><LI>Max Depth = 336<LI>Call Chain = if_set_rf_power &rArr; mcu_set_vga &rArr; spi_flash_cmd_write &rArr; rt_spi_send_then_send &rArr; rt_mutex_take &rArr; rt_kprintf &rArr; rt_vsnprintf &rArr; print_number
</UL>
<BR>[Calls]<UL><LI><a href="#[10b]">&gt;&gt;</a>&nbsp;&nbsp;&nbsp;mcu_set_vga
</UL>
<BR>[Called By]<UL><LI><a href="#[61]">&gt;&gt;</a>&nbsp;&nbsp;&nbsp;uart_ctl_thread_task
<LI><a href="#[b2]">&gt;&gt;</a>&nbsp;&nbsp;&nbsp;TXPOWER_CGI_Handler
<LI><a href="#[3b2]">&gt;&gt;</a>&nbsp;&nbsp;&nbsp;UDP_recvcgi_task
</UL>

<P><STRONG><a name="[10c]"></a>if_set_downlink</STRONG> (Thumb, 24 bytes, Stack size 16 bytes, interface.o(.text))
<BR><BR>[Stack]<UL><LI>Max Depth = 336<LI>Call Chain = if_set_downlink &rArr; mcu_set_mode &rArr; spi_flash_cmd_write &rArr; rt_spi_send_then_send &rArr; rt_mutex_take &rArr; rt_kprintf &rArr; rt_vsnprintf &rArr; print_number
</UL>
<BR>[Calls]<UL><LI><a href="#[10d]">&gt;&gt;</a>&nbsp;&nbsp;&nbsp;mcu_set_mode
</UL>
<BR>[Called By]<UL><LI><a href="#[61]">&gt;&gt;</a>&nbsp;&nbsp;&nbsp;uart_ctl_thread_task
<LI><a href="#[b3]">&gt;&gt;</a>&nbsp;&nbsp;&nbsp;DOWNLINK_CGI_Handler
<LI><a href="#[3b2]">&gt;&gt;</a>&nbsp;&nbsp;&nbsp;UDP_recvcgi_task
</UL>

<P><STRONG><a name="[10e]"></a>if_get_dev_status</STRONG> (Thumb, 22 bytes, Stack size 16 bytes, interface.o(.text))
<BR><BR>[Stack]<UL><LI>Max Depth = 336<LI>Call Chain = if_get_dev_status &rArr; mcu_get_status &rArr; spi_flash_cmd &rArr; rt_spi_send_then_recv &rArr; rt_mutex_take &rArr; rt_kprintf &rArr; rt_vsnprintf &rArr; print_number
</UL>
<BR>[Calls]<UL><LI><a href="#[10f]">&gt;&gt;</a>&nbsp;&nbsp;&nbsp;mcu_get_status
</UL>
<BR>[Called By]<UL><LI><a href="#[61]">&gt;&gt;</a>&nbsp;&nbsp;&nbsp;uart_ctl_thread_task
<LI><a href="#[62]">&gt;&gt;</a>&nbsp;&nbsp;&nbsp;antenna_swtich_task
</UL>

<P><STRONG><a name="[110]"></a>mcu_erase</STRONG> (Thumb, 20 bytes, Stack size 8 bytes, interface.o(.text))
<BR><BR>[Stack]<UL><LI>Max Depth = 368<LI>Call Chain = mcu_erase &rArr; mcu_flash_erase &rArr; mcu_flash_wait_ready &rArr; spi_flash_cmd &rArr; rt_spi_send_then_recv &rArr; rt_mutex_take &rArr; rt_kprintf &rArr; rt_vsnprintf &rArr; print_number
</UL>
<BR>[Calls]<UL><LI><a href="#[111]">&gt;&gt;</a>&nbsp;&nbsp;&nbsp;mcu_flash_erase
</UL>
<BR>[Called By]<UL><LI><a href="#[114]">&gt;&gt;</a>&nbsp;&nbsp;&nbsp;if_mcu_erase
</UL>

<P><STRONG><a name="[112]"></a>mcu_upgrade</STRONG> (Thumb, 32 bytes, Stack size 24 bytes, interface.o(.text))
<BR><BR>[Stack]<UL><LI>Max Depth = 408<LI>Call Chain = mcu_upgrade &rArr; mcu_flash_write &rArr; mcu_flash_wait_ready &rArr; spi_flash_cmd &rArr; rt_spi_send_then_recv &rArr; rt_mutex_take &rArr; rt_kprintf &rArr; rt_vsnprintf &rArr; print_number
</UL>
<BR>[Calls]<UL><LI><a href="#[113]">&gt;&gt;</a>&nbsp;&nbsp;&nbsp;mcu_flash_write
</UL>
<BR>[Called By]<UL><LI><a href="#[115]">&gt;&gt;</a>&nbsp;&nbsp;&nbsp;if_mcu_upgrade
</UL>

<P><STRONG><a name="[114]"></a>if_mcu_erase</STRONG> (Thumb, 8 bytes, Stack size 8 bytes, interface.o(.text))
<BR><BR>[Stack]<UL><LI>Max Depth = 376<LI>Call Chain = if_mcu_erase &rArr; mcu_erase &rArr; mcu_flash_erase &rArr; mcu_flash_wait_ready &rArr; spi_flash_cmd &rArr; rt_spi_send_then_recv &rArr; rt_mutex_take &rArr; rt_kprintf &rArr; rt_vsnprintf &rArr; print_number
</UL>
<BR>[Calls]<UL><LI><a href="#[110]">&gt;&gt;</a>&nbsp;&nbsp;&nbsp;mcu_erase
</UL>
<BR>[Called By]<UL><LI><a href="#[61]">&gt;&gt;</a>&nbsp;&nbsp;&nbsp;uart_ctl_thread_task
</UL>

<P><STRONG><a name="[115]"></a>if_mcu_upgrade</STRONG> (Thumb, 32 bytes, Stack size 16 bytes, interface.o(.text))
<BR><BR>[Stack]<UL><LI>Max Depth = 424<LI>Call Chain = if_mcu_upgrade &rArr; mcu_upgrade &rArr; mcu_flash_write &rArr; mcu_flash_wait_ready &rArr; spi_flash_cmd &rArr; rt_spi_send_then_recv &rArr; rt_mutex_take &rArr; rt_kprintf &rArr; rt_vsnprintf &rArr; print_number
</UL>
<BR>[Calls]<UL><LI><a href="#[112]">&gt;&gt;</a>&nbsp;&nbsp;&nbsp;mcu_upgrade
</UL>
<BR>[Called By]<UL><LI><a href="#[134]">&gt;&gt;</a>&nbsp;&nbsp;&nbsp;Ymodem_Receive
</UL>

<P><STRONG><a name="[116]"></a>MCU1_upgrade_enable</STRONG> (Thumb, 32 bytes, Stack size 8 bytes, interface.o(.text))
<BR><BR>[Stack]<UL><LI>Max Depth = 8<LI>Call Chain = MCU1_upgrade_enable
</UL>
<BR>[Calls]<UL><LI><a href="#[105]">&gt;&gt;</a>&nbsp;&nbsp;&nbsp;GPIO_SetBits
<LI><a href="#[117]">&gt;&gt;</a>&nbsp;&nbsp;&nbsp;GPIO_ResetBits
</UL>
<BR>[Called By]<UL><LI><a href="#[61]">&gt;&gt;</a>&nbsp;&nbsp;&nbsp;uart_ctl_thread_task
</UL>

<P><STRONG><a name="[118]"></a>if_set_antenna_sw</STRONG> (Thumb, 20 bytes, Stack size 16 bytes, interface.o(.text))
<BR><BR>[Stack]<UL><LI>Max Depth = 328<LI>Call Chain = if_set_antenna_sw &rArr; mcu_antenna_sw &rArr; spi_flash_cmd_write &rArr; rt_spi_send_then_send &rArr; rt_mutex_take &rArr; rt_kprintf &rArr; rt_vsnprintf &rArr; print_number
</UL>
<BR>[Calls]<UL><LI><a href="#[119]">&gt;&gt;</a>&nbsp;&nbsp;&nbsp;mcu_antenna_sw
</UL>
<BR>[Called By]<UL><LI><a href="#[61]">&gt;&gt;</a>&nbsp;&nbsp;&nbsp;uart_ctl_thread_task
<LI><a href="#[62]">&gt;&gt;</a>&nbsp;&nbsp;&nbsp;antenna_swtich_task
<LI><a href="#[b4]">&gt;&gt;</a>&nbsp;&nbsp;&nbsp;ANT_SEL_CGI_Handler
<LI><a href="#[3b2]">&gt;&gt;</a>&nbsp;&nbsp;&nbsp;UDP_recvcgi_task
</UL>

<P><STRONG><a name="[11a]"></a>MCU1_reset</STRONG> (Thumb, 96 bytes, Stack size 16 bytes, interface.o(.text))
<BR><BR>[Stack]<UL><LI>Max Depth = 96<LI>Call Chain = MCU1_reset &rArr; rt_thread_delay &rArr; rt_thread_sleep &rArr; rt_timer_start &rArr; rt_assert_handler &rArr;  rt_kprintf (Cycle)
</UL>
<BR>[Calls]<UL><LI><a href="#[104]">&gt;&gt;</a>&nbsp;&nbsp;&nbsp;RCC_AHB1PeriphClockCmd
<LI><a href="#[105]">&gt;&gt;</a>&nbsp;&nbsp;&nbsp;GPIO_SetBits
<LI><a href="#[117]">&gt;&gt;</a>&nbsp;&nbsp;&nbsp;GPIO_ResetBits
<LI><a href="#[106]">&gt;&gt;</a>&nbsp;&nbsp;&nbsp;GPIO_Init
<LI><a href="#[f9]">&gt;&gt;</a>&nbsp;&nbsp;&nbsp;rt_thread_delay
</UL>
<BR>[Called By]<UL><LI><a href="#[61]">&gt;&gt;</a>&nbsp;&nbsp;&nbsp;uart_ctl_thread_task
</UL>

<P><STRONG><a name="[150]"></a>InitQueue</STRONG> (Thumb, 18 bytes, Stack size 0 bytes, queue.o(.text))
<BR><BR>[Called By]<UL><LI><a href="#[fe]">&gt;&gt;</a>&nbsp;&nbsp;&nbsp;uart_ctl_init
</UL>

<P><STRONG><a name="[11b]"></a>EnQueue</STRONG> (Thumb, 64 bytes, Stack size 16 bytes, queue.o(.text))
<BR><BR>[Stack]<UL><LI>Max Depth = 192<LI>Call Chain = EnQueue &rArr; rt_kprintf &rArr; rt_vsnprintf &rArr; print_number
</UL>
<BR>[Calls]<UL><LI><a href="#[e2]">&gt;&gt;</a>&nbsp;&nbsp;&nbsp;rt_kprintf
</UL>
<BR>[Called By]<UL><LI><a href="#[146]">&gt;&gt;</a>&nbsp;&nbsp;&nbsp;write_data_opt
</UL>

<P><STRONG><a name="[11c]"></a>DeQueue</STRONG> (Thumb, 54 bytes, Stack size 16 bytes, queue.o(.text))
<BR><BR>[Stack]<UL><LI>Max Depth = 192<LI>Call Chain = DeQueue &rArr; rt_kprintf &rArr; rt_vsnprintf &rArr; print_number
</UL>
<BR>[Calls]<UL><LI><a href="#[e2]">&gt;&gt;</a>&nbsp;&nbsp;&nbsp;rt_kprintf
</UL>
<BR>[Called By]<UL><LI><a href="#[136]">&gt;&gt;</a>&nbsp;&nbsp;&nbsp;Receive_Byte
</UL>

<P><STRONG><a name="[14c]"></a>IsQueueEmpty</STRONG> (Thumb, 18 bytes, Stack size 0 bytes, queue.o(.text))
<BR><BR>[Called By]<UL><LI><a href="#[136]">&gt;&gt;</a>&nbsp;&nbsp;&nbsp;Receive_Byte
</UL>

<P><STRONG><a name="[148]"></a>IsQueueFull</STRONG> (Thumb, 30 bytes, Stack size 0 bytes, queue.o(.text))
<BR><BR>[Called By]<UL><LI><a href="#[146]">&gt;&gt;</a>&nbsp;&nbsp;&nbsp;write_data_opt
</UL>

<P><STRONG><a name="[fd]"></a>fpag_flash_init</STRONG> (Thumb, 140 bytes, Stack size 24 bytes, fpga_upgrade.o(.text))
<BR><BR>[Stack]<UL><LI>Max Depth = 360<LI>Call Chain = fpag_flash_init &rArr; spi_flash_probe &rArr; spi_flash_cmd &rArr; rt_spi_send_then_recv &rArr; rt_mutex_take &rArr; rt_kprintf &rArr; rt_vsnprintf &rArr; print_number
</UL>
<BR>[Calls]<UL><LI><a href="#[e2]">&gt;&gt;</a>&nbsp;&nbsp;&nbsp;rt_kprintf
<LI><a href="#[11d]">&gt;&gt;</a>&nbsp;&nbsp;&nbsp;spi_flash_probe
<LI><a href="#[107]">&gt;&gt;</a>&nbsp;&nbsp;&nbsp;rt_spi_bus_attach_device
<LI><a href="#[104]">&gt;&gt;</a>&nbsp;&nbsp;&nbsp;RCC_AHB1PeriphClockCmd
<LI><a href="#[105]">&gt;&gt;</a>&nbsp;&nbsp;&nbsp;GPIO_SetBits
<LI><a href="#[106]">&gt;&gt;</a>&nbsp;&nbsp;&nbsp;GPIO_Init
</UL>
<BR>[Called By]<UL><LI><a href="#[f1]">&gt;&gt;</a>&nbsp;&nbsp;&nbsp;init_thread_entry
</UL>

<P><STRONG><a name="[11f]"></a>fpga_erase</STRONG> (Thumb, 24 bytes, Stack size 8 bytes, fpga_upgrade.o(.text))
<BR><BR>[Stack]<UL><LI>Max Depth = 8<LI>Call Chain = fpga_erase
</UL>
<BR>[Called By]<UL><LI><a href="#[11e]">&gt;&gt;</a>&nbsp;&nbsp;&nbsp;if_fpga_erase
</UL>

<P><STRONG><a name="[121]"></a>fpga_upgrade</STRONG> (Thumb, 38 bytes, Stack size 24 bytes, fpga_upgrade.o(.text))
<BR><BR>[Stack]<UL><LI>Max Depth = 24<LI>Call Chain = fpga_upgrade
</UL>
<BR>[Called By]<UL><LI><a href="#[120]">&gt;&gt;</a>&nbsp;&nbsp;&nbsp;if_fpga_upgrade
</UL>

<P><STRONG><a name="[11e]"></a>if_fpga_erase</STRONG> (Thumb, 8 bytes, Stack size 8 bytes, fpga_upgrade.o(.text))
<BR><BR>[Stack]<UL><LI>Max Depth = 16<LI>Call Chain = if_fpga_erase &rArr; fpga_erase
</UL>
<BR>[Calls]<UL><LI><a href="#[11f]">&gt;&gt;</a>&nbsp;&nbsp;&nbsp;fpga_erase
</UL>
<BR>[Called By]<UL><LI><a href="#[61]">&gt;&gt;</a>&nbsp;&nbsp;&nbsp;uart_ctl_thread_task
</UL>

<P><STRONG><a name="[120]"></a>if_fpga_upgrade</STRONG> (Thumb, 32 bytes, Stack size 16 bytes, fpga_upgrade.o(.text))
<BR><BR>[Stack]<UL><LI>Max Depth = 40<LI>Call Chain = if_fpga_upgrade &rArr; fpga_upgrade
</UL>
<BR>[Calls]<UL><LI><a href="#[121]">&gt;&gt;</a>&nbsp;&nbsp;&nbsp;fpga_upgrade
</UL>
<BR>[Called By]<UL><LI><a href="#[134]">&gt;&gt;</a>&nbsp;&nbsp;&nbsp;Ymodem_Receive
</UL>

<P><STRONG><a name="[122]"></a>mcu_flash_wait_ready</STRONG> (Thumb, 80 bytes, Stack size 24 bytes, mcu_api.o(.text))
<BR><BR>[Stack]<UL><LI>Max Depth = 320<LI>Call Chain = mcu_flash_wait_ready &rArr; spi_flash_cmd &rArr; rt_spi_send_then_recv &rArr; rt_mutex_take &rArr; rt_kprintf &rArr; rt_vsnprintf &rArr; print_number
</UL>
<BR>[Calls]<UL><LI><a href="#[123]">&gt;&gt;</a>&nbsp;&nbsp;&nbsp;spi_flash_cmd
<LI><a href="#[124]">&gt;&gt;</a>&nbsp;&nbsp;&nbsp;delay_ms
</UL>
<BR>[Called By]<UL><LI><a href="#[113]">&gt;&gt;</a>&nbsp;&nbsp;&nbsp;mcu_flash_write
<LI><a href="#[111]">&gt;&gt;</a>&nbsp;&nbsp;&nbsp;mcu_flash_erase
</UL>

<P><STRONG><a name="[113]"></a>mcu_flash_write</STRONG> (Thumb, 174 bytes, Stack size 64 bytes, mcu_api.o(.text))
<BR><BR>[Stack]<UL><LI>Max Depth = 384<LI>Call Chain = mcu_flash_write &rArr; mcu_flash_wait_ready &rArr; spi_flash_cmd &rArr; rt_spi_send_then_recv &rArr; rt_mutex_take &rArr; rt_kprintf &rArr; rt_vsnprintf &rArr; print_number
</UL>
<BR>[Calls]<UL><LI><a href="#[e2]">&gt;&gt;</a>&nbsp;&nbsp;&nbsp;rt_kprintf
<LI><a href="#[125]">&gt;&gt;</a>&nbsp;&nbsp;&nbsp;spi_flash_cmd_write
<LI><a href="#[122]">&gt;&gt;</a>&nbsp;&nbsp;&nbsp;mcu_flash_wait_ready
<LI><a href="#[124]">&gt;&gt;</a>&nbsp;&nbsp;&nbsp;delay_ms
</UL>
<BR>[Called By]<UL><LI><a href="#[112]">&gt;&gt;</a>&nbsp;&nbsp;&nbsp;mcu_upgrade
</UL>

<P><STRONG><a name="[111]"></a>mcu_flash_erase</STRONG> (Thumb, 188 bytes, Stack size 40 bytes, mcu_api.o(.text))
<BR><BR>[Stack]<UL><LI>Max Depth = 360<LI>Call Chain = mcu_flash_erase &rArr; mcu_flash_wait_ready &rArr; spi_flash_cmd &rArr; rt_spi_send_then_recv &rArr; rt_mutex_take &rArr; rt_kprintf &rArr; rt_vsnprintf &rArr; print_number
</UL>
<BR>[Calls]<UL><LI><a href="#[e2]">&gt;&gt;</a>&nbsp;&nbsp;&nbsp;rt_kprintf
<LI><a href="#[125]">&gt;&gt;</a>&nbsp;&nbsp;&nbsp;spi_flash_cmd_write
<LI><a href="#[122]">&gt;&gt;</a>&nbsp;&nbsp;&nbsp;mcu_flash_wait_ready
<LI><a href="#[124]">&gt;&gt;</a>&nbsp;&nbsp;&nbsp;delay_ms
</UL>
<BR>[Called By]<UL><LI><a href="#[110]">&gt;&gt;</a>&nbsp;&nbsp;&nbsp;mcu_erase
</UL>

<P><STRONG><a name="[10b]"></a>mcu_set_vga</STRONG> (Thumb, 68 bytes, Stack size 32 bytes, mcu_api.o(.text))
<BR><BR>[Stack]<UL><LI>Max Depth = 320<LI>Call Chain = mcu_set_vga &rArr; spi_flash_cmd_write &rArr; rt_spi_send_then_send &rArr; rt_mutex_take &rArr; rt_kprintf &rArr; rt_vsnprintf &rArr; print_number
</UL>
<BR>[Calls]<UL><LI><a href="#[e2]">&gt;&gt;</a>&nbsp;&nbsp;&nbsp;rt_kprintf
<LI><a href="#[125]">&gt;&gt;</a>&nbsp;&nbsp;&nbsp;spi_flash_cmd_write
</UL>
<BR>[Called By]<UL><LI><a href="#[10a]">&gt;&gt;</a>&nbsp;&nbsp;&nbsp;if_set_rf_power
</UL>

<P><STRONG><a name="[109]"></a>mcu_set_freq</STRONG> (Thumb, 74 bytes, Stack size 32 bytes, mcu_api.o(.text))
<BR><BR>[Stack]<UL><LI>Max Depth = 320<LI>Call Chain = mcu_set_freq &rArr; spi_flash_cmd_write &rArr; rt_spi_send_then_send &rArr; rt_mutex_take &rArr; rt_kprintf &rArr; rt_vsnprintf &rArr; print_number
</UL>
<BR>[Calls]<UL><LI><a href="#[e2]">&gt;&gt;</a>&nbsp;&nbsp;&nbsp;rt_kprintf
<LI><a href="#[125]">&gt;&gt;</a>&nbsp;&nbsp;&nbsp;spi_flash_cmd_write
</UL>
<BR>[Called By]<UL><LI><a href="#[108]">&gt;&gt;</a>&nbsp;&nbsp;&nbsp;if_set_freq
</UL>

<P><STRONG><a name="[10d]"></a>mcu_set_mode</STRONG> (Thumb, 58 bytes, Stack size 32 bytes, mcu_api.o(.text))
<BR><BR>[Stack]<UL><LI>Max Depth = 320<LI>Call Chain = mcu_set_mode &rArr; spi_flash_cmd_write &rArr; rt_spi_send_then_send &rArr; rt_mutex_take &rArr; rt_kprintf &rArr; rt_vsnprintf &rArr; print_number
</UL>
<BR>[Calls]<UL><LI><a href="#[e2]">&gt;&gt;</a>&nbsp;&nbsp;&nbsp;rt_kprintf
<LI><a href="#[125]">&gt;&gt;</a>&nbsp;&nbsp;&nbsp;spi_flash_cmd_write
</UL>
<BR>[Called By]<UL><LI><a href="#[10c]">&gt;&gt;</a>&nbsp;&nbsp;&nbsp;if_set_downlink
</UL>

<P><STRONG><a name="[119]"></a>mcu_antenna_sw</STRONG> (Thumb, 56 bytes, Stack size 24 bytes, mcu_api.o(.text))
<BR><BR>[Stack]<UL><LI>Max Depth = 312<LI>Call Chain = mcu_antenna_sw &rArr; spi_flash_cmd_write &rArr; rt_spi_send_then_send &rArr; rt_mutex_take &rArr; rt_kprintf &rArr; rt_vsnprintf &rArr; print_number
</UL>
<BR>[Calls]<UL><LI><a href="#[e2]">&gt;&gt;</a>&nbsp;&nbsp;&nbsp;rt_kprintf
<LI><a href="#[125]">&gt;&gt;</a>&nbsp;&nbsp;&nbsp;spi_flash_cmd_write
</UL>
<BR>[Called By]<UL><LI><a href="#[118]">&gt;&gt;</a>&nbsp;&nbsp;&nbsp;if_set_antenna_sw
</UL>

<P><STRONG><a name="[10f]"></a>mcu_get_status</STRONG> (Thumb, 58 bytes, Stack size 24 bytes, mcu_api.o(.text))
<BR><BR>[Stack]<UL><LI>Max Depth = 320<LI>Call Chain = mcu_get_status &rArr; spi_flash_cmd &rArr; rt_spi_send_then_recv &rArr; rt_mutex_take &rArr; rt_kprintf &rArr; rt_vsnprintf &rArr; print_number
</UL>
<BR>[Calls]<UL><LI><a href="#[e2]">&gt;&gt;</a>&nbsp;&nbsp;&nbsp;rt_kprintf
<LI><a href="#[123]">&gt;&gt;</a>&nbsp;&nbsp;&nbsp;spi_flash_cmd
<LI><a href="#[126]">&gt;&gt;</a>&nbsp;&nbsp;&nbsp;rt_spi_transfer
<LI><a href="#[124]">&gt;&gt;</a>&nbsp;&nbsp;&nbsp;delay_ms
</UL>
<BR>[Called By]<UL><LI><a href="#[10e]">&gt;&gt;</a>&nbsp;&nbsp;&nbsp;if_get_dev_status
</UL>

<P><STRONG><a name="[129]"></a>spansion_erase</STRONG> (Thumb, 210 bytes, Stack size 40 bytes, spansion.o(.text))
<BR><BR>[Stack]<UL><LI>Max Depth = 360<LI>Call Chain = spansion_erase &rArr; spansion_wait_ready &rArr; spi_flash_cmd &rArr; rt_spi_send_then_recv &rArr; rt_mutex_take &rArr; rt_kprintf &rArr; rt_vsnprintf &rArr; print_number
</UL>
<BR>[Calls]<UL><LI><a href="#[e2]">&gt;&gt;</a>&nbsp;&nbsp;&nbsp;rt_kprintf
<LI><a href="#[127]">&gt;&gt;</a>&nbsp;&nbsp;&nbsp;spansion_wait_ready
<LI><a href="#[125]">&gt;&gt;</a>&nbsp;&nbsp;&nbsp;spi_flash_cmd_write
<LI><a href="#[123]">&gt;&gt;</a>&nbsp;&nbsp;&nbsp;spi_flash_cmd
</UL>
<BR>[Address Reference Count : 1]<UL><LI> spansion.o(.text)
</UL>
<P><STRONG><a name="[12a]"></a>spi_flash_probe_spansion</STRONG> (Thumb, 148 bytes, Stack size 32 bytes, spansion.o(.text))
<BR><BR>[Stack]<UL><LI>Max Depth = 280<LI>Call Chain = spi_flash_probe_spansion &rArr; malloc &rArr; rt_malloc &rArr; rt_sem_take &rArr; rt_kprintf &rArr; rt_vsnprintf &rArr; print_number
</UL>
<BR>[Calls]<UL><LI><a href="#[e2]">&gt;&gt;</a>&nbsp;&nbsp;&nbsp;rt_kprintf
<LI><a href="#[12b]">&gt;&gt;</a>&nbsp;&nbsp;&nbsp;malloc
</UL>
<BR>[Called By]<UL><LI><a href="#[11d]">&gt;&gt;</a>&nbsp;&nbsp;&nbsp;spi_flash_probe
</UL>

<P><STRONG><a name="[123]"></a>spi_flash_cmd</STRONG> (Thumb, 32 bytes, Stack size 40 bytes, spi_flash.o(.text))
<BR><BR>[Stack]<UL><LI>Max Depth = 296<LI>Call Chain = spi_flash_cmd &rArr; rt_spi_send_then_recv &rArr; rt_mutex_take &rArr; rt_kprintf &rArr; rt_vsnprintf &rArr; print_number
</UL>
<BR>[Calls]<UL><LI><a href="#[12c]">&gt;&gt;</a>&nbsp;&nbsp;&nbsp;rt_spi_send_then_recv
</UL>
<BR>[Called By]<UL><LI><a href="#[129]">&gt;&gt;</a>&nbsp;&nbsp;&nbsp;spansion_erase
<LI><a href="#[64]">&gt;&gt;</a>&nbsp;&nbsp;&nbsp;spansion_write
<LI><a href="#[127]">&gt;&gt;</a>&nbsp;&nbsp;&nbsp;spansion_wait_ready
<LI><a href="#[122]">&gt;&gt;</a>&nbsp;&nbsp;&nbsp;mcu_flash_wait_ready
<LI><a href="#[11d]">&gt;&gt;</a>&nbsp;&nbsp;&nbsp;spi_flash_probe
<LI><a href="#[10f]">&gt;&gt;</a>&nbsp;&nbsp;&nbsp;mcu_get_status
</UL>

<P><STRONG><a name="[12d]"></a>spi_flash_cmd_read</STRONG> (Thumb, 40 bytes, Stack size 32 bytes, spi_flash.o(.text), UNUSED)
<BR><BR>[Calls]<UL><LI><a href="#[12c]">&gt;&gt;</a>&nbsp;&nbsp;&nbsp;rt_spi_send_then_recv
</UL>

<P><STRONG><a name="[125]"></a>spi_flash_cmd_write</STRONG> (Thumb, 40 bytes, Stack size 32 bytes, spi_flash.o(.text))
<BR><BR>[Stack]<UL><LI>Max Depth = 288<LI>Call Chain = spi_flash_cmd_write &rArr; rt_spi_send_then_send &rArr; rt_mutex_take &rArr; rt_kprintf &rArr; rt_vsnprintf &rArr; print_number
</UL>
<BR>[Calls]<UL><LI><a href="#[12e]">&gt;&gt;</a>&nbsp;&nbsp;&nbsp;rt_spi_send_then_send
</UL>
<BR>[Called By]<UL><LI><a href="#[129]">&gt;&gt;</a>&nbsp;&nbsp;&nbsp;spansion_erase
<LI><a href="#[64]">&gt;&gt;</a>&nbsp;&nbsp;&nbsp;spansion_write
<LI><a href="#[10b]">&gt;&gt;</a>&nbsp;&nbsp;&nbsp;mcu_set_vga
<LI><a href="#[10d]">&gt;&gt;</a>&nbsp;&nbsp;&nbsp;mcu_set_mode
<LI><a href="#[109]">&gt;&gt;</a>&nbsp;&nbsp;&nbsp;mcu_set_freq
<LI><a href="#[113]">&gt;&gt;</a>&nbsp;&nbsp;&nbsp;mcu_flash_write
<LI><a href="#[111]">&gt;&gt;</a>&nbsp;&nbsp;&nbsp;mcu_flash_erase
<LI><a href="#[119]">&gt;&gt;</a>&nbsp;&nbsp;&nbsp;mcu_antenna_sw
</UL>

<P><STRONG><a name="[128]"></a>spi_flash_read_common</STRONG> (Thumb, 44 bytes, Stack size 40 bytes, spi_flash.o(.text))
<BR><BR>[Stack]<UL><LI>Max Depth = 296<LI>Call Chain = spi_flash_read_common &rArr; rt_spi_send_then_recv &rArr; rt_mutex_take &rArr; rt_kprintf &rArr; rt_vsnprintf &rArr; print_number
</UL>
<BR>[Calls]<UL><LI><a href="#[12c]">&gt;&gt;</a>&nbsp;&nbsp;&nbsp;rt_spi_send_then_recv
</UL>
<BR>[Called By]<UL><LI><a href="#[65]">&gt;&gt;</a>&nbsp;&nbsp;&nbsp;spansion_read_fast
</UL>

<P><STRONG><a name="[11d]"></a>spi_flash_probe</STRONG> (Thumb, 170 bytes, Stack size 40 bytes, spi_flash.o(.text))
<BR><BR>[Stack]<UL><LI>Max Depth = 336<LI>Call Chain = spi_flash_probe &rArr; spi_flash_cmd &rArr; rt_spi_send_then_recv &rArr; rt_mutex_take &rArr; rt_kprintf &rArr; rt_vsnprintf &rArr; print_number
</UL>
<BR>[Calls]<UL><LI><a href="#[e2]">&gt;&gt;</a>&nbsp;&nbsp;&nbsp;rt_kprintf
<LI><a href="#[130]">&gt;&gt;</a>&nbsp;&nbsp;&nbsp;strcmp
<LI><a href="#[12f]">&gt;&gt;</a>&nbsp;&nbsp;&nbsp;rt_device_find
<LI><a href="#[131]">&gt;&gt;</a>&nbsp;&nbsp;&nbsp;delay_ms
<LI><a href="#[12a]">&gt;&gt;</a>&nbsp;&nbsp;&nbsp;spi_flash_probe_spansion
<LI><a href="#[123]">&gt;&gt;</a>&nbsp;&nbsp;&nbsp;spi_flash_cmd
</UL>
<BR>[Called By]<UL><LI><a href="#[fd]">&gt;&gt;</a>&nbsp;&nbsp;&nbsp;fpag_flash_init
</UL>

<P><STRONG><a name="[132]"></a>spi_flash_free</STRONG> (Thumb, 12 bytes, Stack size 8 bytes, spi_flash.o(.text), UNUSED)
<BR><BR>[Calls]<UL><LI><a href="#[133]">&gt;&gt;</a>&nbsp;&nbsp;&nbsp;free
</UL>

<P><STRONG><a name="[63]"></a>uart_upgrade_thread_task</STRONG> (Thumb, 56 bytes, Stack size 0 bytes, upgrade.o(.text))
<BR><BR>[Stack]<UL><LI>Max Depth = 480<LI>Call Chain = uart_upgrade_thread_task &rArr; Ymodem_Receive &rArr; if_mcu_upgrade &rArr; mcu_upgrade &rArr; mcu_flash_write &rArr; mcu_flash_wait_ready &rArr; spi_flash_cmd &rArr; rt_spi_send_then_recv &rArr; rt_mutex_take &rArr; rt_kprintf &rArr; rt_vsnprintf &rArr; print_number
</UL>
<BR>[Calls]<UL><LI><a href="#[e2]">&gt;&gt;</a>&nbsp;&nbsp;&nbsp;rt_kprintf
<LI><a href="#[134]">&gt;&gt;</a>&nbsp;&nbsp;&nbsp;Ymodem_Receive
<LI><a href="#[f9]">&gt;&gt;</a>&nbsp;&nbsp;&nbsp;rt_thread_delay
</UL>
<BR>[Address Reference Count : 1]<UL><LI> application.o(.text)
</UL>
<P><STRONG><a name="[134]"></a>Ymodem_Receive</STRONG> (Thumb, 452 bytes, Stack size 56 bytes, ymodem.o(.text))
<BR><BR>[Stack]<UL><LI>Max Depth = 480<LI>Call Chain = Ymodem_Receive &rArr; if_mcu_upgrade &rArr; mcu_upgrade &rArr; mcu_flash_write &rArr; mcu_flash_wait_ready &rArr; spi_flash_cmd &rArr; rt_spi_send_then_recv &rArr; rt_mutex_take &rArr; rt_kprintf &rArr; rt_vsnprintf &rArr; print_number
</UL>
<BR>[Calls]<UL><LI><a href="#[e2]">&gt;&gt;</a>&nbsp;&nbsp;&nbsp;rt_kprintf
<LI><a href="#[137]">&gt;&gt;</a>&nbsp;&nbsp;&nbsp;Send_Byte
<LI><a href="#[135]">&gt;&gt;</a>&nbsp;&nbsp;&nbsp;Receive_Packet
<LI><a href="#[138]">&gt;&gt;</a>&nbsp;&nbsp;&nbsp;str_to_u32
<LI><a href="#[120]">&gt;&gt;</a>&nbsp;&nbsp;&nbsp;if_fpga_upgrade
<LI><a href="#[115]">&gt;&gt;</a>&nbsp;&nbsp;&nbsp;if_mcu_upgrade
</UL>
<BR>[Called By]<UL><LI><a href="#[63]">&gt;&gt;</a>&nbsp;&nbsp;&nbsp;uart_upgrade_thread_task
</UL>

<P><STRONG><a name="[44e]"></a>Ymodem_CheckResponse</STRONG> (Thumb, 6 bytes, Stack size 0 bytes, ymodem.o(.text), UNUSED)

<P><STRONG><a name="[139]"></a>Ymodem_PrepareIntialPacket</STRONG> (Thumb, 114 bytes, Stack size 40 bytes, ymodem.o(.text), UNUSED)
<BR><BR>[Calls]<UL><LI><a href="#[13a]">&gt;&gt;</a>&nbsp;&nbsp;&nbsp;Int2Str
</UL>
<BR>[Called By]<UL><LI><a href="#[13e]">&gt;&gt;</a>&nbsp;&nbsp;&nbsp;Ymodem_Transmit
</UL>

<P><STRONG><a name="[140]"></a>Ymodem_PreparePacket</STRONG> (Thumb, 140 bytes, Stack size 20 bytes, ymodem.o(.text), UNUSED)
<BR><BR>[Called By]<UL><LI><a href="#[13e]">&gt;&gt;</a>&nbsp;&nbsp;&nbsp;Ymodem_Transmit
</UL>

<P><STRONG><a name="[13c]"></a>UpdateCRC16</STRONG> (Thumb, 50 bytes, Stack size 8 bytes, ymodem.o(.text), UNUSED)
<BR><BR>[Called By]<UL><LI><a href="#[13b]">&gt;&gt;</a>&nbsp;&nbsp;&nbsp;Cal_CRC16
</UL>

<P><STRONG><a name="[13b]"></a>Cal_CRC16</STRONG> (Thumb, 52 bytes, Stack size 20 bytes, ymodem.o(.text), UNUSED)
<BR><BR>[Calls]<UL><LI><a href="#[13c]">&gt;&gt;</a>&nbsp;&nbsp;&nbsp;UpdateCRC16
</UL>
<BR>[Called By]<UL><LI><a href="#[13e]">&gt;&gt;</a>&nbsp;&nbsp;&nbsp;Ymodem_Transmit
</UL>

<P><STRONG><a name="[13f]"></a>CalChecksum</STRONG> (Thumb, 24 bytes, Stack size 12 bytes, ymodem.o(.text), UNUSED)
<BR><BR>[Called By]<UL><LI><a href="#[13e]">&gt;&gt;</a>&nbsp;&nbsp;&nbsp;Ymodem_Transmit
</UL>

<P><STRONG><a name="[13d]"></a>Ymodem_SendPacket</STRONG> (Thumb, 26 bytes, Stack size 16 bytes, ymodem.o(.text), UNUSED)
<BR><BR>[Calls]<UL><LI><a href="#[137]">&gt;&gt;</a>&nbsp;&nbsp;&nbsp;Send_Byte
</UL>
<BR>[Called By]<UL><LI><a href="#[13e]">&gt;&gt;</a>&nbsp;&nbsp;&nbsp;Ymodem_Transmit
</UL>

<P><STRONG><a name="[13e]"></a>Ymodem_Transmit</STRONG> (Thumb, 730 bytes, Stack size 1352 bytes, ymodem.o(.text), UNUSED)
<BR><BR>[Calls]<UL><LI><a href="#[137]">&gt;&gt;</a>&nbsp;&nbsp;&nbsp;Send_Byte
<LI><a href="#[136]">&gt;&gt;</a>&nbsp;&nbsp;&nbsp;Receive_Byte
<LI><a href="#[13d]">&gt;&gt;</a>&nbsp;&nbsp;&nbsp;Ymodem_SendPacket
<LI><a href="#[13f]">&gt;&gt;</a>&nbsp;&nbsp;&nbsp;CalChecksum
<LI><a href="#[13b]">&gt;&gt;</a>&nbsp;&nbsp;&nbsp;Cal_CRC16
<LI><a href="#[140]">&gt;&gt;</a>&nbsp;&nbsp;&nbsp;Ymodem_PreparePacket
<LI><a href="#[139]">&gt;&gt;</a>&nbsp;&nbsp;&nbsp;Ymodem_PrepareIntialPacket
</UL>

<P><STRONG><a name="[62]"></a>antenna_swtich_task</STRONG> (Thumb, 434 bytes, Stack size 8 bytes, antenna_sw.o(.text))
<BR><BR>[Stack]<UL><LI>Max Depth = 344<LI>Call Chain = antenna_swtich_task &rArr; if_get_dev_status &rArr; mcu_get_status &rArr; spi_flash_cmd &rArr; rt_spi_send_then_recv &rArr; rt_mutex_take &rArr; rt_kprintf &rArr; rt_vsnprintf &rArr; print_number
</UL>
<BR>[Calls]<UL><LI><a href="#[141]">&gt;&gt;</a>&nbsp;&nbsp;&nbsp;rt_sem_take
<LI><a href="#[145]">&gt;&gt;</a>&nbsp;&nbsp;&nbsp;rt_mb_send
<LI><a href="#[118]">&gt;&gt;</a>&nbsp;&nbsp;&nbsp;if_set_antenna_sw
<LI><a href="#[10e]">&gt;&gt;</a>&nbsp;&nbsp;&nbsp;if_get_dev_status
<LI><a href="#[f9]">&gt;&gt;</a>&nbsp;&nbsp;&nbsp;rt_thread_delay
<LI><a href="#[142]">&gt;&gt;</a>&nbsp;&nbsp;&nbsp;__aeabi_f2d
<LI><a href="#[144]">&gt;&gt;</a>&nbsp;&nbsp;&nbsp;__aeabi_cdrcmple
<LI><a href="#[143]">&gt;&gt;</a>&nbsp;&nbsp;&nbsp;__aeabi_cdcmple
</UL>
<BR>[Address Reference Count : 1]<UL><LI> application.o(.text)
</UL>
<P><STRONG><a name="[146]"></a>write_data_opt</STRONG> (Thumb, 54 bytes, Stack size 8 bytes, uart_protocol.o(.text))
<BR><BR>[Stack]<UL><LI>Max Depth = 200<LI>Call Chain = write_data_opt &rArr; EnQueue &rArr; rt_kprintf &rArr; rt_vsnprintf &rArr; print_number
</UL>
<BR>[Calls]<UL><LI><a href="#[e2]">&gt;&gt;</a>&nbsp;&nbsp;&nbsp;rt_kprintf
<LI><a href="#[14a]">&gt;&gt;</a>&nbsp;&nbsp;&nbsp;rt_sem_release
<LI><a href="#[149]">&gt;&gt;</a>&nbsp;&nbsp;&nbsp;rt_exit_critical
<LI><a href="#[147]">&gt;&gt;</a>&nbsp;&nbsp;&nbsp;rt_enter_critical
<LI><a href="#[148]">&gt;&gt;</a>&nbsp;&nbsp;&nbsp;IsQueueFull
<LI><a href="#[11b]">&gt;&gt;</a>&nbsp;&nbsp;&nbsp;EnQueue
</UL>
<BR>[Called By]<UL><LI><a href="#[61]">&gt;&gt;</a>&nbsp;&nbsp;&nbsp;uart_ctl_thread_task
</UL>

<P><STRONG><a name="[14b]"></a>write_cmd_wait</STRONG> (Thumb, 24 bytes, Stack size 8 bytes, uart_protocol.o(.text))
<BR><BR>[Stack]<UL><LI>Max Depth = 216<LI>Call Chain = write_cmd_wait &rArr; rt_sem_take &rArr; rt_kprintf &rArr; rt_vsnprintf &rArr; print_number
</UL>
<BR>[Calls]<UL><LI><a href="#[141]">&gt;&gt;</a>&nbsp;&nbsp;&nbsp;rt_sem_take
</UL>
<BR>[Called By]<UL><LI><a href="#[136]">&gt;&gt;</a>&nbsp;&nbsp;&nbsp;Receive_Byte
</UL>

<P><STRONG><a name="[136]"></a>Receive_Byte</STRONG> (Thumb, 68 bytes, Stack size 16 bytes, uart_protocol.o(.text))
<BR><BR>[Stack]<UL><LI>Max Depth = 232<LI>Call Chain = Receive_Byte &rArr; write_cmd_wait &rArr; rt_sem_take &rArr; rt_kprintf &rArr; rt_vsnprintf &rArr; print_number
</UL>
<BR>[Calls]<UL><LI><a href="#[e2]">&gt;&gt;</a>&nbsp;&nbsp;&nbsp;rt_kprintf
<LI><a href="#[149]">&gt;&gt;</a>&nbsp;&nbsp;&nbsp;rt_exit_critical
<LI><a href="#[147]">&gt;&gt;</a>&nbsp;&nbsp;&nbsp;rt_enter_critical
<LI><a href="#[14b]">&gt;&gt;</a>&nbsp;&nbsp;&nbsp;write_cmd_wait
<LI><a href="#[14c]">&gt;&gt;</a>&nbsp;&nbsp;&nbsp;IsQueueEmpty
<LI><a href="#[11c]">&gt;&gt;</a>&nbsp;&nbsp;&nbsp;DeQueue
</UL>
<BR>[Called By]<UL><LI><a href="#[13e]">&gt;&gt;</a>&nbsp;&nbsp;&nbsp;Ymodem_Transmit
<LI><a href="#[135]">&gt;&gt;</a>&nbsp;&nbsp;&nbsp;Receive_Packet
</UL>

<P><STRONG><a name="[137]"></a>Send_Byte</STRONG> (Thumb, 20 bytes, Stack size 8 bytes, uart_protocol.o(.text))
<BR><BR>[Stack]<UL><LI>Max Depth = 56<LI>Call Chain = Send_Byte &rArr; rt_device_write &rArr; rt_assert_handler &rArr;  rt_kprintf (Cycle)
</UL>
<BR>[Calls]<UL><LI><a href="#[14d]">&gt;&gt;</a>&nbsp;&nbsp;&nbsp;rt_device_write
</UL>
<BR>[Called By]<UL><LI><a href="#[13e]">&gt;&gt;</a>&nbsp;&nbsp;&nbsp;Ymodem_Transmit
<LI><a href="#[13d]">&gt;&gt;</a>&nbsp;&nbsp;&nbsp;Ymodem_SendPacket
<LI><a href="#[134]">&gt;&gt;</a>&nbsp;&nbsp;&nbsp;Ymodem_Receive
</UL>

<P><STRONG><a name="[152]"></a>check_sum</STRONG> (Thumb, 32 bytes, Stack size 16 bytes, uart_protocol.o(.text))
<BR><BR>[Stack]<UL><LI>Max Depth = 16<LI>Call Chain = check_sum
</UL>
<BR>[Called By]<UL><LI><a href="#[151]">&gt;&gt;</a>&nbsp;&nbsp;&nbsp;len_error
<LI><a href="#[61]">&gt;&gt;</a>&nbsp;&nbsp;&nbsp;uart_ctl_thread_task
</UL>

<P><STRONG><a name="[fe]"></a>uart_ctl_init</STRONG> (Thumb, 86 bytes, Stack size 8 bytes, uart_protocol.o(.text))
<BR><BR>[Stack]<UL><LI>Max Depth = 200<LI>Call Chain = uart_ctl_init &rArr; rt_device_open &rArr; rt_kprintf &rArr; rt_vsnprintf &rArr; print_number
</UL>
<BR>[Calls]<UL><LI><a href="#[14f]">&gt;&gt;</a>&nbsp;&nbsp;&nbsp;rt_device_set_rx_indicate
<LI><a href="#[14e]">&gt;&gt;</a>&nbsp;&nbsp;&nbsp;rt_device_open
<LI><a href="#[12f]">&gt;&gt;</a>&nbsp;&nbsp;&nbsp;rt_device_find
<LI><a href="#[150]">&gt;&gt;</a>&nbsp;&nbsp;&nbsp;InitQueue
<LI><a href="#[102]">&gt;&gt;</a>&nbsp;&nbsp;&nbsp;rt_sem_init
</UL>
<BR>[Called By]<UL><LI><a href="#[f1]">&gt;&gt;</a>&nbsp;&nbsp;&nbsp;init_thread_entry
</UL>

<P><STRONG><a name="[61]"></a>uart_ctl_thread_task</STRONG> (Thumb, 1982 bytes, Stack size 72 bytes, uart_protocol.o(.text))
<BR><BR>[Stack]<UL><LI>Max Depth = 448<LI>Call Chain = uart_ctl_thread_task &rArr; if_mcu_erase &rArr; mcu_erase &rArr; mcu_flash_erase &rArr; mcu_flash_wait_ready &rArr; spi_flash_cmd &rArr; rt_spi_send_then_recv &rArr; rt_mutex_take &rArr; rt_kprintf &rArr; rt_vsnprintf &rArr; print_number
</UL>
<BR>[Calls]<UL><LI><a href="#[e2]">&gt;&gt;</a>&nbsp;&nbsp;&nbsp;rt_kprintf
<LI><a href="#[14d]">&gt;&gt;</a>&nbsp;&nbsp;&nbsp;rt_device_write
<LI><a href="#[154]">&gt;&gt;</a>&nbsp;&nbsp;&nbsp;rt_device_read
<LI><a href="#[152]">&gt;&gt;</a>&nbsp;&nbsp;&nbsp;check_sum
<LI><a href="#[146]">&gt;&gt;</a>&nbsp;&nbsp;&nbsp;write_data_opt
<LI><a href="#[151]">&gt;&gt;</a>&nbsp;&nbsp;&nbsp;len_error
<LI><a href="#[141]">&gt;&gt;</a>&nbsp;&nbsp;&nbsp;rt_sem_take
<LI><a href="#[11e]">&gt;&gt;</a>&nbsp;&nbsp;&nbsp;if_fpga_erase
<LI><a href="#[105]">&gt;&gt;</a>&nbsp;&nbsp;&nbsp;GPIO_SetBits
<LI><a href="#[117]">&gt;&gt;</a>&nbsp;&nbsp;&nbsp;GPIO_ResetBits
<LI><a href="#[11a]">&gt;&gt;</a>&nbsp;&nbsp;&nbsp;MCU1_reset
<LI><a href="#[118]">&gt;&gt;</a>&nbsp;&nbsp;&nbsp;if_set_antenna_sw
<LI><a href="#[116]">&gt;&gt;</a>&nbsp;&nbsp;&nbsp;MCU1_upgrade_enable
<LI><a href="#[114]">&gt;&gt;</a>&nbsp;&nbsp;&nbsp;if_mcu_erase
<LI><a href="#[10e]">&gt;&gt;</a>&nbsp;&nbsp;&nbsp;if_get_dev_status
<LI><a href="#[10c]">&gt;&gt;</a>&nbsp;&nbsp;&nbsp;if_set_downlink
<LI><a href="#[10a]">&gt;&gt;</a>&nbsp;&nbsp;&nbsp;if_set_rf_power
<LI><a href="#[108]">&gt;&gt;</a>&nbsp;&nbsp;&nbsp;if_set_freq
<LI><a href="#[f9]">&gt;&gt;</a>&nbsp;&nbsp;&nbsp;rt_thread_delay
<LI><a href="#[153]">&gt;&gt;</a>&nbsp;&nbsp;&nbsp;__aeabi_memcpy4
</UL>
<BR>[Address Reference Count : 1]<UL><LI> application.o(.text)
</UL>
<P><STRONG><a name="[155]"></a>NVIC_Configuration</STRONG> (Thumb, 22 bytes, Stack size 8 bytes, board.o(.text))
<BR><BR>[Stack]<UL><LI>Max Depth = 8<LI>Call Chain = NVIC_Configuration
</UL>
<BR>[Calls]<UL><LI><a href="#[156]">&gt;&gt;</a>&nbsp;&nbsp;&nbsp;NVIC_SetVectorTable
<LI><a href="#[157]">&gt;&gt;</a>&nbsp;&nbsp;&nbsp;NVIC_PriorityGroupConfig
</UL>
<BR>[Called By]<UL><LI><a href="#[e4]">&gt;&gt;</a>&nbsp;&nbsp;&nbsp;rt_hw_board_init
</UL>

<P><STRONG><a name="[158]"></a>SysTick_Configuration</STRONG> (Thumb, 98 bytes, Stack size 32 bytes, board.o(.text))
<BR><BR>[Stack]<UL><LI>Max Depth = 52<LI>Call Chain = SysTick_Configuration &rArr; RCC_GetClocksFreq
</UL>
<BR>[Calls]<UL><LI><a href="#[15a]">&gt;&gt;</a>&nbsp;&nbsp;&nbsp;SysTick_CLKSourceConfig
<LI><a href="#[159]">&gt;&gt;</a>&nbsp;&nbsp;&nbsp;RCC_GetClocksFreq
</UL>
<BR>[Called By]<UL><LI><a href="#[e4]">&gt;&gt;</a>&nbsp;&nbsp;&nbsp;rt_hw_board_init
</UL>

<P><STRONG><a name="[e]"></a>SysTick_Handler</STRONG> (Thumb, 16 bytes, Stack size 8 bytes, board.o(.text))
<BR><BR>[Stack]<UL><LI>Max Depth = 88<LI>Call Chain = SysTick_Handler &rArr; rt_tick_increase &rArr; rt_timer_check &rArr; rt_timer_start &rArr; rt_assert_handler &rArr;  rt_kprintf (Cycle)
</UL>
<BR>[Calls]<UL><LI><a href="#[15c]">&gt;&gt;</a>&nbsp;&nbsp;&nbsp;rt_tick_increase
<LI><a href="#[15d]">&gt;&gt;</a>&nbsp;&nbsp;&nbsp;rt_interrupt_leave
<LI><a href="#[15b]">&gt;&gt;</a>&nbsp;&nbsp;&nbsp;rt_interrupt_enter
</UL>
<BR>[Address Reference Count : 1]<UL><LI> startup_stm32f40xx.o(RESET)
</UL>
<P><STRONG><a name="[f2]"></a>Switch_reset</STRONG> (Thumb, 76 bytes, Stack size 16 bytes, board.o(.text))
<BR><BR>[Stack]<UL><LI>Max Depth = 96<LI>Call Chain = Switch_reset &rArr; rt_thread_delay &rArr; rt_thread_sleep &rArr; rt_timer_start &rArr; rt_assert_handler &rArr;  rt_kprintf (Cycle)
</UL>
<BR>[Calls]<UL><LI><a href="#[104]">&gt;&gt;</a>&nbsp;&nbsp;&nbsp;RCC_AHB1PeriphClockCmd
<LI><a href="#[105]">&gt;&gt;</a>&nbsp;&nbsp;&nbsp;GPIO_SetBits
<LI><a href="#[117]">&gt;&gt;</a>&nbsp;&nbsp;&nbsp;GPIO_ResetBits
<LI><a href="#[106]">&gt;&gt;</a>&nbsp;&nbsp;&nbsp;GPIO_Init
<LI><a href="#[f9]">&gt;&gt;</a>&nbsp;&nbsp;&nbsp;rt_thread_delay
</UL>
<BR>[Called By]<UL><LI><a href="#[f1]">&gt;&gt;</a>&nbsp;&nbsp;&nbsp;init_thread_entry
</UL>

<P><STRONG><a name="[f3]"></a>PHY_reset</STRONG> (Thumb, 112 bytes, Stack size 16 bytes, board.o(.text))
<BR><BR>[Stack]<UL><LI>Max Depth = 96<LI>Call Chain = PHY_reset &rArr; rt_thread_delay &rArr; rt_thread_sleep &rArr; rt_timer_start &rArr; rt_assert_handler &rArr;  rt_kprintf (Cycle)
</UL>
<BR>[Calls]<UL><LI><a href="#[104]">&gt;&gt;</a>&nbsp;&nbsp;&nbsp;RCC_AHB1PeriphClockCmd
<LI><a href="#[105]">&gt;&gt;</a>&nbsp;&nbsp;&nbsp;GPIO_SetBits
<LI><a href="#[117]">&gt;&gt;</a>&nbsp;&nbsp;&nbsp;GPIO_ResetBits
<LI><a href="#[106]">&gt;&gt;</a>&nbsp;&nbsp;&nbsp;GPIO_Init
<LI><a href="#[f9]">&gt;&gt;</a>&nbsp;&nbsp;&nbsp;rt_thread_delay
</UL>
<BR>[Called By]<UL><LI><a href="#[f1]">&gt;&gt;</a>&nbsp;&nbsp;&nbsp;init_thread_entry
</UL>

<P><STRONG><a name="[fa]"></a>get_fpga_config_status</STRONG> (Thumb, 54 bytes, Stack size 16 bytes, board.o(.text))
<BR><BR>[Stack]<UL><LI>Max Depth = 36<LI>Call Chain = get_fpga_config_status &rArr; GPIO_Init
</UL>
<BR>[Calls]<UL><LI><a href="#[15e]">&gt;&gt;</a>&nbsp;&nbsp;&nbsp;GPIO_ReadInputDataBit
<LI><a href="#[104]">&gt;&gt;</a>&nbsp;&nbsp;&nbsp;RCC_AHB1PeriphClockCmd
<LI><a href="#[106]">&gt;&gt;</a>&nbsp;&nbsp;&nbsp;GPIO_Init
</UL>
<BR>[Called By]<UL><LI><a href="#[f1]">&gt;&gt;</a>&nbsp;&nbsp;&nbsp;init_thread_entry
</UL>

<P><STRONG><a name="[e4]"></a>rt_hw_board_init</STRONG> (Thumb, 22 bytes, Stack size 8 bytes, board.o(.text))
<BR><BR>[Stack]<UL><LI>Max Depth = 216<LI>Call Chain = rt_hw_board_init &rArr; rt_console_set_device &rArr; rt_device_open &rArr; rt_kprintf &rArr; rt_vsnprintf &rArr; print_number
</UL>
<BR>[Calls]<UL><LI><a href="#[15f]">&gt;&gt;</a>&nbsp;&nbsp;&nbsp;rt_hw_usart_init
<LI><a href="#[160]">&gt;&gt;</a>&nbsp;&nbsp;&nbsp;rt_console_set_device
<LI><a href="#[158]">&gt;&gt;</a>&nbsp;&nbsp;&nbsp;SysTick_Configuration
<LI><a href="#[155]">&gt;&gt;</a>&nbsp;&nbsp;&nbsp;NVIC_Configuration
</UL>
<BR>[Called By]<UL><LI><a href="#[e3]">&gt;&gt;</a>&nbsp;&nbsp;&nbsp;rtthread_startup
</UL>

<P><STRONG><a name="[168]"></a>rt_stm32_eth_tx</STRONG> (Thumb, 92 bytes, Stack size 32 bytes, stm32f4_eth.o(.text))
<BR><BR>[Stack]<UL><LI>Max Depth = 240<LI>Call Chain = rt_stm32_eth_tx &rArr; rt_sem_take &rArr; rt_kprintf &rArr; rt_vsnprintf &rArr; print_number
</UL>
<BR>[Calls]<UL><LI><a href="#[e2]">&gt;&gt;</a>&nbsp;&nbsp;&nbsp;rt_kprintf
<LI><a href="#[167]">&gt;&gt;</a>&nbsp;&nbsp;&nbsp;rt_memcpy
<LI><a href="#[169]">&gt;&gt;</a>&nbsp;&nbsp;&nbsp;ETH_Prepare_Transmit_Descriptors
<LI><a href="#[14a]">&gt;&gt;</a>&nbsp;&nbsp;&nbsp;rt_sem_release
<LI><a href="#[141]">&gt;&gt;</a>&nbsp;&nbsp;&nbsp;rt_sem_take
</UL>
<BR>[Address Reference Count : 1]<UL><LI> stm32f4_eth.o(.text)
</UL>
<P><STRONG><a name="[16a]"></a>rt_stm32_eth_rx</STRONG> (Thumb, 178 bytes, Stack size 64 bytes, stm32f4_eth.o(.text))
<BR><BR>[Stack]<UL><LI>Max Depth = 400<LI>Call Chain = rt_stm32_eth_rx &rArr; pbuf_alloc &rArr; pbuf_pool_is_empty &rArr; tcpip_callback_with_block &rArr; sys_mbox_trypost &rArr; rt_mb_send &rArr; rt_mb_send_wait &rArr; rt_kprintf &rArr; rt_vsnprintf &rArr; print_number
</UL>
<BR>[Calls]<UL><LI><a href="#[167]">&gt;&gt;</a>&nbsp;&nbsp;&nbsp;rt_memcpy
<LI><a href="#[16c]">&gt;&gt;</a>&nbsp;&nbsp;&nbsp;pbuf_alloc
<LI><a href="#[16b]">&gt;&gt;</a>&nbsp;&nbsp;&nbsp;ETH_Get_Received_Frame_interrupt
</UL>
<BR>[Address Reference Count : 1]<UL><LI> stm32f4_eth.o(.text)
</UL>
<P><STRONG><a name="[f4]"></a>rt_hw_stm32_eth_init</STRONG> (Thumb, 126 bytes, Stack size 8 bytes, stm32f4_eth.o(.text))
<BR><BR>[Stack]<UL><LI>Max Depth = 528<LI>Call Chain = rt_hw_stm32_eth_init &rArr; eth_device_init &rArr; eth_device_init_with_flag &rArr; netifapi_netif_add &rArr; tcpip_netifapi &rArr; sys_sem_new &rArr; rt_sem_create &rArr; rt_object_allocate &rArr; rt_malloc &rArr; rt_sem_take &rArr; rt_kprintf &rArr; rt_vsnprintf &rArr; print_number
</UL>
<BR>[Calls]<UL><LI><a href="#[17c]">&gt;&gt;</a>&nbsp;&nbsp;&nbsp;eth_device_init
<LI><a href="#[173]">&gt;&gt;</a>&nbsp;&nbsp;&nbsp;ETH_MACDMA_Config
<LI><a href="#[171]">&gt;&gt;</a>&nbsp;&nbsp;&nbsp;NVIC_Configuration
<LI><a href="#[16d]">&gt;&gt;</a>&nbsp;&nbsp;&nbsp;GPIO_Configuration
<LI><a href="#[102]">&gt;&gt;</a>&nbsp;&nbsp;&nbsp;rt_sem_init
</UL>
<BR>[Called By]<UL><LI><a href="#[f1]">&gt;&gt;</a>&nbsp;&nbsp;&nbsp;init_thread_entry
</UL>

<P><STRONG><a name="[4c]"></a>ETH_IRQHandler</STRONG> (Thumb, 62 bytes, Stack size 8 bytes, stm32f4_eth.o(.text))
<BR><BR>[Stack]<UL><LI>Max Depth = 256<LI>Call Chain = ETH_IRQHandler &rArr; eth_device_ready &rArr; rt_mb_send &rArr; rt_mb_send_wait &rArr; rt_kprintf &rArr; rt_vsnprintf &rArr; print_number
</UL>
<BR>[Calls]<UL><LI><a href="#[e2]">&gt;&gt;</a>&nbsp;&nbsp;&nbsp;rt_kprintf
<LI><a href="#[17f]">&gt;&gt;</a>&nbsp;&nbsp;&nbsp;eth_device_ready
<LI><a href="#[180]">&gt;&gt;</a>&nbsp;&nbsp;&nbsp;ETH_GetDMAITStatus
<LI><a href="#[17d]">&gt;&gt;</a>&nbsp;&nbsp;&nbsp;ETH_GetDMAFlagStatus
<LI><a href="#[17e]">&gt;&gt;</a>&nbsp;&nbsp;&nbsp;ETH_DMAClearITPendingBit
</UL>
<BR>[Address Reference Count : 1]<UL><LI> startup_stm32f40xx.o(RESET)
</UL>
<P><STRONG><a name="[6]"></a>NMI_Handler</STRONG> (Thumb, 2 bytes, Stack size 0 bytes, stm32f4_it.o(.text))
<BR>[Address Reference Count : 1]<UL><LI> startup_stm32f40xx.o(RESET)
</UL>
<P><STRONG><a name="[8]"></a>MemManage_Handler</STRONG> (Thumb, 4 bytes, Stack size 0 bytes, stm32f4_it.o(.text))
<BR>[Address Reference Count : 1]<UL><LI> startup_stm32f40xx.o(RESET)
</UL>
<P><STRONG><a name="[9]"></a>BusFault_Handler</STRONG> (Thumb, 4 bytes, Stack size 0 bytes, stm32f4_it.o(.text))
<BR>[Address Reference Count : 1]<UL><LI> startup_stm32f40xx.o(RESET)
</UL>
<P><STRONG><a name="[a]"></a>UsageFault_Handler</STRONG> (Thumb, 4 bytes, Stack size 0 bytes, stm32f4_it.o(.text))
<BR>[Address Reference Count : 1]<UL><LI> startup_stm32f40xx.o(RESET)
</UL>
<P><STRONG><a name="[b]"></a>SVC_Handler</STRONG> (Thumb, 2 bytes, Stack size 0 bytes, stm32f4_it.o(.text))
<BR>[Address Reference Count : 1]<UL><LI> startup_stm32f40xx.o(RESET)
</UL>
<P><STRONG><a name="[c]"></a>DebugMon_Handler</STRONG> (Thumb, 2 bytes, Stack size 0 bytes, stm32f4_it.o(.text))
<BR>[Address Reference Count : 1]<UL><LI> startup_stm32f40xx.o(RESET)
</UL>
<P><STRONG><a name="[fb]"></a>rt_hw_spi_init</STRONG> (Thumb, 78 bytes, Stack size 8 bytes, stm32f4_spi.o(.text))
[...]
</UL>
<BR>[Calls]<UL><LI><a href="#[3aa]">&gt;&gt;</a>&nbsp;&nbsp;&nbsp;mavlink_sha256_final_48
<LI><a href="#[3a8]">&gt;&gt;</a>&nbsp;&nbsp;&nbsp;mavlink_sha256_update
<LI><a href="#[3a3]">&gt;&gt;</a>&nbsp;&nbsp;&nbsp;memcmp
</UL>
<BR>[Called By]<UL><LI><a href="#[3ad]">&gt;&gt;</a>&nbsp;&nbsp;&nbsp;mavlink_frame_char_buffer
</UL>

<P><STRONG><a name="[3ac]"></a>mavlink_msg_to_send_buffer</STRONG> (Thumb, 224 bytes, Stack size 32 bytes, udp_connect.o(.text))
<BR><BR>[Stack]<UL><LI>Max Depth = 32<LI>Call Chain = mavlink_msg_to_send_buffer
</UL>
<BR>[Calls]<UL><LI><a href="#[1a8]">&gt;&gt;</a>&nbsp;&nbsp;&nbsp;__aeabi_memcpy
</UL>
<BR>[Called By]<UL><LI><a href="#[3bb]">&gt;&gt;</a>&nbsp;&nbsp;&nbsp;message_hangle
</UL>

<P><STRONG><a name="[3b0]"></a>mavlink_update_checksum</STRONG> (Thumb, 36 bytes, Stack size 0 bytes, udp_connect.o(.text))
<BR><BR>[Called By]<UL><LI><a href="#[3ad]">&gt;&gt;</a>&nbsp;&nbsp;&nbsp;mavlink_frame_char_buffer
</UL>

<P><STRONG><a name="[3ad]"></a>mavlink_frame_char_buffer</STRONG> (Thumb, 878 bytes, Stack size 40 bytes, udp_connect.o(.text))
<BR><BR>[Stack]<UL><LI>Max Depth = 712<LI>Call Chain = mavlink_frame_char_buffer &rArr; mavlink_signature_check &rArr; mavlink_sha256_final_48 &rArr; mavlink_sha256_update &rArr; mavlink_sha256_calc
</UL>
<BR>[Calls]<UL><LI><a href="#[3b1]">&gt;&gt;</a>&nbsp;&nbsp;&nbsp;mavlink_get_msg_entry
<LI><a href="#[3ae]">&gt;&gt;</a>&nbsp;&nbsp;&nbsp;mavlink_start_checksum
<LI><a href="#[3af]">&gt;&gt;</a>&nbsp;&nbsp;&nbsp;_mav_parse_error
<LI><a href="#[3b0]">&gt;&gt;</a>&nbsp;&nbsp;&nbsp;mavlink_update_checksum
<LI><a href="#[3ab]">&gt;&gt;</a>&nbsp;&nbsp;&nbsp;mavlink_signature_check
<LI><a href="#[1d5]">&gt;&gt;</a>&nbsp;&nbsp;&nbsp;__aeabi_memclr
<LI><a href="#[153]">&gt;&gt;</a>&nbsp;&nbsp;&nbsp;__aeabi_memcpy4
</UL>
<BR>[Called By]<UL><LI><a href="#[3bc]">&gt;&gt;</a>&nbsp;&nbsp;&nbsp;mavlink_prase
</UL>

<P><STRONG><a name="[3af]"></a>_mav_parse_error</STRONG> (Thumb, 8 bytes, Stack size 0 bytes, udp_connect.o(.text))
<BR><BR>[Called By]<UL><LI><a href="#[3ad]">&gt;&gt;</a>&nbsp;&nbsp;&nbsp;mavlink_frame_char_buffer
</UL>

<P><STRONG><a name="[3ae]"></a>mavlink_start_checksum</STRONG> (Thumb, 12 bytes, Stack size 0 bytes, udp_connect.o(.text))
<BR><BR>[Called By]<UL><LI><a href="#[3ad]">&gt;&gt;</a>&nbsp;&nbsp;&nbsp;mavlink_frame_char_buffer
</UL>

<P><STRONG><a name="[3b1]"></a>mavlink_get_msg_entry</STRONG> (Thumb, 92 bytes, Stack size 12 bytes, udp_connect.o(.text))
<BR><BR>[Stack]<UL><LI>Max Depth = 12<LI>Call Chain = mavlink_get_msg_entry
</UL>
<BR>[Called By]<UL><LI><a href="#[3ad]">&gt;&gt;</a>&nbsp;&nbsp;&nbsp;mavlink_frame_char_buffer
</UL>

<P><STRONG><a name="[3c4]"></a>strnstr</STRONG> (Thumb, 74 bytes, Stack size 24 bytes, httpd.o(.text))
<BR><BR>[Stack]<UL><LI>Max Depth = 36<LI>Call Chain = strnstr &rArr; strncmp
</UL>
<BR>[Calls]<UL><LI><a href="#[1c4]">&gt;&gt;</a>&nbsp;&nbsp;&nbsp;strncmp
<LI><a href="#[1cd]">&gt;&gt;</a>&nbsp;&nbsp;&nbsp;strlen
</UL>
<BR>[Called By]<UL><LI><a href="#[3d5]">&gt;&gt;</a>&nbsp;&nbsp;&nbsp;http_parse_request
<LI><a href="#[3d2]">&gt;&gt;</a>&nbsp;&nbsp;&nbsp;http_init_file
</UL>

<P><STRONG><a name="[3c5]"></a>http_state_alloc</STRONG> (Thumb, 28 bytes, Stack size 8 bytes, httpd.o(.text))
<BR><BR>[Stack]<UL><LI>Max Depth = 248<LI>Call Chain = http_state_alloc &rArr; rt_malloc &rArr; rt_sem_take &rArr; rt_kprintf &rArr; rt_vsnprintf &rArr; print_number
</UL>
<BR>[Calls]<UL><LI><a href="#[1e0]">&gt;&gt;</a>&nbsp;&nbsp;&nbsp;rt_malloc
<LI><a href="#[1c9]">&gt;&gt;</a>&nbsp;&nbsp;&nbsp;__aeabi_memclr4
</UL>
<BR>[Called By]<UL><LI><a href="#[a9]">&gt;&gt;</a>&nbsp;&nbsp;&nbsp;http_accept
</UL>

<P><STRONG><a name="[3c6]"></a>http_state_free</STRONG> (Thumb, 42 bytes, Stack size 8 bytes, httpd.o(.text))
<BR><BR>[Stack]<UL><LI>Max Depth = 232<LI>Call Chain = http_state_free &rArr; rt_free &rArr; rt_sem_take &rArr; rt_kprintf &rArr; rt_vsnprintf &rArr; print_number
</UL>
<BR>[Calls]<UL><LI><a href="#[94]">&gt;&gt;</a>&nbsp;&nbsp;&nbsp;rt_free
<LI><a href="#[3c7]">&gt;&gt;</a>&nbsp;&nbsp;&nbsp;fs_close
</UL>
<BR>[Called By]<UL><LI><a href="#[a7]">&gt;&gt;</a>&nbsp;&nbsp;&nbsp;http_err
<LI><a href="#[3cb]">&gt;&gt;</a>&nbsp;&nbsp;&nbsp;http_close_conn
</UL>

<P><STRONG><a name="[3c8]"></a>http_write</STRONG> (Thumb, 104 bytes, Stack size 32 bytes, httpd.o(.text))
<BR><BR>[Stack]<UL><LI>Max Depth = 536<LI>Call Chain = http_write &rArr; tcp_write &rArr; tcp_pbuf_prealloc &rArr; pbuf_alloc &rArr; pbuf_pool_is_empty &rArr; tcpip_callback_with_block &rArr; sys_mbox_trypost &rArr; rt_mb_send &rArr; rt_mb_send_wait &rArr; rt_kprintf &rArr; rt_vsnprintf &rArr; print_number
</UL>
<BR>[Calls]<UL><LI><a href="#[e2]">&gt;&gt;</a>&nbsp;&nbsp;&nbsp;rt_kprintf
<LI><a href="#[2bd]">&gt;&gt;</a>&nbsp;&nbsp;&nbsp;tcp_write
<LI><a href="#[29a]">&gt;&gt;</a>&nbsp;&nbsp;&nbsp;sys_arch_assert
</UL>
<BR>[Called By]<UL><LI><a href="#[3ca]">&gt;&gt;</a>&nbsp;&nbsp;&nbsp;http_send_data
</UL>

<P><STRONG><a name="[3c9]"></a>get_tag_insert</STRONG> (Thumb, 224 bytes, Stack size 24 bytes, httpd.o(.text))
<BR><BR>[Stack]<UL><LI>Max Depth = 216<LI>Call Chain = get_tag_insert &rArr; sys_arch_assert &rArr; rt_kprintf &rArr; rt_vsnprintf &rArr; print_number
</UL>
<BR>[Calls]<UL><LI><a href="#[e2]">&gt;&gt;</a>&nbsp;&nbsp;&nbsp;rt_kprintf
<LI><a href="#[29a]">&gt;&gt;</a>&nbsp;&nbsp;&nbsp;sys_arch_assert
<LI><a href="#[130]">&gt;&gt;</a>&nbsp;&nbsp;&nbsp;strcmp
<LI><a href="#[1a8]">&gt;&gt;</a>&nbsp;&nbsp;&nbsp;__aeabi_memcpy
<LI><a href="#[1cd]">&gt;&gt;</a>&nbsp;&nbsp;&nbsp;strlen
</UL>
<BR>[Called By]<UL><LI><a href="#[3ca]">&gt;&gt;</a>&nbsp;&nbsp;&nbsp;http_send_data
</UL>

<P><STRONG><a name="[3ca]"></a>http_send_data</STRONG> (Thumb, 1722 bytes, Stack size 32 bytes, httpd.o(.text))
<BR><BR>[Stack]<UL><LI>Max Depth = 568<LI>Call Chain = http_send_data &rArr; http_write &rArr; tcp_write &rArr; tcp_pbuf_prealloc &rArr; pbuf_alloc &rArr; pbuf_pool_is_empty &rArr; tcpip_callback_with_block &rArr; sys_mbox_trypost &rArr; rt_mb_send &rArr; rt_mb_send_wait &rArr; rt_kprintf &rArr; rt_vsnprintf &rArr; print_number
</UL>
<BR>[Calls]<UL><LI><a href="#[e2]">&gt;&gt;</a>&nbsp;&nbsp;&nbsp;rt_kprintf
<LI><a href="#[29a]">&gt;&gt;</a>&nbsp;&nbsp;&nbsp;sys_arch_assert
<LI><a href="#[1e0]">&gt;&gt;</a>&nbsp;&nbsp;&nbsp;rt_malloc
<LI><a href="#[3cd]">&gt;&gt;</a>&nbsp;&nbsp;&nbsp;fs_read
<LI><a href="#[3cc]">&gt;&gt;</a>&nbsp;&nbsp;&nbsp;fs_bytes_left
<LI><a href="#[3cb]">&gt;&gt;</a>&nbsp;&nbsp;&nbsp;http_close_conn
<LI><a href="#[3c9]">&gt;&gt;</a>&nbsp;&nbsp;&nbsp;get_tag_insert
<LI><a href="#[3c8]">&gt;&gt;</a>&nbsp;&nbsp;&nbsp;http_write
</UL>
<BR>[Called By]<UL><LI><a href="#[a6]">&gt;&gt;</a>&nbsp;&nbsp;&nbsp;http_recv
<LI><a href="#[a8]">&gt;&gt;</a>&nbsp;&nbsp;&nbsp;http_sent
<LI><a href="#[a5]">&gt;&gt;</a>&nbsp;&nbsp;&nbsp;http_poll
</UL>

<P><STRONG><a name="[a5]"></a>http_poll</STRONG> (Thumb, 72 bytes, Stack size 16 bytes, httpd.o(.text))
<BR><BR>[Stack]<UL><LI>Max Depth = 584<LI>Call Chain = http_poll &rArr; http_send_data &rArr; http_write &rArr; tcp_write &rArr; tcp_pbuf_prealloc &rArr; pbuf_alloc &rArr; pbuf_pool_is_empty &rArr; tcpip_callback_with_block &rArr; sys_mbox_trypost &rArr; rt_mb_send &rArr; rt_mb_send_wait &rArr; rt_kprintf &rArr; rt_vsnprintf &rArr; print_number
</UL>
<BR>[Calls]<UL><LI><a href="#[2be]">&gt;&gt;</a>&nbsp;&nbsp;&nbsp;tcp_output
<LI><a href="#[3cb]">&gt;&gt;</a>&nbsp;&nbsp;&nbsp;http_close_conn
<LI><a href="#[3ca]">&gt;&gt;</a>&nbsp;&nbsp;&nbsp;http_send_data
</UL>
<BR>[Address Reference Count : 1]<UL><LI> httpd.o(.text)
</UL>
<P><STRONG><a name="[3cb]"></a>http_close_conn</STRONG> (Thumb, 110 bytes, Stack size 16 bytes, httpd.o(.text))
<BR><BR>[Stack]<UL><LI>Max Depth = 512<LI>Call Chain = http_close_conn &rArr; tcp_close &rArr; tcp_close_shutdown &rArr; tcp_pcb_remove &rArr; tcp_output &rArr; tcp_output_segment &rArr; ip_output &rArr; ip_output_if &rArr; ip_output_if_opt &rArr; pbuf_header &rArr; sys_arch_assert &rArr; rt_kprintf &rArr; rt_vsnprintf &rArr; print_number
</UL>
<BR>[Calls]<UL><LI><a href="#[2c3]">&gt;&gt;</a>&nbsp;&nbsp;&nbsp;tcp_sent
<LI><a href="#[2c2]">&gt;&gt;</a>&nbsp;&nbsp;&nbsp;tcp_recv
<LI><a href="#[2c4]">&gt;&gt;</a>&nbsp;&nbsp;&nbsp;tcp_poll
<LI><a href="#[2c5]">&gt;&gt;</a>&nbsp;&nbsp;&nbsp;tcp_err
<LI><a href="#[2c6]">&gt;&gt;</a>&nbsp;&nbsp;&nbsp;tcp_close
<LI><a href="#[2c0]">&gt;&gt;</a>&nbsp;&nbsp;&nbsp;tcp_arg
<LI><a href="#[3c6]">&gt;&gt;</a>&nbsp;&nbsp;&nbsp;http_state_free
</UL>
<BR>[Called By]<UL><LI><a href="#[a6]">&gt;&gt;</a>&nbsp;&nbsp;&nbsp;http_recv
<LI><a href="#[a5]">&gt;&gt;</a>&nbsp;&nbsp;&nbsp;http_poll
<LI><a href="#[3ca]">&gt;&gt;</a>&nbsp;&nbsp;&nbsp;http_send_data
</UL>

<P><STRONG><a name="[3ce]"></a>extract_uri_parameters</STRONG> (Thumb, 126 bytes, Stack size 24 bytes, httpd.o(.text))
<BR><BR>[Stack]<UL><LI>Max Depth = 32<LI>Call Chain = extract_uri_parameters &rArr; strchr
</UL>
<BR>[Calls]<UL><LI><a href="#[3cf]">&gt;&gt;</a>&nbsp;&nbsp;&nbsp;strchr
</UL>
<BR>[Called By]<UL><LI><a href="#[3d3]">&gt;&gt;</a>&nbsp;&nbsp;&nbsp;http_find_file
</UL>

<P><STRONG><a name="[3d0]"></a>http_get_404_file</STRONG> (Thumb, 54 bytes, Stack size 16 bytes, httpd.o(.text))
<BR><BR>[Stack]<UL><LI>Max Depth = 40<LI>Call Chain = http_get_404_file &rArr; fs_open &rArr; fs_free
</UL>
<BR>[Calls]<UL><LI><a href="#[3d1]">&gt;&gt;</a>&nbsp;&nbsp;&nbsp;fs_open
</UL>
<BR>[Called By]<UL><LI><a href="#[3d3]">&gt;&gt;</a>&nbsp;&nbsp;&nbsp;http_find_file
</UL>

<P><STRONG><a name="[3d2]"></a>http_init_file</STRONG> (Thumb, 174 bytes, Stack size 24 bytes, httpd.o(.text))
<BR><BR>[Stack]<UL><LI>Max Depth = 216<LI>Call Chain = http_init_file &rArr; sys_arch_assert &rArr; rt_kprintf &rArr; rt_vsnprintf &rArr; print_number
</UL>
<BR>[Calls]<UL><LI><a href="#[e2]">&gt;&gt;</a>&nbsp;&nbsp;&nbsp;rt_kprintf
<LI><a href="#[29a]">&gt;&gt;</a>&nbsp;&nbsp;&nbsp;sys_arch_assert
<LI><a href="#[3c4]">&gt;&gt;</a>&nbsp;&nbsp;&nbsp;strnstr
</UL>
<BR>[Called By]<UL><LI><a href="#[3d3]">&gt;&gt;</a>&nbsp;&nbsp;&nbsp;http_find_file
</UL>

<P><STRONG><a name="[3d3]"></a>http_find_file</STRONG> (Thumb, 308 bytes, Stack size 48 bytes, httpd.o(.text))
<BR><BR>[Stack]<UL><LI>Max Depth = 264<LI>Call Chain = http_find_file &rArr; http_init_file &rArr; sys_arch_assert &rArr; rt_kprintf &rArr; rt_vsnprintf &rArr; print_number
</UL>
<BR>[Calls]<UL><LI><a href="#[3cf]">&gt;&gt;</a>&nbsp;&nbsp;&nbsp;strchr
<LI><a href="#[130]">&gt;&gt;</a>&nbsp;&nbsp;&nbsp;strcmp
<LI><a href="#[3d4]">&gt;&gt;</a>&nbsp;&nbsp;&nbsp;strstr
<LI><a href="#[3d1]">&gt;&gt;</a>&nbsp;&nbsp;&nbsp;fs_open
<LI><a href="#[3d2]">&gt;&gt;</a>&nbsp;&nbsp;&nbsp;http_init_file
<LI><a href="#[3d0]">&gt;&gt;</a>&nbsp;&nbsp;&nbsp;http_get_404_file
<LI><a href="#[3ce]">&gt;&gt;</a>&nbsp;&nbsp;&nbsp;extract_uri_parameters
</UL>
<BR>[Called By]<UL><LI><a href="#[3d5]">&gt;&gt;</a>&nbsp;&nbsp;&nbsp;http_parse_request
</UL>

<P><STRONG><a name="[3d5]"></a>http_parse_request</STRONG> (Thumb, 342 bytes, Stack size 64 bytes, httpd.o(.text))
<BR><BR>[Stack]<UL><LI>Max Depth = 328<LI>Call Chain = http_parse_request &rArr; http_find_file &rArr; http_init_file &rArr; sys_arch_assert &rArr; rt_kprintf &rArr; rt_vsnprintf &rArr; print_number
</UL>
<BR>[Calls]<UL><LI><a href="#[e2]">&gt;&gt;</a>&nbsp;&nbsp;&nbsp;rt_kprintf
<LI><a href="#[36d]">&gt;&gt;</a>&nbsp;&nbsp;&nbsp;pbuf_clen
<LI><a href="#[303]">&gt;&gt;</a>&nbsp;&nbsp;&nbsp;pbuf_copy_partial
<LI><a href="#[2eb]">&gt;&gt;</a>&nbsp;&nbsp;&nbsp;pbuf_cat
<LI><a href="#[29a]">&gt;&gt;</a>&nbsp;&nbsp;&nbsp;sys_arch_assert
<LI><a href="#[1c4]">&gt;&gt;</a>&nbsp;&nbsp;&nbsp;strncmp
<LI><a href="#[3d3]">&gt;&gt;</a>&nbsp;&nbsp;&nbsp;http_find_file
<LI><a href="#[3c4]">&gt;&gt;</a>&nbsp;&nbsp;&nbsp;strnstr
</UL>
<BR>[Called By]<UL><LI><a href="#[a6]">&gt;&gt;</a>&nbsp;&nbsp;&nbsp;http_recv
</UL>

<P><STRONG><a name="[a7]"></a>http_err</STRONG> (Thumb, 18 bytes, Stack size 16 bytes, httpd.o(.text))
<BR><BR>[Stack]<UL><LI>Max Depth = 248<LI>Call Chain = http_err &rArr; http_state_free &rArr; rt_free &rArr; rt_sem_take &rArr; rt_kprintf &rArr; rt_vsnprintf &rArr; print_number
</UL>
<BR>[Calls]<UL><LI><a href="#[3c6]">&gt;&gt;</a>&nbsp;&nbsp;&nbsp;http_state_free
</UL>
<BR>[Address Reference Count : 1]<UL><LI> httpd.o(.text)
</UL>
<P><STRONG><a name="[a8]"></a>http_sent</STRONG> (Thumb, 36 bytes, Stack size 24 bytes, httpd.o(.text))
<BR><BR>[Stack]<UL><LI>Max Depth = 592<LI>Call Chain = http_sent &rArr; http_send_data &rArr; http_write &rArr; tcp_write &rArr; tcp_pbuf_prealloc &rArr; pbuf_alloc &rArr; pbuf_pool_is_empty &rArr; tcpip_callback_with_block &rArr; sys_mbox_trypost &rArr; rt_mb_send &rArr; rt_mb_send_wait &rArr; rt_kprintf &rArr; rt_vsnprintf &rArr; print_number
</UL>
<BR>[Calls]<UL><LI><a href="#[3ca]">&gt;&gt;</a>&nbsp;&nbsp;&nbsp;http_send_data
</UL>
<BR>[Address Reference Count : 1]<UL><LI> httpd.o(.text)
</UL>
<P><STRONG><a name="[a6]"></a>http_recv</STRONG> (Thumb, 364 bytes, Stack size 40 bytes, httpd.o(.text))
<BR><BR>[Stack]<UL><LI>Max Depth = 608<LI>Call Chain = http_recv &rArr; http_send_data &rArr; http_write &rArr; tcp_write &rArr; tcp_pbuf_prealloc &rArr; pbuf_alloc &rArr; pbuf_pool_is_empty &rArr; tcpip_callback_with_block &rArr; sys_mbox_trypost &rArr; rt_mb_send &rArr; rt_mb_send_wait &rArr; rt_kprintf &rArr; rt_vsnprintf &rArr; print_number
</UL>
<BR>[Calls]<UL><LI><a href="#[e2]">&gt;&gt;</a>&nbsp;&nbsp;&nbsp;rt_kprintf
<LI><a href="#[2ba]">&gt;&gt;</a>&nbsp;&nbsp;&nbsp;tcp_recved
<LI><a href="#[2b7]">&gt;&gt;</a>&nbsp;&nbsp;&nbsp;pbuf_free
<LI><a href="#[29a]">&gt;&gt;</a>&nbsp;&nbsp;&nbsp;sys_arch_assert
<LI><a href="#[3d5]">&gt;&gt;</a>&nbsp;&nbsp;&nbsp;http_parse_request
<LI><a href="#[3cb]">&gt;&gt;</a>&nbsp;&nbsp;&nbsp;http_close_conn
<LI><a href="#[3ca]">&gt;&gt;</a>&nbsp;&nbsp;&nbsp;http_send_data
</UL>
<BR>[Address Reference Count : 1]<UL><LI> httpd.o(.text)
</UL>
<P><STRONG><a name="[a9]"></a>http_accept</STRONG> (Thumb, 114 bytes, Stack size 24 bytes, httpd.o(.text))
<BR><BR>[Stack]<UL><LI>Max Depth = 272<LI>Call Chain = http_accept &rArr; http_state_alloc &rArr; rt_malloc &rArr; rt_sem_take &rArr; rt_kprintf &rArr; rt_vsnprintf &rArr; print_number
</UL>
<BR>[Calls]<UL><LI><a href="#[e2]">&gt;&gt;</a>&nbsp;&nbsp;&nbsp;rt_kprintf
<LI><a href="#[2c3]">&gt;&gt;</a>&nbsp;&nbsp;&nbsp;tcp_sent
<LI><a href="#[2c2]">&gt;&gt;</a>&nbsp;&nbsp;&nbsp;tcp_recv
<LI><a href="#[2c4]">&gt;&gt;</a>&nbsp;&nbsp;&nbsp;tcp_poll
<LI><a href="#[2c5]">&gt;&gt;</a>&nbsp;&nbsp;&nbsp;tcp_err
<LI><a href="#[2c0]">&gt;&gt;</a>&nbsp;&nbsp;&nbsp;tcp_arg
<LI><a href="#[29a]">&gt;&gt;</a>&nbsp;&nbsp;&nbsp;sys_arch_assert
<LI><a href="#[3d6]">&gt;&gt;</a>&nbsp;&nbsp;&nbsp;tcp_setprio
<LI><a href="#[3c5]">&gt;&gt;</a>&nbsp;&nbsp;&nbsp;http_state_alloc
</UL>
<BR>[Address Reference Count : 1]<UL><LI> httpd.o(.text)
</UL>
<P><STRONG><a name="[3d7]"></a>httpd_init_addr</STRONG> (Thumb, 114 bytes, Stack size 16 bytes, httpd.o(.text))
<BR><BR>[Stack]<UL><LI>Max Depth = 576<LI>Call Chain = httpd_init_addr &rArr; tcp_new &rArr; tcp_alloc &rArr; tcp_kill_prio &rArr; tcp_abort &rArr; tcp_abandon &rArr; tcp_pcb_remove &rArr; tcp_output &rArr; tcp_output_segment &rArr; ip_output &rArr; ip_output_if &rArr; ip_output_if_opt &rArr; pbuf_header &rArr; sys_arch_assert &rArr; rt_kprintf &rArr; rt_vsnprintf &rArr; print_number
</UL>
<BR>[Calls]<UL><LI><a href="#[e2]">&gt;&gt;</a>&nbsp;&nbsp;&nbsp;rt_kprintf
<LI><a href="#[2d2]">&gt;&gt;</a>&nbsp;&nbsp;&nbsp;tcp_new
<LI><a href="#[2df]">&gt;&gt;</a>&nbsp;&nbsp;&nbsp;tcp_listen_with_backlog
<LI><a href="#[2da]">&gt;&gt;</a>&nbsp;&nbsp;&nbsp;tcp_bind
<LI><a href="#[2c0]">&gt;&gt;</a>&nbsp;&nbsp;&nbsp;tcp_arg
<LI><a href="#[2c1]">&gt;&gt;</a>&nbsp;&nbsp;&nbsp;tcp_accept
<LI><a href="#[29a]">&gt;&gt;</a>&nbsp;&nbsp;&nbsp;sys_arch_assert
<LI><a href="#[3d6]">&gt;&gt;</a>&nbsp;&nbsp;&nbsp;tcp_setprio
</UL>
<BR>[Called By]<UL><LI><a href="#[f8]">&gt;&gt;</a>&nbsp;&nbsp;&nbsp;httpd_init
</UL>

<P><STRONG><a name="[3dc]"></a>fs_malloc</STRONG> (Thumb, 54 bytes, Stack size 0 bytes, fs.o(.text))
<BR><BR>[Called By]<UL><LI><a href="#[3d1]">&gt;&gt;</a>&nbsp;&nbsp;&nbsp;fs_open
</UL>

<P><STRONG><a name="[3dd]"></a>fs_free</STRONG> (Thumb, 48 bytes, Stack size 8 bytes, fs.o(.text))
<BR><BR>[Stack]<UL><LI>Max Depth = 8<LI>Call Chain = fs_free
</UL>
<BR>[Called By]<UL><LI><a href="#[3d1]">&gt;&gt;</a>&nbsp;&nbsp;&nbsp;fs_open
<LI><a href="#[3c7]">&gt;&gt;</a>&nbsp;&nbsp;&nbsp;fs_close
</UL>

<P><STRONG><a name="[3de]"></a>FindCGIParameter</STRONG> (Thumb, 44 bytes, Stack size 24 bytes, httpd_cgi_ssi.o(.text))
<BR><BR>[Stack]<UL><LI>Max Depth = 24<LI>Call Chain = FindCGIParameter
</UL>
<BR>[Calls]<UL><LI><a href="#[130]">&gt;&gt;</a>&nbsp;&nbsp;&nbsp;strcmp
</UL>
<BR>[Called By]<UL><LI><a href="#[b4]">&gt;&gt;</a>&nbsp;&nbsp;&nbsp;ANT_SEL_CGI_Handler
<LI><a href="#[b3]">&gt;&gt;</a>&nbsp;&nbsp;&nbsp;DOWNLINK_CGI_Handler
<LI><a href="#[b2]">&gt;&gt;</a>&nbsp;&nbsp;&nbsp;TXPOWER_CGI_Handler
<LI><a href="#[b1]">&gt;&gt;</a>&nbsp;&nbsp;&nbsp;RXFREQ_CGI_Handler
<LI><a href="#[b0]">&gt;&gt;</a>&nbsp;&nbsp;&nbsp;TXFREQ_CGI_Handler
</UL>

<P><STRONG><a name="[aa]"></a>SSIHandler</STRONG> (Thumb, 234 bytes, Stack size 24 bytes, httpd_cgi_ssi.o(.text))
<BR><BR>[Stack]<UL><LI>Max Depth = 32<LI>Call Chain = SSIHandler &rArr; strlen
</UL>
<BR>[Calls]<UL><LI><a href="#[1cd]">&gt;&gt;</a>&nbsp;&nbsp;&nbsp;strlen
<LI><a href="#[3ee]">&gt;&gt;</a>&nbsp;&nbsp;&nbsp;RxLost_Handler
<LI><a href="#[3ed]">&gt;&gt;</a>&nbsp;&nbsp;&nbsp;ANTENNA_Handler
<LI><a href="#[3ec]">&gt;&gt;</a>&nbsp;&nbsp;&nbsp;BRSSI_Handler
<LI><a href="#[3eb]">&gt;&gt;</a>&nbsp;&nbsp;&nbsp;BVGA_Handler
<LI><a href="#[3ea]">&gt;&gt;</a>&nbsp;&nbsp;&nbsp;ARSSI_Handler
<LI><a href="#[3e9]">&gt;&gt;</a>&nbsp;&nbsp;&nbsp;AVGA_Handler
<LI><a href="#[3e8]">&gt;&gt;</a>&nbsp;&nbsp;&nbsp;BW_Handler
<LI><a href="#[3e7]">&gt;&gt;</a>&nbsp;&nbsp;&nbsp;Downlink_Handler
<LI><a href="#[3e4]">&gt;&gt;</a>&nbsp;&nbsp;&nbsp;TXPOWER_Handler
<LI><a href="#[3e3]">&gt;&gt;</a>&nbsp;&nbsp;&nbsp;SNR_Handler
<LI><a href="#[3e2]">&gt;&gt;</a>&nbsp;&nbsp;&nbsp;LDPCFAIL_Handler
<LI><a href="#[3e1]">&gt;&gt;</a>&nbsp;&nbsp;&nbsp;LDPCPASS_Handler
<LI><a href="#[3e6]">&gt;&gt;</a>&nbsp;&nbsp;&nbsp;BBtemp_Handler
<LI><a href="#[3e5]">&gt;&gt;</a>&nbsp;&nbsp;&nbsp;RFtemp_Handler
<LI><a href="#[3e0]">&gt;&gt;</a>&nbsp;&nbsp;&nbsp;RXfreq_Handler
<LI><a href="#[3df]">&gt;&gt;</a>&nbsp;&nbsp;&nbsp;TXfreq_Handler
</UL>
<BR>[Address Reference Count : 1]<UL><LI> httpd_cgi_ssi.o(.text)
</UL>
<P><STRONG><a name="[3fa]"></a>_fp_digits</STRONG> (Thumb, 428 bytes, Stack size 96 bytes, _printf_fp_dec.o(.text))
<BR><BR>[Stack]<UL><LI>Max Depth = 216<LI>Call Chain = _fp_digits &rArr; _btod_etento &rArr; _btod_emul &rArr; _e2e
</UL>
<BR>[Calls]<UL><LI><a href="#[3fe]">&gt;&gt;</a>&nbsp;&nbsp;&nbsp;_btod_emul
<LI><a href="#[3fd]">&gt;&gt;</a>&nbsp;&nbsp;&nbsp;_btod_ediv
<LI><a href="#[3fc]">&gt;&gt;</a>&nbsp;&nbsp;&nbsp;_btod_d2e
<LI><a href="#[3fb]">&gt;&gt;</a>&nbsp;&nbsp;&nbsp;_btod_etento
<LI><a href="#[3ff]">&gt;&gt;</a>&nbsp;&nbsp;&nbsp;_ll_udiv10
</UL>
<BR>[Called By]<UL><LI><a href="#[400]">&gt;&gt;</a>&nbsp;&nbsp;&nbsp;_printf_fp_dec_real
</UL>

<P><STRONG><a name="[ac]"></a>_printf_input_char</STRONG> (Thumb, 10 bytes, Stack size 0 bytes, _printf_char_common.o(.text))
<BR>[Address Reference Count : 1]<UL><LI> _printf_char_common.o(.text)
</UL>
<P><STRONG><a name="[425]"></a>_dadd1</STRONG> (Thumb, 0 bytes, Stack size unknown bytes, daddsub_clz.o(x$fpl$dadd), UNUSED)
<BR><BR>[Called By]<UL><LI><a href="#[426]">&gt;&gt;</a>&nbsp;&nbsp;&nbsp;_dsub
<LI><a href="#[424]">&gt;&gt;</a>&nbsp;&nbsp;&nbsp;_drsb
</UL>

<P><STRONG><a name="[41b]"></a>_dsub1</STRONG> (Thumb, 0 bytes, Stack size unknown bytes, daddsub_clz.o(x$fpl$dsub), UNUSED)
<BR><BR>[Called By]<UL><LI><a href="#[424]">&gt;&gt;</a>&nbsp;&nbsp;&nbsp;_drsb
<LI><a href="#[41a]">&gt;&gt;</a>&nbsp;&nbsp;&nbsp;_dadd
</UL>
<P>
<H3>
Undefined Global Symbols
</H3><HR></body></html>
