<html>
<body>
<pre>
<h1>µVision Build Log</h1>
<h2>Tool Versions:</h2>
IDE-Version: ¦ÌVision V5.15
Copyright (C) 2015 ARM Ltd and ARM Germany GmbH. All rights reserved.
License Information: ff jerry, ff, LIC=P6F56-DFE2W-UM59A-141YL-VZYPP-TTWZ1
 
Tool Versions:
Toolchain:       MDK-ARM Professional  Version: 5.15.0
Toolchain Path:  C:\Keil_v5\ARM\ARMCC\Bin
C Compiler:      Armcc.exe V5.05 update 2 (build 169)
Assembler:       Armasm.exe V5.05 update 2 (build 169)
Linker/Locator:  ArmLink.exe V5.05 update 2 (build 169)
Library Manager: ArmAr.exe V5.05 update 2 (build 169)
Hex Converter:   FromElf.exe V5.05 update 2 (build 169)
CPU DLL:         SARMCM3.DLL V5.15.0
Dialog DLL:      DCM.DLL V1.13.2.0
Target DLL:      Segger\JL2CM3.dll V2.99.15.0
Dialog DLL:      TCM.DLL V1.14.5.0
 
<h2>Project:</h2>
C:\autoflight   wvl\Í¼´«\AF  MCU2 ground  air ground web\AF_MCU2\Output\Project\APP_MCU.uvprojx
Project File Date:  10/11/2018

<h2>Output:</h2>
*** Using Compiler 'V5.05 update 2 (build 169)', folder: 'C:\Keil_v5\ARM\ARMCC\Bin'
Build target 'DEMO'
compiling startup.c...
compiling application.c...
compiling common.c...
compiling interface.c...
compiling queue.c...
compiling uart_protocol.c...
compiling fpga_upgrade.c...
compiling mcu_api.c...
compiling spansion.c...
compiling spi_flash.c...
compiling upgrade.c...
compiling ymodem.c...
..\..\App\ymodem.c(108): warning:  #550-D: variable "buf_ptr" was set but never used
        uint8_t *file_ptr, *buf_ptr;
..\..\App\ymodem.c: 1 warning, 0 errors
compiling board.c...
compiling stm32f4_eth.c...
compiling stm32f4_i2c.c...
compiling stm32f4_spi.c...
compiling stm32f4_uart.c...
compiling i2c_bit_ops.c...
compiling i2c_bus.c...
compiling serial.c...
compiling spi_bus.c...
compiling cmd.c...
compiling finsh_compiler.c...
compiling finsh_error.c...
compiling finsh_heap.c...
compiling finsh_init.c...
compiling finsh_node.c...
compiling finsh_ops.c...
compiling finsh_parser.c...
compiling finsh_token.c...
compiling finsh_var.c...
compiling finsh_vm.c...
compiling msh.c...
compiling msh_cmd.c...
compiling msh_file.c...
compiling shell.c...
compiling symbol.c...
compiling clock.c...
compiling device.c...
compiling idle.c...
compiling ipc.c...
compiling irq.c...
compiling kservice.c...
compiling mem.c...
compiling memheap.c...
compiling mempool.c...
compiling object.c...
compiling scheduler.c...
compiling slab.c...
compiling thread.c...
compiling timer.c...
compiling system_stm32f4xx.c...
compiling cpuport.c...
compiling ctype.c...
compiling qsort.c...
compiling rand.c...
compiling stdlib.c...
compiling string.c...
compiling time.c...
compiling misc.c...
compiling stm32f4xx_adc.c...
compiling stm32f4xx_can.c...
compiling stm32f4xx_cec.c...
compiling stm32f4xx_crc.c...
compiling stm32f4xx_dac.c...
compiling stm32f4xx_dbgmcu.c...
compiling stm32f4xx_dma.c...
compiling stm32f4xx_exti.c...
compiling stm32f4xx_flash.c...
compiling stm32f4xx_gpio.c...
compiling stm32f4xx_i2c.c...
compiling stm32f4xx_iwdg.c...
compiling stm32f4xx_lptim.c...
compiling stm32f4xx_pwr.c...
compiling stm32f4xx_rcc.c...
compiling stm32f4xx_rtc.c...
compiling stm32f4xx_sdio.c...
compiling stm32f4xx_spi.c...
compiling stm32f4xx_syscfg.c...
compiling stm32f4xx_tim.c...
compiling stm32f4xx_usart.c...
compiling stm32f4xx_wwdg.c...
compiling stm32f4x7_eth.c...
compiling fs.c...
compiling api_lib.c...
compiling api_msg.c...
compiling err.c...
compiling netbuf.c...
compiling netdb.c...
compiling netifapi.c...
compiling sockets.c...
compiling tcpip.c...
compiling sys_arch.c...
compiling def.c...
compiling dhcp.c...
compiling dns.c...
compiling init.c...
compiling mem.c...
compiling memp.c...
compiling netif.c...
compiling pbuf.c...
compiling raw.c...
compiling stats.c...
compiling sys.c...
compiling tcp.c...
compiling tcp_in.c...
compiling tcp_out.c...
compiling timers.c...
compiling udp.c...
compiling autoip.c...
compiling icmp.c...
compiling igmp.c...
compiling inet.c...
compiling inet_chksum.c...
compiling ip.c...
compiling ip_addr.c...
compiling ip_frag.c...
compiling etharp.c...
compiling ethernetif.c...
..\..\Lwip\src\netif\ethernetif.c(442): warning:  #1-D: last line of file ends without a newline
  }
..\..\Lwip\src\netif\ethernetif.c: 1 warning, 0 errors
compiling httpd.c...
..\..\Lwip\web_server\httpd.c(2189): warning:  #177-D: variable "ret" was declared but never referenced
    int32_t             ret;
..\..\Lwip\web_server\httpd.c: 1 warning, 0 errors
compiling httpd_cgi_ssi.c...
..\..\Lwip\web_server\httpd_cgi_ssi.c(1002): warning:  #177-D: variable "result" was declared but never referenced
            uint8_t  i=0,result=0;
..\..\Lwip\web_server\httpd_cgi_ssi.c(1004): warning:  #177-D: variable "value" was declared but never referenced
            uint32_t value=0;
..\..\Lwip\web_server\httpd_cgi_ssi.c(1025): warning:  #177-D: variable "result" was declared but never referenced
            uint8_t  i=0,result=0;
..\..\Lwip\web_server\httpd_cgi_ssi.c(1027): warning:  #177-D: variable "value" was declared but never referenced
            uint32_t value=0;
..\..\Lwip\web_server\httpd_cgi_ssi.c(1061): warning:  #177-D: variable "i" was declared but never referenced
            uint8_t  i=0,result=0;
..\..\Lwip\web_server\httpd_cgi_ssi.c(1061): warning:  #177-D: variable "result" was declared but never referenced
            uint8_t  i=0,result=0;
..\..\Lwip\web_server\httpd_cgi_ssi.c(1063): warning:  #177-D: variable "value" was declared but never referenced
            uint32_t value=0;
..\..\Lwip\web_server\httpd_cgi_ssi.c(1085): warning:  #177-D: variable "result" was declared but never referenced
            uint8_t  i=0,result=0;
..\..\Lwip\web_server\httpd_cgi_ssi.c(1087): warning:  #177-D: variable "value" was declared but never referenced
            uint32_t value=0;
..\..\Lwip\web_server\httpd_cgi_ssi.c(1109): warning:  #167-D: argument of type "u16_t (*)(int, char *, int)" is incompatible with parameter of type "tSSIHandler"
        http_set_ssi_handler(SSIHandler,ppcTAGs,
UM_CONFIG_SSI_TAGS);
..\..\Lwip\web_server\httpd_cgi_ssi.c: 10 warnings, 0 errors
compiling udp_connect.c...
..\..\App\udp_connect.c(78): warning:  #177-D: variable "newconnect" was declared but never referenced
      int sock_fd,newconnect;                    /* client socked */  
..\..\App\udp_connect.c(82): warning:  #177-D: variable "optval" was declared but never referenced
          unsigned char optval = 1; 
..\..\App\udp_connect.c(176): warning:  #223-D: function "sprintf" declared implicitly
        sprintf((char*)tbuf,"LOCAL IP:%d.%d.%d.%d \n",RT_LWIP_IPADDR0,RT_LWIP_IPADDR1,RT_LWIP_IPADDR2,RT_LWIP_IPADDR3);//IP
..\..\App\udp_connect.c: 3 warnings, 0 errors
linking...
Program Size: Code=120612 RO-data=25804 RW-data=1004 ZI-data=52724  
FromELF: creating hex file...
".\Objects\APP_MCU.axf" - 0 Error(s), 16 Warning(s).

<h2>Software Packages used:</h2>

Package Vendor: ARM
                http://www.keil.com/pack/ARM.CMSIS.4.3.0.pack
                ARM::CMSIS:CORE:4.1.0
                CMSIS (Cortex Microcontroller Software Interface Standard)
   * Component: CORE Version: 4.1.0

<h2>Collection of Component include folders:</h2>
  C:\autoflight   wvl\Í¼´«\AF  MCU2 ground  air ground web\AF_MCU2\Output\Project\RTE
  C:\Keil_v5\ARM\PACK\ARM\CMSIS\4.3.0\CMSIS\Include
  C:\Keil_v5\ARM\PACK\Keil\STM32F4xx_DFP\2.9.0\Drivers\CMSIS\Device\ST\STM32F4xx\Include

<h2>Collection of Component Files used:</h2>

   * Component: ARM::CMSIS:CORE:4.1.0
</pre>
</body>
</html>
