Component: ARM Compiler 5.05 update 2 (build 169) Tool: armlink [4d0f33]

==============================================================================

Section Cross References

    startup.o(.text) refers to kservice.o(.text) for rt_kprintf
    startup.o(.text) refers to board.o(.text) for rt_hw_board_init
    startup.o(.text) refers to clock.o(.text) for rt_system_tick_init
    startup.o(.text) refers to object.o(.text) for rt_system_object_init
    startup.o(.text) refers to timer_1.o(.text) for rt_system_timer_init
    startup.o(.text) refers to mem.o(.text) for rt_system_heap_init
    startup.o(.text) refers to scheduler.o(.text) for rt_system_scheduler_init
    startup.o(.text) refers to application.o(.text) for rt_application_init
    startup.o(.text) refers to shell.o(.text) for finsh_system_init
    startup.o(.text) refers to idle.o(.text) for rt_thread_idle_init
    startup.o(.text) refers to context_rvds.o(.text) for rt_hw_interrupt_disable
    startup.o(.text) refers to startup.o(.conststring) for .conststring
    application.o(.text) refers to board.o(.text) for Switch_reset
    application.o(.text) refers to stm32f4_eth.o(.text) for rt_hw_stm32_eth_init
    application.o(.text) refers to ethernetif.o(.text) for eth_system_device_init
    application.o(.text) refers to sys_arch.o(.text) for lwip_system_init
    application.o(.text) refers to udp_connect.o(.text) for udp_connect_init
    application.o(.text) refers to httpd.o(.text) for httpd_init
    application.o(.text) refers to kservice.o(.text) for rt_kprintf
    application.o(.text) refers to thread.o(.text) for rt_thread_delay
    application.o(.text) refers to stm32f4_spi.o(.text) for rt_hw_spi_init
    application.o(.text) refers to interface.o(.text) for if_bus_init
    application.o(.text) refers to fpga_upgrade.o(.text) for fpag_flash_init
    application.o(.text) refers to uart_protocol.o(.text) for uart_ctl_init
    application.o(.text) refers to ipc.o(.text) for rt_mb_init
    application.o(.text) refers to application.o(.bss) for uart_ctl_thread_stack
    application.o(.text) refers to antenna_sw.o(.bss) for sem_attitude_change
    application.o(.text) refers to antenna_sw.o(.text) for antenna_swtich_task
    application.o(.text) refers to upgrade.o(.text) for uart_upgrade_thread_task
    interface.o(.text) refers to stm32f4xx_rcc.o(.text) for RCC_AHB1PeriphClockCmd
    interface.o(.text) refers to stm32f4xx_gpio.o(.text) for GPIO_SetBits
    interface.o(.text) refers to spi_bus.o(.text) for rt_spi_bus_attach_device
    interface.o(.text) refers to kservice.o(.text) for rt_kprintf
    interface.o(.text) refers to mcu_api.o(.text) for mcu_set_freq
    interface.o(.text) refers to thread.o(.text) for rt_thread_delay
    interface.o(.text) refers to interface.o(.data) for spi_cs
    interface.o(.text) refers to interface.o(.bss) for spi_device
    queue.o(.text) refers to kservice.o(.text) for rt_kprintf
    queue.o(.text) refers to queue.o(.bss) for value
    fpga_upgrade.o(.text) refers to stm32f4xx_rcc.o(.text) for RCC_AHB1PeriphClockCmd
    fpga_upgrade.o(.text) refers to stm32f4xx_gpio.o(.text) for GPIO_SetBits
    fpga_upgrade.o(.text) refers to spi_bus.o(.text) for rt_spi_bus_attach_device
    fpga_upgrade.o(.text) refers to kservice.o(.text) for rt_kprintf
    fpga_upgrade.o(.text) refers to spi_flash.o(.text) for spi_flash_probe
    fpga_upgrade.o(.text) refers to fpga_upgrade.o(.data) for spi_cs
    fpga_upgrade.o(.text) refers to fpga_upgrade.o(.bss) for spi_device
    mcu_api.o(.text) refers to spi_flash.o(.text) for spi_flash_cmd
    mcu_api.o(.text) refers to kservice.o(.text) for rt_kprintf
    mcu_api.o(.text) refers to spi_bus.o(.text) for rt_spi_transfer
    spansion.o(.text) refers to spi_flash.o(.text) for spi_flash_cmd
    spansion.o(.text) refers to thread.o(.text) for rt_thread_delay
    spansion.o(.text) refers to kservice.o(.text) for rt_kprintf
    spansion.o(.text) refers to stdlib.o(.text) for malloc
    spansion.o(.text) refers to spansion.o(.constdata) for spansion_spi_flash_table
    spansion.o(.constdata) refers to spansion.o(.conststring) for .conststring
    spi_flash.o(.text) refers to spi_bus.o(.text) for rt_spi_send_then_recv
    spi_flash.o(.text) refers to device.o(.text) for rt_device_find
    spi_flash.o(.text) refers to string.o(.text) for strcmp
    spi_flash.o(.text) refers to kservice.o(.text) for rt_kprintf
    spi_flash.o(.text) refers to spansion.o(.text) for spi_flash_probe_spansion
    spi_flash.o(.text) refers to stdlib.o(.text) for free
    upgrade.o(.text) refers to kservice.o(.text) for rt_kprintf
    upgrade.o(.text) refers to ymodem.o(.text) for Ymodem_Receive
    upgrade.o(.text) refers to thread.o(.text) for rt_thread_delay
    upgrade.o(.text) refers to uart_protocol.o(.data) for upgrade_table
    upgrade.o(.text) refers to upgrade.o(.bss) for uart_buffer
    ymodem.o(.text) refers to uart_protocol.o(.text) for Receive_Byte
[...]
    lwip_listen                              0x08010d45   Thumb Code   154  sockets.o(.text)
    lwip_recvfrom                            0x08010ddf   Thumb Code   806  sockets.o(.text)
    lwip_read                                0x08011105   Thumb Code    28  sockets.o(.text)
    lwip_recv                                0x08011121   Thumb Code    34  sockets.o(.text)
    lwip_sendto                              0x08011143   Thumb Code   280  sockets.o(.text)
    lwip_send                                0x0801125b   Thumb Code   156  sockets.o(.text)
    lwip_socket                              0x080112f7   Thumb Code   306  sockets.o(.text)
    lwip_write                               0x08011429   Thumb Code    22  sockets.o(.text)
    lwip_select                              0x080115af   Thumb Code   864  sockets.o(.text)
    lwip_shutdown                            0x0801190f   Thumb Code   332  sockets.o(.text)
    lwip_getpeername                         0x08011ad9   Thumb Code    22  sockets.o(.text)
    lwip_getsockname                         0x08011aef   Thumb Code    22  sockets.o(.text)
    lwip_getsockopt                          0x08011d1b   Thumb Code   474  sockets.o(.text)
    lwip_setsockopt                          0x0801211b   Thumb Code   456  sockets.o(.text)
    lwip_ioctl                               0x080122e3   Thumb Code   126  sockets.o(.text)
    lwip_fcntl                               0x08012361   Thumb Code   122  sockets.o(.text)
    tcpip_input                              0x080124bd   Thumb Code    72  tcpip.o(.text)
    tcpip_callback_with_block                0x08012505   Thumb Code    90  tcpip.o(.text)
    tcpip_timeout                            0x0801255f   Thumb Code    66  tcpip.o(.text)
    tcpip_untimeout                          0x080125a1   Thumb Code    58  tcpip.o(.text)
    tcpip_apimsg                             0x080125db   Thumb Code    56  tcpip.o(.text)
    tcpip_netifapi                           0x08012613   Thumb Code    76  tcpip.o(.text)
    tcpip_callbackmsg_new                    0x0801265f   Thumb Code    34  tcpip.o(.text)
    tcpip_callbackmsg_delete                 0x08012681   Thumb Code    12  tcpip.o(.text)
    tcpip_trycallback                        0x0801268d   Thumb Code    28  tcpip.o(.text)
    tcpip_init                               0x080126a9   Thumb Code    70  tcpip.o(.text)
    pbuf_free_callback                       0x080126fd   Thumb Code    16  tcpip.o(.text)
    mem_free_callback                        0x0801270d   Thumb Code    16  tcpip.o(.text)
    sys_arch_assert                          0x080127cb   Thumb Code    38  sys_arch.o(.text)
    lwip_system_init                         0x08012889   Thumb Code   146  sys_arch.o(.text)
    sys_init                                 0x0801291b   Thumb Code     2  sys_arch.o(.text)
    sys_sem_new                              0x0801291d   Thumb Code   104  sys_arch.o(.text)
    sys_sem_free                             0x08012985   Thumb Code    52  sys_arch.o(.text)
    sys_sem_signal                           0x080129b9   Thumb Code    12  sys_arch.o(.text)
    sys_arch_sem_wait                        0x080129c5   Thumb Code   114  sys_arch.o(.text)
    sys_sem_valid                            0x08012a37   Thumb Code     6  sys_arch.o(.text)
    sys_sem_set_invalid                      0x08012a3d   Thumb Code     6  sys_arch.o(.text)
    sys_mutex_new                            0x08012a43   Thumb Code   102  sys_arch.o(.text)
    sys_mutex_lock                           0x08012aa9   Thumb Code    58  sys_arch.o(.text)
    sys_mutex_unlock                         0x08012ae3   Thumb Code    12  sys_arch.o(.text)
    sys_mutex_free                           0x08012aef   Thumb Code    54  sys_arch.o(.text)
    sys_mutex_valid                          0x08012b25   Thumb Code     6  sys_arch.o(.text)
    sys_mutex_set_invalid                    0x08012b2b   Thumb Code     6  sys_arch.o(.text)
    sys_mbox_new                             0x08012b31   Thumb Code   106  sys_arch.o(.text)
    sys_mbox_free                            0x08012b9b   Thumb Code   348  sys_arch.o(.text)
    sys_mbox_post                            0x08012cf7   Thumb Code    66  sys_arch.o(.text)
    sys_mbox_trypost                         0x08012d39   Thumb Code    26  sys_arch.o(.text)
    sys_arch_mbox_fetch                      0x08012d53   Thumb Code   148  sys_arch.o(.text)
    sys_arch_mbox_tryfetch                   0x08012de7   Thumb Code    36  sys_arch.o(.text)
    sys_mbox_valid                           0x08012e0b   Thumb Code     6  sys_arch.o(.text)
    sys_mbox_set_invalid                     0x08012e11   Thumb Code     6  sys_arch.o(.text)
    sys_thread_new                           0x08012e17   Thumb Code   112  sys_arch.o(.text)
    sys_arch_protect                         0x08012e87   Thumb Code    12  sys_arch.o(.text)
    sys_arch_unprotect                       0x08012e93   Thumb Code    12  sys_arch.o(.text)
    sys_jiffies                              0x08012e9f   Thumb Code     8  sys_arch.o(.text)
    sys_now                                  0x08012ea7   Thumb Code     8  sys_arch.o(.text)
    lwip_htons                               0x08012ef1   Thumb Code    12  def.o(.text)
    lwip_ntohs                               0x08012efd   Thumb Code    12  def.o(.text)
    lwip_htonl                               0x08012f09   Thumb Code    26  def.o(.text)
    lwip_ntohl                               0x08012f23   Thumb Code    12  def.o(.text)
    lwip_init                                0x08012f2f   Thumb Code    32  init.o(.text)
    netif_init                               0x08012f51   Thumb Code     2  netif.o(.text)
    netif_set_gw                             0x08012f53   Thumb Code    12  netif.o(.text)
    netif_set_netmask                        0x08012f5f   Thumb Code    12  netif.o(.text)
    netif_set_ipaddr                         0x08012f6b   Thumb Code   110  netif.o(.text)
    netif_set_addr                           0x08012fd9   Thumb Code    40  netif.o(.text)
    netif_add                                0x08013001   Thumb Code   138  netif.o(.text)
    netif_set_default                        0x0801308b   Thumb Code     6  netif.o(.text)
    netif_set_down                           0x08013091   Thumb Code    42  netif.o(.text)
    netif_remove                             0x080130bb   Thumb Code   106  netif.o(.text)
    netif_find                               0x08013125   Thumb Code    64  netif.o(.text)
    netif_set_up                             0x08013165   Thumb Code    70  netif.o(.text)
    netif_set_link_up                        0x080131ab   Thumb Code    70  netif.o(.text)
    netif_set_link_down                      0x080131f1   Thumb Code    24  netif.o(.text)
    pbuf_free                                0x080132cd   Thumb Code   208  pbuf.o(.text)
    pbuf_alloc                               0x0801339d   Thumb Code  1100  pbuf.o(.text)
    pbuf_realloc                             0x080137e9   Thumb Code   252  pbuf.o(.text)
    pbuf_header                              0x080138e5   Thumb Code   206  pbuf.o(.text)
    pbuf_clen                                0x080139b3   Thumb Code    18  pbuf.o(.text)
    pbuf_ref                                 0x080139c5   Thumb Code    26  pbuf.o(.text)
    pbuf_cat                                 0x080139df   Thumb Code   136  pbuf.o(.text)
    pbuf_chain                               0x08013a67   Thumb Code    22  pbuf.o(.text)
    pbuf_dechain                             0x08013a7d   Thumb Code   122  pbuf.o(.text)
    pbuf_copy                                0x08013af7   Thumb Code   810  pbuf.o(.text)
    pbuf_copy_partial                        0x08013e21   Thumb Code   190  pbuf.o(.text)
    pbuf_take                                0x08013edf   Thumb Code   210  pbuf.o(.text)
    pbuf_coalesce                            0x08013fb1   Thumb Code    84  pbuf.o(.text)
    pbuf_get_at                              0x08014005   Thumb Code    46  pbuf.o(.text)
    pbuf_memcmp                              0x08014033   Thumb Code    96  pbuf.o(.text)
    pbuf_memfind                             0x08014093   Thumb Code    76  pbuf.o(.text)
    pbuf_strstr                              0x080140df   Thumb Code    60  pbuf.o(.text)
    raw_input                                0x08014205   Thumb Code   102  raw.o(.text)
    raw_bind                                 0x0801426b   Thumb Code    16  raw.o(.text)
    raw_connect                              0x0801427b   Thumb Code    16  raw.o(.text)
    raw_recv                                 0x0801428b   Thumb Code     6  raw.o(.text)
    raw_sendto                               0x08014291   Thumb Code   176  raw.o(.text)
    raw_send                                 0x08014341   Thumb Code    18  raw.o(.text)
    raw_remove                               0x08014353   Thumb Code    58  raw.o(.text)
    raw_new                                  0x0801438d   Thumb Code    44  raw.o(.text)
    tcp_init                                 0x0801440d   Thumb Code     2  tcp.o(.text)
    tcp_seg_free                             0x0801440f   Thumb Code    24  tcp.o(.text)
    tcp_segs_free                            0x08014427   Thumb Code    24  tcp.o(.text)
    tcp_pcb_purge                            0x0801443f   Thumb Code    72  tcp.o(.text)
    tcp_slowtmr                              0x08014487   Thumb Code  1416  tcp.o(.text)
    tcp_pcb_remove                           0x08014a0f   Thumb Code   222  tcp.o(.text)
    tcp_close                                0x08014caf   Thumb Code    28  tcp.o(.text)
    tcp_update_rcv_ann_wnd                   0x08014ccb   Thumb Code   106  tcp.o(.text)
    tcp_recved                               0x08014d35   Thumb Code   404  tcp.o(.text)
    tcp_recv_null                            0x08014ec9   Thumb Code    46  tcp.o(.text)
    tcp_process_refused_data                 0x08014ef7   Thumb Code   142  tcp.o(.text)
    tcp_fasttmr                              0x08014f85   Thumb Code   110  tcp.o(.text)
    tcp_tmr                                  0x08014ff3   Thumb Code    30  tcp.o(.text)
    tcp_shutdown                             0x08015011   Thumb Code    98  tcp.o(.text)
    tcp_abandon                              0x08015073   Thumb Code   170  tcp.o(.text)
    tcp_abort                                0x0801511d   Thumb Code    14  tcp.o(.text)
    tcp_bind                                 0x0801518b   Thumb Code   164  tcp.o(.text)
    tcp_listen_with_backlog                  0x08015237   Thumb Code   220  tcp.o(.text)
    tcp_eff_send_mss                         0x08015313   Thumb Code    46  tcp.o(.text)
    tcp_next_iss                             0x08015341   Thumb Code    20  tcp.o(.text)
    tcp_connect                              0x08015355   Thumb Code   534  tcp.o(.text)
    tcp_setprio                              0x0801556b   Thumb Code     4  tcp.o(.text)
    tcp_seg_copy                             0x0801556f   Thumb Code    38  tcp.o(.text)
    tcp_alloc                                0x08015613   Thumb Code   180  tcp.o(.text)
    tcp_new                                  0x080156c7   Thumb Code    10  tcp.o(.text)
    tcp_arg                                  0x080156d1   Thumb Code     4  tcp.o(.text)
    tcp_recv                                 0x080156d5   Thumb Code    44  tcp.o(.text)
    tcp_sent                                 0x08015701   Thumb Code    42  tcp.o(.text)
    tcp_err                                  0x0801572b   Thumb Code    44  tcp.o(.text)
    tcp_accept                               0x08015757   Thumb Code     4  tcp.o(.text)
    tcp_poll                                 0x0801575b   Thumb Code    50  tcp.o(.text)
    tcp_debug_state_str                      0x0801578d   Thumb Code    10  tcp.o(.text)
    tcp_input                                0x08016eb5   Thumb Code  1664  tcp_in.o(.text)
    tcp_enqueue_flags                        0x0801769d   Thumb Code   406  tcp_out.o(.text)
    tcp_send_fin                             0x08017833   Thumb Code    74  tcp_out.o(.text)
    tcp_write                                0x08017ad5   Thumb Code  1564  tcp_out.o(.text)
    tcp_send_empty_ack                       0x080180f1   Thumb Code    96  tcp_out.o(.text)
    tcp_output                               0x08018231   Thumb Code   664  tcp_out.o(.text)
    tcp_rst                                  0x080184c9   Thumb Code   170  tcp_out.o(.text)
    tcp_rexmit_rto                           0x08018573   Thumb Code    58  tcp_out.o(.text)
    tcp_rexmit                               0x080185ad   Thumb Code    90  tcp_out.o(.text)
    tcp_rexmit_fast                          0x08018607   Thumb Code   112  tcp_out.o(.text)
    tcp_keepalive                            0x08018677   Thumb Code    86  tcp_out.o(.text)
    tcp_zero_window_probe                    0x080186cd   Thumb Code   182  tcp_out.o(.text)
    sys_timeout                              0x08018785   Thumb Code   176  timers.o(.text)
    tcp_timer_needed                         0x0801885d   Thumb Code    38  timers.o(.text)
    sys_timeouts_init                        0x080188ad   Thumb Code    26  timers.o(.text)
    sys_untimeout                            0x080188c7   Thumb Code    88  timers.o(.text)
    sys_timeouts_mbox_fetch                  0x0801891f   Thumb Code   130  timers.o(.text)
    udp_init                                 0x08018a21   Thumb Code     2  udp.o(.text)
    udp_input                                0x08018a73   Thumb Code   482  udp.o(.text)
    udp_bind                                 0x08018c55   Thumb Code   148  udp.o(.text)
    udp_sendto_if                            0x08018ce9   Thumb Code   444  udp.o(.text)
    udp_sendto                               0x08018ea5   Thumb Code    64  udp.o(.text)
    udp_send                                 0x08018ee5   Thumb Code    20  udp.o(.text)
    udp_connect                              0x08018ef9   Thumb Code    94  udp.o(.text)
    udp_disconnect                           0x08018f57   Thumb Code    16  udp.o(.text)
    udp_recv                                 0x08018f67   Thumb Code     6  udp.o(.text)
    udp_remove                               0x08018f6d   Thumb Code    58  udp.o(.text)
    udp_new                                  0x08018fa7   Thumb Code    30  udp.o(.text)
    icmp_input                               0x08018fcd   Thumb Code   494  icmp.o(.text)
    icmp_dest_unreach                        0x08019245   Thumb Code    18  icmp.o(.text)
    igmp_init                                0x08019399   Thumb Code    14  igmp.o(.text)
    igmp_lookfor_group                       0x080193a7   Thumb Code    40  igmp.o(.text)
    igmp_start                               0x08019419   Thumb Code    50  igmp.o(.text)
    igmp_stop                                0x0801944b   Thumb Code    76  igmp.o(.text)
    igmp_report_groups                       0x080194df   Thumb Code    32  igmp.o(.text)
    igmp_input                               0x08019541   Thumb Code   248  igmp.o(.text)
    igmp_joingroup                           0x0801970d   Thumb Code   444  igmp.o(.text)
    igmp_leavegroup                          0x080198c9   Thumb Code   198  igmp.o(.text)
    igmp_tmr                                 0x080199a3   Thumb Code    38  igmp.o(.text)
    inet_chksum_pseudo                       0x08019aa3   Thumb Code   162  inet_chksum.o(.text)
    inet_chksum_pseudo_partial               0x08019b45   Thumb Code   212  inet_chksum.o(.text)
    inet_chksum                              0x08019c19   Thumb Code    20  inet_chksum.o(.text)
    inet_chksum_pbuf                         0x08019c2d   Thumb Code    86  inet_chksum.o(.text)
    ip_route                                 0x08019cb9   Thumb Code    76  ip.o(.text)
    ip_input                                 0x08019d05   Thumb Code   448  ip.o(.text)
    ip_output_if_opt                         0x08019ec5   Thumb Code   394  ip.o(.text)
    ip_output_if                             0x0801a04f   Thumb Code    52  ip.o(.text)
    ip_output                                0x0801a083   Thumb Code   204  ip.o(.text)
    ip4_addr_isbroadcast                     0x0801a151   Thumb Code    78  ip_addr.o(.text)
    ip4_addr_netmask_valid                   0x0801a19f   Thumb Code    56  ip_addr.o(.text)
    ipaddr_aton                              0x0801a1d7   Thumb Code   366  ip_addr.o(.text)
    ipaddr_addr                              0x0801a345   Thumb Code    24  ip_addr.o(.text)
    ipaddr_ntoa_r                            0x0801a35d   Thumb Code   168  ip_addr.o(.text)
    ipaddr_ntoa                              0x0801a405   Thumb Code    16  ip_addr.o(.text)
    etharp_tmr                               0x0801a4eb   Thumb Code   138  etharp.o(.text)
    etharp_cleanup_netif                     0x0801a9af   Thumb Code    52  etharp.o(.text)
    etharp_find_addr                         0x0801a9e3   Thumb Code   108  etharp.o(.text)
    etharp_request                           0x0801ac8b   Thumb Code    36  etharp.o(.text)
    etharp_query                             0x0801ad3d   Thumb Code   680  etharp.o(.text)
    etharp_output                            0x0801afe5   Thumb Code   390  etharp.o(.text)
    ethernet_input                           0x0801b16b   Thumb Code   340  etharp.o(.text)
    eth_device_init_with_flag                0x0801b329   Thumb Code   180  ethernetif.o(.text)
    eth_device_init                          0x0801b3dd   Thumb Code    24  ethernetif.o(.text)
    eth_device_ready                         0x0801b3f5   Thumb Code    22  ethernetif.o(.text)
    eth_device_linkchange                    0x0801b40b   Thumb Code    64  ethernetif.o(.text)
    eth_system_device_init                   0x0801b547   Thumb Code   206  ethernetif.o(.text)
    list_if                                  0x0801b615   Thumb Code   722  ethernetif.o(.text)
    ethernetif_init                          0x0801b98d   Thumb Code    62  ethernetif.o(.text)
    UDP_recvcgi_task                         0x0801c2af   Thumb Code   646  udp_connect.o(.text)
    UDP_ground_task                          0x0801c535   Thumb Code   126  udp_connect.o(.text)
    quaternion_to_euler                      0x0801c5b3   Thumb Code   718  udp_connect.o(.text)
    message_hangle                           0x0801c881   Thumb Code   288  udp_connect.o(.text)
    mavlink_prase                            0x0801c9a1   Thumb Code   120  udp_connect.o(.text)
    UDP_fc_task                              0x0801ca19   Thumb Code   164  udp_connect.o(.text)
    udp_connect_init                         0x0801cabd   Thumb Code   148  udp_connect.o(.text)
    udp_recv_handle                          0x0801cb51   Thumb Code   682  udp_connect.o(.text)
    CreateMulticastListen                    0x0801cdfb   Thumb Code    76  udp_connect.o(.text)
    udp_server_init                          0x0801ce47   Thumb Code   148  udp_connect.o(.text)
    udp_senddata                             0x0801cedb   Thumb Code    46  udp_connect.o(.text)
    udp_connection_close                     0x0801cf09   Thumb Code    18  udp_connect.o(.text)
    httpd_init                               0x0801e02f   Thumb Code    18  httpd.o(.text)
    http_set_ssi_handler                     0x0801e041   Thumb Code   108  httpd.o(.text)
    http_set_cgi_handlers                    0x0801e0ad   Thumb Code    74  httpd.o(.text)
    fs_open                                  0x0801e28f   Thumb Code    70  fs.o(.text)
    fs_close                                 0x0801e2d5   Thumb Code    12  fs.o(.text)
    fs_read                                  0x0801e2e1   Thumb Code    62  fs.o(.text)
    fs_bytes_left                            0x0801e31f   Thumb Code    10  fs.o(.text)
    TXfreq_Handler                           0x0801e35d   Thumb Code    78  httpd_cgi_ssi.o(.text)
    RXfreq_Handler                           0x0801e3ab   Thumb Code    78  httpd_cgi_ssi.o(.text)
    RFtemp_Handler                           0x0801e3f9   Thumb Code    32  httpd_cgi_ssi.o(.text)
    BBtemp_Handler                           0x0801e419   Thumb Code    32  httpd_cgi_ssi.o(.text)
    Antenna_Handler                          0x0801e439   Thumb Code    20  httpd_cgi_ssi.o(.text)
    LDPCPASS_Handler                         0x0801e44d   Thumb Code   800  httpd_cgi_ssi.o(.text)
    LDPCFAIL_Handler                         0x0801e76d   Thumb Code   788  httpd_cgi_ssi.o(.text)
    SNR_Handler                              0x0801ea81   Thumb Code    32  httpd_cgi_ssi.o(.text)
    TXPOWER_Handler                          0x0801eaa1   Thumb Code   230  httpd_cgi_ssi.o(.text)
    Downlink_Handler                         0x0801eb87   Thumb Code    64  httpd_cgi_ssi.o(.text)
    BW_Handler                               0x0801ebc7   Thumb Code    48  httpd_cgi_ssi.o(.text)
    AVGA_Handler                             0x0801ebf7   Thumb Code    32  httpd_cgi_ssi.o(.text)
    ARSSI_Handler                            0x0801ec17   Thumb Code    36  httpd_cgi_ssi.o(.text)
    BVGA_Handler                             0x0801ec3b   Thumb Code    32  httpd_cgi_ssi.o(.text)
    BRSSI_Handler                            0x0801ec5b   Thumb Code    36  httpd_cgi_ssi.o(.text)
    ANTENNA_Handler                          0x0801ec7f   Thumb Code    10  httpd_cgi_ssi.o(.text)
    RxLost_Handler                           0x0801ec89   Thumb Code    20  httpd_cgi_ssi.o(.text)
    CONFIG_CGI_Handler                       0x0801ed87   Thumb Code     8  httpd_cgi_ssi.o(.text)
    BACKHOME_CGI_Handler                     0x0801ed8f   Thumb Code     8  httpd_cgi_ssi.o(.text)
    TXFREQ_CGI_Handler                       0x0801ed97   Thumb Code   164  httpd_cgi_ssi.o(.text)
    RXFREQ_CGI_Handler                       0x0801ee3b   Thumb Code   164  httpd_cgi_ssi.o(.text)
    TXPOWER_CGI_Handler                      0x0801eedf   Thumb Code   360  httpd_cgi_ssi.o(.text)
    DOWNLINK_CGI_Handler                     0x0801f047   Thumb Code   148  httpd_cgi_ssi.o(.text)
    ANT_SEL_CGI_Handler                      0x0801f0db   Thumb Code   124  httpd_cgi_ssi.o(.text)
    httpd_ssi_init                           0x0801f157   Thumb Code    14  httpd_cgi_ssi.o(.text)
    httpd_cgi_init                           0x0801f165   Thumb Code    12  httpd_cgi_ssi.o(.text)
    __use_no_semihosting                     0x0801f1dd   Thumb Code     2  use_no_semi_2.o(.text)
    __2printf                                0x0801f1e1   Thumb Code    20  noretval__2printf.o(.text)
    __2sprintf                               0x0801f1f9   Thumb Code    34  noretval__2sprintf.o(.text)
    __printf                                 0x0801f221   Thumb Code   104  __printf.o(.text)
    _printf_int_dec                          0x0801f289   Thumb Code   104  _printf_dec.o(.text)
    strstr                                   0x0801f301   Thumb Code    36  strstr.o(.text)
    memcmp                                   0x0801f325   Thumb Code    88  memcmp.o(.text)
    strlen                                   0x0801f37d   Thumb Code    62  strlen.o(.text)
    __aeabi_memcpy                           0x0801f3bb   Thumb Code     0  rt_memcpy_v6.o(.text)
    __rt_memcpy                              0x0801f3bb   Thumb Code   138  rt_memcpy_v6.o(.text)
    _memcpy_lastbytes                        0x0801f421   Thumb Code     0  rt_memcpy_v6.o(.text)
    __aeabi_memcpy4                          0x0801f445   Thumb Code     0  rt_memcpy_w.o(.text)
    __aeabi_memcpy8                          0x0801f445   Thumb Code     0  rt_memcpy_w.o(.text)
    __rt_memcpy_w                            0x0801f445   Thumb Code   100  rt_memcpy_w.o(.text)
    _memcpy_lastbytes_aligned                0x0801f48d   Thumb Code     0  rt_memcpy_w.o(.text)
    __aeabi_memclr                           0x0801f4a9   Thumb Code     0  rt_memclr.o(.text)
    __rt_memclr                              0x0801f4a9   Thumb Code    68  rt_memclr.o(.text)
    _memset                                  0x0801f4ad   Thumb Code     0  rt_memclr.o(.text)
    __aeabi_memclr4                          0x0801f4ed   Thumb Code     0  rt_memclr_w.o(.text)
    __aeabi_memclr8                          0x0801f4ed   Thumb Code     0  rt_memclr_w.o(.text)
    __rt_memclr_w                            0x0801f4ed   Thumb Code    78  rt_memclr_w.o(.text)
    _memset_w                                0x0801f4f1   Thumb Code     0  rt_memclr_w.o(.text)
    __use_two_region_memory                  0x0801f53b   Thumb Code     2  heapauxi.o(.text)
    __rt_heap_escrow$2region                 0x0801f53d   Thumb Code     2  heapauxi.o(.text)
    __rt_heap_expand$2region                 0x0801f53f   Thumb Code     2  heapauxi.o(.text)
    __I$use$semihosting                      0x0801f541   Thumb Code     0  use_no_semi.o(.text)
    __use_no_semihosting_swi                 0x0801f541   Thumb Code     2  use_no_semi.o(.text)
    __read_errno                             0x0801f543   Thumb Code    10  _rserrno.o(.text)
    __set_errno                              0x0801f54d   Thumb Code    12  _rserrno.o(.text)
    _printf_int_common                       0x0801f559   Thumb Code   178  _printf_intcommon.o(.text)
    __lib_sel_fp_printf                      0x0801f60b   Thumb Code     2  _printf_fp_dec.o(.text)
    _printf_fp_dec_real                      0x0801f7b9   Thumb Code   620  _printf_fp_dec.o(.text)
    _printf_char_common                      0x0801fa2f   Thumb Code    32  _printf_char_common.o(.text)
    _sputc                                   0x0801fa55   Thumb Code    10  _sputc.o(.text)
    _printf_char_file                        0x0801fa61   Thumb Code    32  _printf_char_file.o(.text)
    __rt_locale                              0x0801fa85   Thumb Code     8  rt_locale_intlibspace.o(.text)
    __aeabi_errno_addr                       0x0801fa8d   Thumb Code     8  rt_errno_addr_intlibspace.o(.text)
    __errno$intlibspace                      0x0801fa8d   Thumb Code     0  rt_errno_addr_intlibspace.o(.text)
    __rt_errno_addr$intlibspace              0x0801fa8d   Thumb Code     0  rt_errno_addr_intlibspace.o(.text)
    _ll_udiv10                               0x0801fa95   Thumb Code   138  lludiv10.o(.text)
    _printf_fp_infnan                        0x0801fb21   Thumb Code   112  _printf_fp_infnan.o(.text)
    _btod_etento                             0x0801fba1   Thumb Code   216  bigflt0.o(.text)
    ferror                                   0x0801fc7d   Thumb Code     8  ferror.o(.text)
    __user_libspace                          0x0801fc85   Thumb Code     8  libspace.o(.text)
    __user_perproc_libspace                  0x0801fc85   Thumb Code     0  libspace.o(.text)
    __user_perthread_libspace                0x0801fc85   Thumb Code     0  libspace.o(.text)
    __user_setup_stackheap                   0x0801fc8d   Thumb Code    74  sys_stackheap_outer.o(.text)
    exit                                     0x0801fcd7   Thumb Code    12  exit.o(.text)
    _btod_d2e                                0x0801fce3   Thumb Code    62  btod.o(CL$$btod_d2e)
    _d2e_denorm_low                          0x0801fd21   Thumb Code    70  btod.o(CL$$btod_d2e_denorm_low)
    _d2e_norm_op1                            0x0801fd67   Thumb Code    96  btod.o(CL$$btod_d2e_norm_op1)
    __btod_div_common                        0x0801fdc7   Thumb Code   696  btod.o(CL$$btod_div_common)
    _e2e                                     0x080200ff   Thumb Code   198  btod.o(CL$$btod_e2e)
    _btod_ediv                               0x080201c5   Thumb Code    40  btod.o(CL$$btod_ediv)
    _btod_emul                               0x080201ed   Thumb Code    40  btod.o(CL$$btod_emul)
    __btod_mult_common                       0x08020215   Thumb Code   580  btod.o(CL$$btod_mult_common)
    __ARM_fpclassify                         0x08020459   Thumb Code    48  fpclassify.o(i.__ARM_fpclassify)
    __ARM_fpclassifyf                        0x08020489   Thumb Code    38  fpclassifyf.o(i.__ARM_fpclassifyf)
    __hardfp_asin                            0x080204b1   Thumb Code   770  asin.o(i.__hardfp_asin)
    __hardfp_atan2f                          0x08020811   Thumb Code   502  atan2f.o(i.__hardfp_atan2f)
    __kernel_poly                            0x08020a61   Thumb Code   248  poly.o(i.__kernel_poly)
    __mathlib_dbl_infnan                     0x08020b59   Thumb Code    20  dunder.o(i.__mathlib_dbl_infnan)
    __mathlib_dbl_invalid                    0x08020b71   Thumb Code    24  dunder.o(i.__mathlib_dbl_invalid)
    __mathlib_dbl_underflow                  0x08020b91   Thumb Code    24  dunder.o(i.__mathlib_dbl_underflow)
    __mathlib_flt_infnan2                    0x08020bb1   Thumb Code     6  funder.o(i.__mathlib_flt_infnan2)
    __mathlib_flt_underflow                  0x08020bb9   Thumb Code    10  funder.o(i.__mathlib_flt_underflow)
    fabs                                     0x08020bc9   Thumb Code    24  fabs.o(i.fabs)
    sqrt                                     0x08020be1   Thumb Code   110  sqrt.o(i.sqrt)
    _get_lc_numeric                          0x08020c51   Thumb Code    44  lc_numeric_c.o(locale$$code)
    __aeabi_dneg                             0x08020c7d   Thumb Code     0  basic.o(x$fpl$basic)
    _dneg                                    0x08020c7d   Thumb Code     6  basic.o(x$fpl$basic)
    __aeabi_fneg                             0x08020c83   Thumb Code     0  basic.o(x$fpl$basic)
    _fneg                                    0x08020c83   Thumb Code     6  basic.o(x$fpl$basic)
    _dabs                                    0x08020c89   Thumb Code     6  basic.o(x$fpl$basic)
    _fabs                                    0x08020c8f   Thumb Code     6  basic.o(x$fpl$basic)
    __aeabi_dadd                             0x08020c95   Thumb Code     0  daddsub_clz.o(x$fpl$dadd)
    _dadd                                    0x08020c95   Thumb Code   332  daddsub_clz.o(x$fpl$dadd)
    __aeabi_ddiv                             0x08020de5   Thumb Code     0  ddiv.o(x$fpl$ddiv)
    _ddiv                                    0x08020de5   Thumb Code   552  ddiv.o(x$fpl$ddiv)
    __aeabi_dmul                             0x08021095   Thumb Code     0  dmul.o(x$fpl$dmul)
    _dmul                                    0x08021095   Thumb Code   332  dmul.o(x$fpl$dmul)
    __fpl_dnaninf                            0x080211e9   Thumb Code   156  dnaninf.o(x$fpl$dnaninf)
    __fpl_dretinf                            0x08021285   Thumb Code    12  dretinf.o(x$fpl$dretinf)
    __aeabi_drsub                            0x08021291   Thumb Code     0  daddsub_clz.o(x$fpl$drsb)
    _drsb                                    0x08021291   Thumb Code    22  daddsub_clz.o(x$fpl$drsb)
    _dsqrt                                   0x080212a9   Thumb Code   404  dsqrt_umaal.o(x$fpl$dsqrt)
    __aeabi_dsub                             0x08021441   Thumb Code     0  daddsub_clz.o(x$fpl$dsub)
    _dsub                                    0x08021441   Thumb Code   464  daddsub_clz.o(x$fpl$dsub)
    __aeabi_f2d                              0x08021615   Thumb Code     0  f2d.o(x$fpl$f2d)
    _f2d                                     0x08021615   Thumb Code    86  f2d.o(x$fpl$f2d)
    __fpl_fnaninf                            0x0802166b   Thumb Code   140  fnaninf.o(x$fpl$fnaninf)
    _fp_init                                 0x080216f7   Thumb Code    10  fpinit.o(x$fpl$fpinit)
    __fplib_config_fpu_vfp                   0x080216ff   Thumb Code     0  fpinit.o(x$fpl$fpinit)
    __fplib_config_pureend_doubles           0x080216ff   Thumb Code     0  fpinit.o(x$fpl$fpinit)
    _printf_fp_dec                           0x08021701   Thumb Code     4  printf1.o(x$fpl$printf1)
    __I$use$fp                               0x08021704   Number         0  usenofp.o(x$fpl$usenofp)
    __lowest_bit_bitmap                      0x08021c23   Data         256  kservice.o(.constdata)
    memp_sizes                               0x08022068   Data          28  memp.o(.constdata)
    tcp_state_str                            0x08022084   Data          44  tcp.o(.constdata)
    tcp_backoff                              0x080220b0   Data          13  tcp.o(.constdata)
    tcp_persist_backoff                      0x080220bd   Data           7  tcp.o(.constdata)
    tcp_pcb_lists                            0x080220c4   Data          16  tcp.o(.constdata)
    ip_addr_any                              0x080220d4   Data           4  ip_addr.o(.constdata)
    ip_addr_broadcast                        0x080220d8   Data           4  ip_addr.o(.constdata)
    ethbroadcast                             0x080220dc   Data           6  etharp.o(.constdata)
    ethzero                                  0x080220e2   Data           6  etharp.o(.constdata)
    g_psDefaultFilenames                     0x080229dc   Data          40  httpd.o(.constdata)
    g_pcTagLeadIn                            0x08022a04   Data           4  httpd.o(.constdata)
    g_pcTagLeadOut                           0x08022a08   Data           4  httpd.o(.constdata)
    file__autoflight_shtm                    0x0802665c   Data          20  fs.o(.constdata)
    file__configure_shtm                     0x08026670   Data          20  fs.o(.constdata)
    file__tuchuan_png                        0x08026684   Data          20  fs.o(.constdata)
    downlink                                 0x08026698   Data          84  httpd_cgi_ssi.o(.constdata)
    BW_table                                 0x080266ec   Data          60  httpd_cgi_ssi.o(.constdata)
    __fsym_hello_name                        0x08026dc2   Data           6  cmd.o(.rodata.name)
    __fsym_hello_desc                        0x08026dc8   Data          16  cmd.o(.rodata.name)
    __fsym_version_name                      0x08026dd8   Data           8  cmd.o(.rodata.name)
    __fsym_version_desc                      0x08026de0   Data          35  cmd.o(.rodata.name)
    __fsym___cmd_version_name                0x08026e03   Data          14  cmd.o(.rodata.name)
    __fsym___cmd_version_desc                0x08026e11   Data          35  cmd.o(.rodata.name)
    __fsym_list_thread_name                  0x08026e34   Data          12  cmd.o(.rodata.name)
    __fsym_list_thread_desc                  0x08026e40   Data          12  cmd.o(.rodata.name)
    __fsym___cmd_list_thread_name            0x08026e4c   Data          18  cmd.o(.rodata.name)
    __fsym___cmd_list_thread_desc            0x08026e5e   Data          12  cmd.o(.rodata.name)
    __fsym_list_sem_name                     0x08026e6a   Data           9  cmd.o(.rodata.name)
    __fsym_list_sem_desc                     0x08026e73   Data          25  cmd.o(.rodata.name)
    __fsym___cmd_list_sem_name               0x08026e8c   Data          15  cmd.o(.rodata.name)
    __fsym___cmd_list_sem_desc               0x08026e9b   Data          25  cmd.o(.rodata.name)
    __fsym_list_event_name                   0x08026eb4   Data          11  cmd.o(.rodata.name)
    __fsym_list_event_desc                   0x08026ebf   Data          21  cmd.o(.rodata.name)
    __fsym___cmd_list_event_name             0x08026ed4   Data          17  cmd.o(.rodata.name)
    __fsym___cmd_list_event_desc             0x08026ee5   Data          21  cmd.o(.rodata.name)
    __fsym_list_mutex_name                   0x08026efa   Data          11  cmd.o(.rodata.name)
    __fsym_list_mutex_desc                   0x08026f05   Data          21  cmd.o(.rodata.name)
    __fsym___cmd_list_mutex_name             0x08026f1a   Data          17  cmd.o(.rodata.name)
    __fsym___cmd_list_mutex_desc             0x08026f2b   Data          21  cmd.o(.rodata.name)
    __fsym_list_mailbox_name                 0x08026f40   Data          13  cmd.o(.rodata.name)
    __fsym_list_mailbox_desc                 0x08026f4d   Data          24  cmd.o(.rodata.name)
    __fsym___cmd_list_mailbox_name           0x08026f65   Data          19  cmd.o(.rodata.name)
    __fsym___cmd_list_mailbox_desc           0x08026f78   Data          24  cmd.o(.rodata.name)
    __fsym_list_msgqueue_name                0x08026f90   Data          14  cmd.o(.rodata.name)
    __fsym_list_msgqueue_desc                0x08026f9e   Data          29  cmd.o(.rodata.name)
    __fsym___cmd_list_msgqueue_name          0x08026fbb   Data          20  cmd.o(.rodata.name)
    __fsym___cmd_list_msgqueue_desc          0x08026fcf   Data          29  cmd.o(.rodata.name)
    __fsym_list_mempool_name                 0x08026fec   Data          13  cmd.o(.rodata.name)
    __fsym_list_mempool_desc                 0x08026ff9   Data          27  cmd.o(.rodata.name)
    __fsym___cmd_list_mempool_name           0x08027014   Data          19  cmd.o(.rodata.name)
    __fsym___cmd_list_mempool_desc           0x08027027   Data          27  cmd.o(.rodata.name)
    __fsym_list_timer_name                   0x08027042   Data          11  cmd.o(.rodata.name)
    __fsym_list_timer_desc                   0x0802704d   Data          21  cmd.o(.rodata.name)
    __fsym___cmd_list_timer_name             0x08027062   Data          17  cmd.o(.rodata.name)
    __fsym___cmd_list_timer_desc             0x08027073   Data          21  cmd.o(.rodata.name)
    __fsym_list_device_name                  0x08027088   Data          12  cmd.o(.rodata.name)
    __fsym_list_device_desc                  0x08027094   Data          22  cmd.o(.rodata.name)
    __fsym___cmd_list_device_name            0x080270aa   Data          18  cmd.o(.rodata.name)
    __fsym___cmd_list_device_desc            0x080270bc   Data          22  cmd.o(.rodata.name)
    __fsym_list_name                         0x080270d2   Data           5  cmd.o(.rodata.name)
    __fsym_list_desc                         0x080270d7   Data          26  cmd.o(.rodata.name)
    __fsym___cmd_phy_bd_name                 0x080270f1   Data          13  cmd.o(.rodata.name)
    __fsym___cmd_phy_bd_desc                 0x080270fe   Data          19  cmd.o(.rodata.name)
    __fsym___cmd_fc_100m_name                0x08027111   Data          14  cmd.o(.rodata.name)
    __fsym___cmd_fc_100m_desc                0x0802711f   Data          27  cmd.o(.rodata.name)
    __fsym___cmd_ifconfig_name               0x0802713a   Data          15  cmd.o(.rodata.name)
    __fsym___cmd_ifconfig_desc               0x08027149   Data          43  cmd.o(.rodata.name)
    __fsym___cmd_rd_phy_name                 0x08027174   Data          13  cmd.o(.rodata.name)
    __fsym___cmd_rd_phy_desc                 0x08027181   Data          20  cmd.o(.rodata.name)
    __fsym___cmd_wr_phy_name                 0x08027195   Data          13  cmd.o(.rodata.name)
    __fsym___cmd_wr_phy_desc                 0x080271a2   Data          21  cmd.o(.rodata.name)
    __fsym___cmd_help_name                   0x080271b7   Data          11  msh.o(.rodata.name)
    __fsym___cmd_help_desc                   0x080271c2   Data          22  msh.o(.rodata.name)
    __fsym_list_mem_name                     0x080271d8   Data           9  mem.o(.rodata.name)
    __fsym_list_mem_desc                     0x080271e1   Data          30  mem.o(.rodata.name)
    FSymTab$$Base                            0x08027200   Number         0  cmd.o(FSymTab)
    __fsym_hello                             0x08027200   Data          12  cmd.o(FSymTab)
    __fsym_version                           0x0802720c   Data          12  cmd.o(FSymTab)
    __fsym___cmd_version                     0x08027218   Data          12  cmd.o(FSymTab)
    __fsym_list_thread                       0x08027224   Data          12  cmd.o(FSymTab)
    __fsym___cmd_list_thread                 0x08027230   Data          12  cmd.o(FSymTab)
    __fsym_list_sem                          0x0802723c   Data          12  cmd.o(FSymTab)
    __fsym___cmd_list_sem                    0x08027248   Data          12  cmd.o(FSymTab)
    __fsym_list_event                        0x08027254   Data          12  cmd.o(FSymTab)
    __fsym___cmd_list_event                  0x08027260   Data          12  cmd.o(FSymTab)
    __fsym_list_mutex                        0x0802726c   Data          12  cmd.o(FSymTab)
    __fsym___cmd_list_mutex                  0x08027278   Data          12  cmd.o(FSymTab)
    __fsym_list_mailbox                      0x08027284   Data          12  cmd.o(FSymTab)
    __fsym___cmd_list_mailbox                0x08027290   Data          12  cmd.o(FSymTab)
    __fsym_list_msgqueue                     0x0802729c   Data          12  cmd.o(FSymTab)
    __fsym___cmd_list_msgqueue               0x080272a8   Data          12  cmd.o(FSymTab)
    __fsym_list_mempool                      0x080272b4   Data          12  cmd.o(FSymTab)
    __fsym___cmd_list_mempool                0x080272c0   Data          12  cmd.o(FSymTab)
    __fsym_list_timer                        0x080272cc   Data          12  cmd.o(FSymTab)
    __fsym___cmd_list_timer                  0x080272d8   Data          12  cmd.o(FSymTab)
    __fsym_list_device                       0x080272e4   Data          12  cmd.o(FSymTab)
    __fsym___cmd_list_device                 0x080272f0   Data          12  cmd.o(FSymTab)
    __fsym_list                              0x080272fc   Data          12  cmd.o(FSymTab)
    __fsym___cmd_phy_bd                      0x08027308   Data          12  cmd.o(FSymTab)
    __fsym___cmd_fc_100m                     0x08027314   Data          12  cmd.o(FSymTab)
    __fsym___cmd_ifconfig                    0x08027320   Data          12  cmd.o(FSymTab)
    __fsym___cmd_rd_phy                      0x0802732c   Data          12  cmd.o(FSymTab)
    __fsym___cmd_wr_phy                      0x08027338   Data          12  cmd.o(FSymTab)
    __fsym___cmd_help                        0x08027344   Data          12  msh.o(FSymTab)
    __fsym_list_mem                          0x08027350   Data          12  mem.o(FSymTab)
    FSymTab$$Limit                           0x0802735c   Number         0  mem.o(FSymTab)
    Region$$Table$$Base                      0x0802735c   Number         0  anon$$obj.o(Region$$Table)
    Region$$Table$$Limit                     0x0802737c   Number         0  anon$$obj.o(Region$$Table)
    flash                                    0x20000028   Data           4  fpga_upgrade.o(.data)
    upgrade_table                            0x20000034   Data           8  uart_protocol.o(.data)
    uart2_dev                                0x2000003c   Data           4  uart_protocol.o(.data)
    __stdout                                 0x2000004c   Data           4  stm32f4_uart.o(.data)
    uart1                                    0x20000050   Data          12  stm32f4_uart.o(.data)
    uart2                                    0x2000005c   Data          12  stm32f4_uart.o(.data)
    udp_tx_count                             0x20000068   Data           1  timer.o(.data)
    shell                                    0x2000006c   Data           4  shell.o(.data)
    _syscall_table_begin                     0x20000070   Data           4  symbol.o(.data)
    _syscall_table_end                       0x20000074   Data           4  symbol.o(.data)
    _sysvar_table_begin                      0x20000078   Data           4  symbol.o(.data)
    _sysvar_table_end                        0x2000007c   Data           4  symbol.o(.data)
    rt_interrupt_nest                        0x20000084   Data           1  irq.o(.data)
    rt_assert_hook                           0x20000090   Data           4  kservice.o(.data)
    rt_object_container                      0x200000ac   Data         144  object.o(.data)
    rt_current_thread                        0x20000140   Data           4  scheduler.o(.data)
    rt_current_priority                      0x20000144   Data           1  scheduler.o(.data)
    rt_thread_ready_priority_group           0x20000148   Data           4  scheduler.o(.data)
    rt_thread_defunct                        0x2000014c   Data           8  scheduler.o(.data)
    SystemCoreClock                          0x20000160   Data           4  system_stm32f4xx.o(.data)
    AHBPrescTable                            0x20000164   Data          16  system_stm32f4xx.o(.data)
    rt_interrupt_from_thread                 0x20000174   Data           4  cpuport.o(.data)
    rt_interrupt_to_thread                   0x20000178   Data           4  cpuport.o(.data)
    rt_thread_switch_interrupt_flag          0x2000017c   Data           4  cpuport.o(.data)
    _ctype                                   0x20000188   Data         256  string.o(.data)
    DMATxDescToSet                           0x2000029c   Data           4  stm32f4x7_eth.o(.data)
    DMARxDescToGet                           0x200002a0   Data           4  stm32f4x7_eth.o(.data)
    DMA_RX_FRAME_infos                       0x200002a4   Data           4  stm32f4x7_eth.o(.data)
    Frame_Rx_index                           0x200002a8   Data           4  stm32f4x7_eth.o(.data)
    netif                                    0x200002c0   Data           4  sys_arch.o(.data)
    netif_list                               0x200002cc   Data           4  netif.o(.data)
    netif_default                            0x200002d0   Data           4  netif.o(.data)
    pbuf_free_ooseq_pending                  0x200002d5   Data           1  pbuf.o(.data)
    tcp_ticks                                0x200002e0   Data           4  tcp.o(.data)
    tcp_bound_pcbs                           0x200002e4   Data           4  tcp.o(.data)
    tcp_listen_pcbs                          0x200002e8   Data           4  tcp.o(.data)
    tcp_active_pcbs                          0x200002ec   Data           4  tcp.o(.data)
    tcp_tw_pcbs                              0x200002f0   Data           4  tcp.o(.data)
    tcp_tmp_pcb                              0x200002f4   Data           4  tcp.o(.data)
    tcp_active_pcbs_changed                  0x200002f8   Data           1  tcp.o(.data)
    tcp_input_pcb                            0x2000031c   Data           4  tcp_in.o(.data)
    udp_pcbs                                 0x2000032c   Data           4  udp.o(.data)
    current_netif                            0x2000033c   Data           4  ip.o(.data)
    current_header                           0x20000340   Data           4  ip.o(.data)
    current_iphdr_src                        0x20000344   Data           4  ip.o(.data)
    current_iphdr_dest                       0x20000348   Data           4  ip.o(.data)
    tcp_demo_sendbuf                         0x2000034f   Data          21  udp_connect.o(.data)
    g_pcSSIExtensions                        0x20000364   Data          16  httpd.o(.data)
    g_pfnSSIHandler                          0x20000374   Data           4  httpd.o(.data)
    g_iNumTags                               0x20000378   Data           4  httpd.o(.data)
    g_ppcTags                                0x2000037c   Data           4  httpd.o(.data)
    g_pCGIs                                  0x20000380   Data           4  httpd.o(.data)
    g_iNumCGIs                               0x20000384   Data           4  httpd.o(.data)
    cgibuf                                   0x20000388   Data           8  httpd_cgi_ssi.o(.data)
    mb_spi_dev                               0x200011e0   Data          72  application.o(.bss)
    uart_buffer                              0x2000171c   Data        1040  upgrade.o(.bss)
    file_name                                0x20001f41   Data         256  ymodem.o(.bss)
    sem_attitude_change                      0x20002044   Data          56  antenna_sw.o(.bss)
    read_antenna_data                        0x2000207c   Data          24  antenna_sw.o(.bss)
    dev_status_buf                           0x20002094   Data          64  antenna_sw.o(.bss)
    uart_queue                               0x2000220c   Data          16  uart_protocol.o(.bss)
    uart1_int_rx                             0x200023e0   Data         520  stm32f4_uart.o(.bss)
    uart1_device                             0x200025e8   Data          88  stm32f4_uart.o(.bss)
    uart2_int_rx                             0x20002640   Data         520  stm32f4_uart.o(.bss)
    uart2_device                             0x20002848   Data          88  stm32f4_uart.o(.bss)
    rt_thread_priority_table                 0x20003440   Data         256  scheduler.o(.bss)
    DMARxDscrTab                             0x20003540   Data         320  stm32f4x7_eth.o(.bss)
    DMATxDscrTab                             0x20003680   Data         320  stm32f4x7_eth.o(.bss)
    Rx_Buff                                  0x200037c0   Data       15240  stm32f4x7_eth.o(.bss)
    Tx_Buff                                  0x20007348   Data       15240  stm32f4x7_eth.o(.bss)
    RX_Frame_Descriptor                      0x2000aed0   Data          12  stm32f4x7_eth.o(.bss)
    udp_buf                                  0x2000c314   Data         100  ethernetif.o(.bss)
    attitude                                 0x2000c378   Data          28  udp_connect.o(.bss)
    attitude_last                            0x2000c394   Data          28  udp_connect.o(.bss)
    mav_return_status                        0x2000c3b0   Data          24  udp_connect.o(.bss)
    mav_message                              0x2000c3c8   Data         296  udp_connect.o(.bss)
    attitude_gl                              0x2000c4f0   Data          72  udp_connect.o(.bss)
    gps_gl                                   0x2000c538   Data          24  udp_connect.o(.bss)
    udp_con_struct                           0x2000c550   Data         112  udp_connect.o(.bss)
    udp_con_struct2                          0x2000c5c0   Data         112  udp_connect.o(.bss)
    sendbuf                                  0x2000d240   Data          62  udp_connect.o(.bss)
    fs_memory                                0x2000db80   Data         240  fs.o(.bss)
    __libspace_start                         0x2000dc70   Data          96  libspace.o(.bss)
    __temporary_stack_top$libspace           0x2000dcd0   Data           0  libspace.o(.bss)
    Image$$RW_IRAM1$$ZI$$Limit               0x2000e2d0   Number         0  anon$$obj.o ABSOLUTE



==============================================================================

Memory Map of the image

  Image Entry point : 0x08000189

  Load Region LR_IROM1 (Base: 0x08000000, Size: 0x00027768, Max: 0x00100000, ABSOLUTE, COMPRESSED[0x000274bc])

    Execution Region ER_IROM1 (Base: 0x08000000, Size: 0x00027398, Max: 0x00100000, ABSOLUTE)

    Base Addr    Size         Type   Attr      Idx    E Section Name        Object

    0x08000000   0x00000188   Data   RO         1915    RESET               startup_stm32f40xx.o
    0x08000188   0x00000008   Code   RO         4320  * !!!main             c_w.l(__main.o)
    0x08000190   0x00000034   Code   RO         4648    !!!scatter          c_w.l(__scatter.o)
    0x080001c4   0x0000005a   Code   RO         4646    !!dczerorl2         c_w.l(__dczerorl2.o)
    0x0800021e   0x00000002   PAD
    0x08000220   0x0000001c   Code   RO         4650    !!handler_zi        c_w.l(__scatter_zi.o)
    0x0800023c   0x00000000   Code   RO         4303    .ARM.Collect$$_printf_percent$$00000000  c_w.l(_printf_percent.o)
    0x0800023c   0x00000006   Code   RO         4302    .ARM.Collect$$_printf_percent$$00000003  c_w.l(_printf_f.o)
    0x08000242   0x00000006   Code   RO         4301    .ARM.Collect$$_printf_percent$$00000009  c_w.l(_printf_d.o)
    0x08000248   0x00000004   Code   RO         4373    .ARM.Collect$$_printf_percent$$00000017  c_w.l(_printf_percent_end.o)
    0x0800024c   0x00000002   Code   RO         4522    .ARM.Collect$$libinit$$00000000  c_w.l(libinit.o)
    0x0800024e   0x00000004   Code   RO         4523    .ARM.Collect$$libinit$$00000001  c_w.l(libinit2.o)
    0x08000252   0x00000000   Code   RO         4526    .ARM.Collect$$libinit$$00000004  c_w.l(libinit2.o)
    0x08000252   0x00000000   Code   RO         4529    .ARM.Collect$$libinit$$0000000A  c_w.l(libinit2.o)
    0x08000252   0x00000000   Code   RO         4531    .ARM.Collect$$libinit$$0000000C  c_w.l(libinit2.o)
    0x08000252   0x00000000   Code   RO         4533    .ARM.Collect$$libinit$$0000000E  c_w.l(libinit2.o)
    0x08000252   0x00000006   Code   RO         4534    .ARM.Collect$$libinit$$0000000F  c_w.l(libinit2.o)
    0x08000258   0x00000000   Code   RO         4536    .ARM.Collect$$libinit$$00000011  c_w.l(libinit2.o)
    0x08000258   0x00000000   Code   RO         4538    .ARM.Collect$$libinit$$00000013  c_w.l(libinit2.o)
    0x08000258   0x00000000   Code   RO         4540    .ARM.Collect$$libinit$$00000015  c_w.l(libinit2.o)
    0x08000258   0x0000000a   Code   RO         4541    .ARM.Collect$$libinit$$00000016  c_w.l(libinit2.o)
    0x08000262   0x00000000   Code   RO         4542    .ARM.Collect$$libinit$$00000017  c_w.l(libinit2.o)
    0x08000262   0x00000000   Code   RO         4544    .ARM.Collect$$libinit$$00000019  c_w.l(libinit2.o)
    0x08000262   0x00000000   Code   RO         4546    .ARM.Collect$$libinit$$0000001B  c_w.l(libinit2.o)
    0x08000262   0x00000000   Code   RO         4548    .ARM.Collect$$libinit$$0000001D  c_w.l(libinit2.o)
    0x08000262   0x00000000   Code   RO         4550    .ARM.Collect$$libinit$$0000001F  c_w.l(libinit2.o)
    0x08000262   0x00000000   Code   RO         4552    .ARM.Collect$$libinit$$00000021  c_w.l(libinit2.o)
    0x08000262   0x00000000   Code   RO         4554    .ARM.Collect$$libinit$$00000023  c_w.l(libinit2.o)
    0x08000262   0x00000000   Code   RO         4556    .ARM.Collect$$libinit$$00000025  c_w.l(libinit2.o)
    0x08000262   0x00000000   Code   RO         4560    .ARM.Collect$$libinit$$0000002C  c_w.l(libinit2.o)
    0x08000262   0x00000000   Code   RO         4562    .ARM.Collect$$libinit$$0000002E  c_w.l(libinit2.o)
    0x08000262   0x00000000   Code   RO         4564    .ARM.Collect$$libinit$$00000030  c_w.l(libinit2.o)
    0x08000262   0x00000000   Code   RO         4566    .ARM.Collect$$libinit$$00000032  c_w.l(libinit2.o)
    0x08000262   0x00000002   Code   RO         4567    .ARM.Collect$$libinit$$00000033  c_w.l(libinit2.o)
    0x08000264   0x00000002   Code   RO         4597    .ARM.Collect$$libshutdown$$00000000  c_w.l(libshutdown.o)
    0x08000266   0x00000000   Code   RO         4607    .ARM.Collect$$libshutdown$$00000003  c_w.l(libshutdown2.o)
    0x08000266   0x00000000   Code   RO         4610    .ARM.Collect$$libshutdown$$00000006  c_w.l(libshutdown2.o)
    0x08000266   0x00000000   Code   RO         4613    .ARM.Collect$$libshutdown$$00000009  c_w.l(libshutdown2.o)
    0x08000266   0x00000000   Code   RO         4615    .ARM.Collect$$libshutdown$$0000000B  c_w.l(libshutdown2.o)
    0x08000266   0x00000000   Code   RO         4618    .ARM.Collect$$libshutdown$$0000000E  c_w.l(libshutdown2.o)
    0x08000266   0x00000002   Code   RO         4619    .ARM.Collect$$libshutdown$$0000000F  c_w.l(libshutdown2.o)
    0x08000268   0x00000000   Code   RO         4360    .ARM.Collect$$rtentry$$00000000  c_w.l(__rtentry.o)
    0x08000268   0x00000000   Code   RO         4442    .ARM.Collect$$rtentry$$00000002  c_w.l(__rtentry2.o)
    0x08000268   0x00000006   Code   RO         4454    .ARM.Collect$$rtentry$$00000004  c_w.l(__rtentry4.o)
    0x0800026e   0x00000000   Code   RO         4444    .ARM.Collect$$rtentry$$00000009  c_w.l(__rtentry2.o)
    0x0800026e   0x00000004   Code   RO         4445    .ARM.Collect$$rtentry$$0000000A  c_w.l(__rtentry2.o)
    0x08000272   0x00000000   Code   RO         4447    .ARM.Collect$$rtentry$$0000000C  c_w.l(__rtentry2.o)
    0x08000272   0x00000008   Code   RO         4448    .ARM.Collect$$rtentry$$0000000D  c_w.l(__rtentry2.o)
    0x0800027a   0x00000002   Code   RO         4570    .ARM.Collect$$rtexit$$00000000  c_w.l(rtexit.o)
    0x0800027c   0x00000000   Code   RO         4577    .ARM.Collect$$rtexit$$00000002  c_w.l(rtexit2.o)
    0x0800027c   0x00000004   Code   RO         4578    .ARM.Collect$$rtexit$$00000003  c_w.l(rtexit2.o)
    0x08000280   0x00000006   Code   RO         4579    .ARM.Collect$$rtexit$$00000004  c_w.l(rtexit2.o)
    0x08000286   0x00000002   PAD
    0x08000288   0x00000194   Code   RO            4    .text               startup.o
    0x0800041c   0x000002c0   Code   RO          165    .text               application.o
    0x080006dc   0x0000015c   Code   RO          830    .text               common.o
    0x08000838   0x00000224   Code   RO          871    .text               interface.o
    0x08000a5c   0x000000e0   Code   RO          901    .text               queue.o
    0x08000b3c   0x00000160   Code   RO          921    .text               fpga_upgrade.o
    0x08000c9c   0x0000044c   Code   RO          949    .text               mcu_api.o
    0x080010e8   0x000004a4   Code   RO          965    .text               spansion.o
    0x0800158c   0x000001cc   Code   RO          980    .text               spi_flash.o
    0x08001758   0x00000074   Code   RO          995    .text               upgrade.o
    0x080017cc   0x0000072c   Code   RO         1023    .text               ymodem.o
    0x08001ef8   0x00000088   Code   RO         1052    .text               antenna_sw.o
    0x08001f80   0x0000092c   Code   RO         1081    .text               uart_protocol.o
    0x080028ac   0x000001a4   Code   RO         1115    .text               board.o
    0x08002a50   0x000005e0   Code   RO         1143    .text               stm32f4_eth.o
    0x08003030   0x00000012   Code   RO         1214    .text               stm32f4_it.o
    0x08003042   0x00000002   PAD
    0x08003044   0x00000528   Code   RO         1232    .text               stm32f4_spi.o
    0x0800356c   0x000001d0   Code   RO         1260    .text               stm32f4_uart.o
    0x0800373c   0x0000008c   Code   RO         1292    .text               timer.o
    0x080037c8   0x0000079c   Code   RO         1347    .text               serial.o
    0x08003f64   0x0000053c   Code   RO         1369    .text               spi_bus.o
    0x080044a0   0x00000b90   Code   RO         1385    .text               cmd.o
    0x08005030   0x00000314   Code   RO         1616    .text               msh.o
    0x08005344   0x0000093c   Code   RO         1661    .text               shell.o
    0x08005c80   0x00000060   Code   RO         1692    .text               clock.o
    0x08005ce0   0x0000033c   Code   RO         1706    .text               device.o
    0x0800601c   0x00000120   Code   RO         1720    .text               idle.o
    0x0800613c   0x00001500   Code   RO         1739    .text               ipc.o
    0x0800763c   0x00000048   Code   RO         1755    .text               irq.o
    0x08007684   0x00000a4c   Code   RO         1770    .text               kservice.o
    0x080080d0   0x00000834   Code   RO         1790    .text               mem.o
    0x08008904   0x000003c8   Code   RO         1816    .text               mempool.o
    0x08008ccc   0x0000026c   Code   RO         1832    .text               object.o
    0x08008f38   0x00000210   Code   RO         1851    .text               scheduler.o
    0x08009148   0x000005a0   Code   RO         1878    .text               thread.o
    0x080096e8   0x0000043c   Code   RO         1895    .text               timer_1.o
    0x08009b24   0x00000040   Code   RO         1916    .text               startup_stm32f40xx.o
    0x08009b64   0x00000210   Code   RO         1923    .text               system_stm32f4xx.o
    0x08009d74   0x00000110   Code   RO         1950    .text               context_rvds.o
    0x08009e84   0x00000190   Code   RO         1954    .text               cpuport.o
    0x0800a014   0x0000004c   Code   RO         1997    .text               rand.o
    0x0800a060   0x000000e2   Code   RO         2011    .text               stdlib.o
    0x0800a142   0x00000002   PAD
    0x0800a144   0x000007ac   Code   RO         2023    .text               string.o
    0x0800a8f0   0x000000e0   Code   RO         2058    .text               misc.o
    0x0800a9d0   0x000003a8   Code   RO         2223    .text               stm32f4xx_dma.o
    0x0800ad78   0x00000294   Code   RO         2295    .text               stm32f4xx_gpio.o
    0x0800b00c   0x0000065c   Code   RO         2412    .text               stm32f4xx_rcc.o
    0x0800b668   0x00000480   Code   RO         2486    .text               stm32f4xx_spi.o
    0x0800bae8   0x00000094   Code   RO         2510    .text               stm32f4xx_syscfg.o
    0x0800bb7c   0x00000ca2   Code   RO         2534    .text               stm32f4xx_tim.o
    0x0800c81e   0x00000002   PAD
    0x0800c820   0x00000454   Code   RO         2558    .text               stm32f4xx_usart.o
    0x0800cc74   0x0000109c   Code   RO         2606    .text               stm32f4x7_eth.o
    0x0800dd10   0x00000c5c   Code   RO         2631    .text               api_lib.o
    0x0800e96c   0x00001834   Code   RO         2710    .text               api_msg.o
    0x080101a0   0x0000038c   Code   RO         2765    .text               netbuf.o
    0x0801052c   0x000000f8   Code   RO         2793    .text               netifapi.o
    0x08010624   0x00001dbc   Code   RO         2833    .text               sockets.o
    0x080123e0   0x000003c0   Code   RO         2878    .text               tcpip.o
    0x080127a0   0x00000750   Code   RO         2934    .text               sys_arch.o
    0x08012ef0   0x0000003e   Code   RO         2978    .text               def.o
    0x08012f2e   0x00000020   Code   RO         3002    .text               init.o
    0x08012f4e   0x00000002   PAD
    0x08012f50   0x00000300   Code   RO         3099    .text               netif.o
    0x08013250   0x00000fb4   Code   RO         3138    .text               pbuf.o
    0x08014204   0x00000208   Code   RO         3165    .text               raw.o
    0x0801440c   0x0000147c   Code   RO         3197    .text               tcp.o
    0x08015888   0x00001cd0   Code   RO         3224    .text               tcp_in.o
    0x08017558   0x0000122a   Code   RO         3250    .text               tcp_out.o
    0x08018782   0x00000002   PAD
    0x08018784   0x0000029c   Code   RO         3263    .text               timers.o
    0x08018a20   0x000005ac   Code   RO         3289    .text               udp.o
    0x08018fcc   0x000003cc   Code   RO         3313    .text               icmp.o
    0x08019398   0x000006ac   Code   RO         3325    .text               igmp.o
    0x08019a44   0x00000274   Code   RO         3352    .text               inet_chksum.o
    0x08019cb8   0x00000496   Code   RO         3364    .text               ip.o
    0x0801a14e   0x00000002   PAD
    0x0801a150   0x000002f8   Code   RO         3388    .text               ip_addr.o
    0x0801a448   0x00000e76   Code   RO         3417    .text               etharp.o
    0x0801b2be   0x00000002   PAD
    0x0801b2c0   0x00000788   Code   RO         3441    .text               ethernetif.o
    0x0801ba48   0x0000162c   Code   RO         3482    .text               udp_connect.o
    0x0801d074   0x000011b4   Code   RO         4117    .text               httpd.o
    0x0801e228   0x00000108   Code   RO         4193    .text               fs.o
    0x0801e330   0x00000eac   Code   RO         4221    .text               httpd_cgi_ssi.o
    0x0801f1dc   0x00000002   Code   RO         4267    .text               c_w.l(use_no_semi_2.o)
    0x0801f1de   0x00000002   PAD
    0x0801f1e0   0x00000018   Code   RO         4273    .text               c_w.l(noretval__2printf.o)
    0x0801f1f8   0x00000028   Code   RO         4275    .text               c_w.l(noretval__2sprintf.o)
    0x0801f220   0x00000068   Code   RO         4277    .text               c_w.l(__printf.o)
    0x0801f288   0x00000078   Code   RO         4279    .text               c_w.l(_printf_dec.o)
    0x0801f300   0x00000024   Code   RO         4304    .text               c_w.l(strstr.o)
    0x0801f324   0x00000058   Code   RO         4306    .text               c_w.l(memcmp.o)
    0x0801f37c   0x0000003e   Code   RO         4308    .text               c_w.l(strlen.o)
    0x0801f3ba   0x0000008a   Code   RO         4310    .text               c_w.l(rt_memcpy_v6.o)
    0x0801f444   0x00000064   Code   RO         4312    .text               c_w.l(rt_memcpy_w.o)
    0x0801f4a8   0x00000044   Code   RO         4314    .text               c_w.l(rt_memclr.o)
    0x0801f4ec   0x0000004e   Code   RO         4316    .text               c_w.l(rt_memclr_w.o)
    0x0801f53a   0x00000006   Code   RO         4318    .text               c_w.l(heapauxi.o)
    0x0801f540   0x00000002   Code   RO         4358    .text               c_w.l(use_no_semi.o)
    0x0801f542   0x00000016   Code   RO         4361    .text               c_w.l(_rserrno.o)
    0x0801f558   0x000000b2   Code   RO         4363    .text               c_w.l(_printf_intcommon.o)
    0x0801f60a   0x0000041a   Code   RO         4365    .text               c_w.l(_printf_fp_dec.o)
    0x0801fa24   0x00000030   Code   RO         4367    .text               c_w.l(_printf_char_common.o)
    0x0801fa54   0x0000000a   Code   RO         4369    .text               c_w.l(_sputc.o)
    0x0801fa5e   0x00000002   PAD
    0x0801fa60   0x00000024   Code   RO         4371    .text               c_w.l(_printf_char_file.o)
    0x0801fa84   0x00000008   Code   RO         4459    .text               c_w.l(rt_locale_intlibspace.o)
    0x0801fa8c   0x00000008   Code   RO         4464    .text               c_w.l(rt_errno_addr_intlibspace.o)
    0x0801fa94   0x0000008a   Code   RO         4466    .text               c_w.l(lludiv10.o)
    0x0801fb1e   0x00000002   PAD
    0x0801fb20   0x00000080   Code   RO         4468    .text               c_w.l(_printf_fp_infnan.o)
    0x0801fba0   0x000000dc   Code   RO         4472    .text               c_w.l(bigflt0.o)
    0x0801fc7c   0x00000008   Code   RO         4497    .text               c_w.l(ferror.o)
    0x0801fc84   0x00000008   Code   RO         4510    .text               c_w.l(libspace.o)
    0x0801fc8c   0x0000004a   Code   RO         4513    .text               c_w.l(sys_stackheap_outer.o)
    0x0801fcd6   0x0000000c   Code   RO         4515    .text               c_w.l(exit.o)
    0x0801fce2   0x0000003e   Code   RO         4475    CL$$btod_d2e        c_w.l(btod.o)
    0x0801fd20   0x00000046   Code   RO         4477    CL$$btod_d2e_denorm_low  c_w.l(btod.o)
    0x0801fd66   0x00000060   Code   RO         4476    CL$$btod_d2e_norm_op1  c_w.l(btod.o)
    0x0801fdc6   0x00000338   Code   RO         4485    CL$$btod_div_common  c_w.l(btod.o)
    0x080200fe   0x000000c6   Code   RO         4482    CL$$btod_e2e        c_w.l(btod.o)
    0x080201c4   0x00000028   Code   RO         4479    CL$$btod_ediv       c_w.l(btod.o)
    0x080201ec   0x00000028   Code   RO         4478    CL$$btod_emul       c_w.l(btod.o)
    0x08020214   0x00000244   Code   RO         4484    CL$$btod_mult_common  c_w.l(btod.o)
    0x08020458   0x00000030   Code   RO         4409    i.__ARM_fpclassify  m_wm.l(fpclassify.o)
    0x08020488   0x00000026   Code   RO         4411    i.__ARM_fpclassifyf  m_wm.l(fpclassifyf.o)
    0x080204ae   0x00000002   PAD
    0x080204b0   0x00000360   Code   RO         4332    i.__hardfp_asin     m_wm.l(asin.o)
    0x08020810   0x00000250   Code   RO         4346    i.__hardfp_atan2f   m_wm.l(atan2f.o)
    0x08020a60   0x000000f8   Code   RO         4427    i.__kernel_poly     m_wm.l(poly.o)
    0x08020b58   0x00000014   Code   RO         4390    i.__mathlib_dbl_infnan  m_wm.l(dunder.o)
    0x08020b6c   0x00000004   PAD
    0x08020b70   0x00000020   Code   RO         4392    i.__mathlib_dbl_invalid  m_wm.l(dunder.o)
    0x08020b90   0x00000020   Code   RO         4395    i.__mathlib_dbl_underflow  m_wm.l(dunder.o)
    0x08020bb0   0x00000006   Code   RO         4415    i.__mathlib_flt_infnan2  m_wm.l(funder.o)
    0x08020bb6   0x00000002   PAD
    0x08020bb8   0x00000010   Code   RO         4419    i.__mathlib_flt_underflow  m_wm.l(funder.o)
    0x08020bc8   0x00000018   Code   RO         4405    i.fabs              m_wm.l(fabs.o)
    0x08020be0   0x0000006e   Code   RO         4431    i.sqrt              m_wm.l(sqrt.o)
    0x08020c4e   0x00000002   PAD
    0x08020c50   0x0000002c   Code   RO         4502    locale$$code        c_w.l(lc_numeric_c.o)
    0x08020c7c   0x00000018   Code   RO         4374    x$fpl$basic         fz_wm.l(basic.o)
    0x08020c94   0x00000150   Code   RO         4376    x$fpl$dadd          fz_wm.l(daddsub_clz.o)
    0x08020de4   0x000002b0   Code   RO         4323    x$fpl$ddiv          fz_wm.l(ddiv.o)
    0x08021094   0x00000154   Code   RO         4326    x$fpl$dmul          fz_wm.l(dmul.o)
    0x080211e8   0x0000009c   Code   RO         4382    x$fpl$dnaninf       fz_wm.l(dnaninf.o)
    0x08021284   0x0000000c   Code   RO         4384    x$fpl$dretinf       fz_wm.l(dretinf.o)
    0x08021290   0x00000016   Code   RO         4377    x$fpl$drsb          fz_wm.l(daddsub_clz.o)
    0x080212a6   0x00000002   PAD
    0x080212a8   0x00000198   Code   RO         4506    x$fpl$dsqrt         fz_wm.l(dsqrt_umaal.o)
    0x08021440   0x000001d4   Code   RO         4378    x$fpl$dsub          fz_wm.l(daddsub_clz.o)
    0x08021614   0x00000056   Code   RO         4328    x$fpl$f2d           fz_wm.l(f2d.o)
    0x0802166a   0x0000008c   Code   RO         4386    x$fpl$fnaninf       fz_wm.l(fnaninf.o)
    0x080216f6   0x0000000a   Code   RO         4574    x$fpl$fpinit        fz_wm.l(fpinit.o)
    0x08021700   0x00000004   Code   RO         4330    x$fpl$printf1       fz_wm.l(printf1.o)
    0x08021704   0x00000000   Code   RO         4388    x$fpl$usenofp       fz_wm.l(usenofp.o)
    0x08021704   0x00000030   Data   RO          966    .constdata          spansion.o
    0x08021734   0x00000036   Data   RO         1234    .constdata          stm32f4_spi.o
    0x0802176a   0x000000b8   Data   RO         1348    .constdata          serial.o
    0x08021822   0x000000ac   Data   RO         1370    .constdata          spi_bus.o
    0x080218ce   0x00000002   PAD
    0x080218d0   0x00000050   Data   RO         1386    .constdata          cmd.o
    0x08021920   0x0000000e   Data   RO         1617    .constdata          msh.o
    0x0802192e   0x00000060   Data   RO         1663    .constdata          shell.o
    0x0802198e   0x000000a8   Data   RO         1707    .constdata          device.o
    0x08021a36   0x00000016   Data   RO         1722    .constdata          idle.o
    0x08021a4c   0x000001d7   Data   RO         1740    .constdata          ipc.o
    0x08021c23   0x00000122   Data   RO         1772    .constdata          kservice.o
    0x08021d45   0x00000046   Data   RO         1792    .constdata          mem.o
    0x08021d8b   0x0000003e   Data   RO         1817    .constdata          mempool.o
    0x08021dc9   0x0000005e   Data   RO         1833    .constdata          object.o
    0x08021e27   0x00000034   Data   RO         1853    .constdata          scheduler.o
    0x08021e5b   0x000000aa   Data   RO         1879    .constdata          thread.o
    0x08021f05   0x0000005c   Data   RO         1896    .constdata          timer_1.o
    0x08021f61   0x00000013   Data   RO         1955    .constdata          cpuport.o
    0x08021f74   0x00000040   Data   RO         2835    .constdata          sockets.o
    0x08021fb4   0x000000b3   Data   RO         2935    .constdata          sys_arch.o
    0x08022067   0x00000001   PAD
    0x08022068   0x0000001c   Data   RO         3066    .constdata          memp.o
    0x08022084   0x00000050   Data   RO         3198    .constdata          tcp.o
    0x080220d4   0x00000008   Data   RO         3390    .constdata          ip_addr.o
    0x080220dc   0x0000000c   Data   RO         3419    .constdata          etharp.o
    0x080220e8   0x00000041   Data   RO         3443    .constdata          ethernetif.o
    0x08022129   0x00000003   PAD
    0x0802212c   0x000008b0   Data   RO         3484    .constdata          udp_connect.o
    0x080229dc   0x00000030   Data   RO         4119    .constdata          httpd.o
    0x08022a0c   0x00003c8c   Data   RO         4195    .constdata          fs.o
    0x08026698   0x000000c8   Data   RO         4222    .constdata          httpd_cgi_ssi.o
    0x08026760   0x00000050   Data   RO         4335    .constdata          m_wm.l(asin.o)
    0x080267b0   0x00000094   Data   RO         4473    .constdata          c_w.l(bigflt0.o)
    0x08026844   0x00000089   Data   RO            5    .conststring        startup.o
    0x080268cd   0x00000003   PAD
    0x080268d0   0x0000002b   Data   RO          967    .conststring        spansion.o
    0x080268fb   0x00000001   PAD
    0x080268fc   0x000001ad   Data   RO         1387    .conststring        cmd.o
    0x08026aa9   0x00000003   PAD
    0x08026aac   0x000000ed   Data   RO         1793    .conststring        mem.o
    0x08026b99   0x00000003   PAD
    0x08026b9c   0x00000075   Data   RO         3199    .conststring        tcp.o
    0x08026c11   0x00000003   PAD
    0x08026c14   0x00000055   Data   RO         3251    .conststring        tcp_out.o
    0x08026c69   0x00000003   PAD
    0x08026c6c   0x00000044   Data   RO         3420    .conststring        etharp.o
    0x08026cb0   0x00000072   Data   RO         4120    .conststring        httpd.o
    0x08026d22   0x00000002   PAD
    0x08026d24   0x0000009e   Data   RO         4223    .conststring        httpd_cgi_ssi.o
    0x08026dc2   0x000003f5   Data   RO         1388    .rodata.name        cmd.o
    0x080271b7   0x00000021   Data   RO         1618    .rodata.name        msh.o
    0x080271d8   0x00000027   Data   RO         1795    .rodata.name        mem.o
    0x080271ff   0x00000001   PAD
    0x08027200   0x00000144   Data   RO         1389    FSymTab             cmd.o
    0x08027344   0x0000000c   Data   RO         1619    FSymTab             msh.o
    0x08027350   0x0000000c   Data   RO         1796    FSymTab             mem.o
    0x0802735c   0x00000020   Data   RO         4644    Region$$Table       anon$$obj.o
    0x0802737c   0x0000001c   Data   RO         4501    locale$$data        c_w.l(lc_numeric_c.o)


    Execution Region RW_IRAM1 (Base: 0x20000000, Size: 0x0000e2d0, Max: 0x00020000, ABSOLUTE, COMPRESSED[0x00000124])

    Base Addr    Size         Type   Attr      Idx    E Section Name        Object

    0x20000000   0x00000018   Data   RW          873    .data               interface.o
    0x20000018   0x00000018   Data   RW          923    .data               fpga_upgrade.o
    0x20000030   0x00000010   Data   RW         1083    .data               uart_protocol.o
    0x20000040   0x00000009   Data   RW         1235    .data               stm32f4_spi.o
    0x20000049   0x00000003   PAD
    0x2000004c   0x0000001c   Data   RW         1262    .data               stm32f4_uart.o
    0x20000068   0x00000001   Data   RW         1293    .data               timer.o
    0x20000069   0x00000003   PAD
    0x2000006c   0x00000004   Data   RW         1664    .data               shell.o
    0x20000070   0x00000010   Data   RW         1679    .data               symbol.o
    0x20000080   0x00000004   Data   RW         1693    .data               clock.o
    0x20000084   0x00000001   Data   RW         1756    .data               irq.o
    0x20000085   0x00000003   PAD
    0x20000088   0x0000000c   Data   RW         1773    .data               kservice.o
    0x20000094   0x00000018   Data   RW         1794    .data               mem.o
    0x200000ac   0x00000090   Data   RW         1834    .data               object.o
    0x2000013c   0x00000018   Data   RW         1854    .data               scheduler.o
    0x20000154   0x0000000c   Data   RW         1897    .data               timer_1.o
    0x20000160   0x00000014   Data   RW         1924    .data               system_stm32f4xx.o
    0x20000174   0x00000010   Data   RW         1956    .data               cpuport.o
    0x20000184   0x00000004   Data   RW         1998    .data               rand.o
    0x20000188   0x00000104   Data   RW         2024    .data               string.o
    0x2000028c   0x00000010   Data   RW         2413    .data               stm32f4xx_rcc.o
    0x2000029c   0x00000010   Data   RW         2608    .data               stm32f4x7_eth.o
    0x200002ac   0x00000008   Data   RW         2836    .data               sockets.o
    0x200002b4   0x0000000c   Data   RW         2879    .data               tcpip.o
    0x200002c0   0x0000000a   Data   RW         2936    .data               sys_arch.o
    0x200002ca   0x00000002   PAD
    0x200002cc   0x00000009   Data   RW         3100    .data               netif.o
    0x200002d5   0x00000001   Data   RW         3139    .data               pbuf.o
    0x200002d6   0x00000002   PAD
    0x200002d8   0x00000004   Data   RW         3166    .data               raw.o
    0x200002dc   0x00000024   Data   RW         3200    .data               tcp.o
    0x20000300   0x00000020   Data   RW         3226    .data               tcp_in.o
    0x20000320   0x00000008   Data   RW         3264    .data               timers.o
    0x20000328   0x00000008   Data   RW         3290    .data               udp.o
    0x20000330   0x0000000c   Data   RW         3326    .data               igmp.o
    0x2000033c   0x00000012   Data   RW         3365    .data               ip.o
    0x2000034e   0x00000001   Data   RW         3421    .data               etharp.o
    0x2000034f   0x00000015   Data   RW         3485    .data               udp_connect.o
    0x20000364   0x00000024   Data   RW         4121    .data               httpd.o
    0x20000388   0x00000048   Data   RW         4224    .data               httpd_cgi_ssi.o
    0x200003d0   0x00000e70   Zero   RW          166    .bss                application.o
    0x20001240   0x00000064   Zero   RW          872    .bss                interface.o
    0x200012a4   0x00000411   Zero   RW          902    .bss                queue.o
    0x200016b5   0x00000003   PAD
    0x200016b8   0x00000064   Zero   RW          922    .bss                fpga_upgrade.o
    0x2000171c   0x00000410   Zero   RW          996    .bss                upgrade.o
    0x20001b2c   0x00000515   Zero   RW         1024    .bss                ymodem.o
    0x20002041   0x00000003   PAD
    0x20002044   0x00000090   Zero   RW         1053    .bss                antenna_sw.o
    0x200020d4   0x00000148   Zero   RW         1082    .bss                uart_protocol.o
    0x2000221c   0x000000e0   Zero   RW         1144    .bss                stm32f4_eth.o
    0x200022fc   0x000000e4   Zero   RW         1233    .bss                stm32f4_spi.o
    0x200023e0   0x000004c0   Zero   RW         1261    .bss                stm32f4_uart.o
    0x200028a0   0x00000931   Zero   RW         1662    .bss                shell.o
    0x200031d1   0x00000007   PAD
    0x200031d8   0x000001b0   Zero   RW         1721    .bss                idle.o
    0x20003388   0x00000080   Zero   RW         1771    .bss                kservice.o
    0x20003408   0x00000038   Zero   RW         1791    .bss                mem.o
    0x20003440   0x00000100   Zero   RW         1852    .bss                scheduler.o
    0x20003540   0x0000799c   Zero   RW         2607    .bss                stm32f4x7_eth.o
    0x2000aedc   0x00000060   Zero   RW         2834    .bss                sockets.o
    0x2000af3c   0x00000010   Zero   RW         3225    .bss                tcp_in.o
    0x2000af4c   0x00000010   Zero   RW         3389    .bss                ip_addr.o
    0x2000af5c   0x000000c8   Zero   RW         3418    .bss                etharp.o
    0x2000b024   0x00001354   Zero   RW         3442    .bss                ethernetif.o
    0x2000c378   0x00001408   Zero   RW         3483    .bss                udp_connect.o
    0x2000d780   0x00000400   Zero   RW         4118    .bss                httpd.o
    0x2000db80   0x000000f0   Zero   RW         4194    .bss                fs.o
    0x2000dc70   0x00000060   Zero   RW         4511    .bss                c_w.l(libspace.o)
    0x2000dcd0   0x00000200   Zero   RW         1914    HEAP                startup_stm32f40xx.o
    0x2000ded0   0x00000400   Zero   RW         1913    STACK               startup_stm32f40xx.o


==============================================================================

Image component sizes


      Code (inc. data)   RO Data    RW Data    ZI Data      Debug   Object Name

       136         10          0          0        144        973   antenna_sw.o
      3164        812          0          0          0      27285   api_lib.o
      6196       1194          0          0          0      20446   api_msg.o
       704        356          0          0       3696      51171   application.o
       420         20          0          0          0      27893   board.o
        96          4          0          4          0       1620   clock.o
      2960       1292       1846          0          0      18202   cmd.o
       348          4          0          0          0       1597   common.o
       272         24          0          0          0        788   context_rvds.o
       400        188         19         16          0       3663   cpuport.o
        62          0          0          0          0       1222   def.o
       828        132        168          0          0       4721   device.o
      3702        580         80          1        200      10187   etharp.o
      1928        568         65          0       4948       6793   ethernetif.o
       352         78          0         24        100       3216   fpga_upgrade.o
       264          8      15500          0        240       4498   fs.o
      4532        708        162         36       1024      22694   httpd.o
      3756        274        358         72          0       9313   httpd_cgi_ssi.o
       972        322          0          0          0       2355   icmp.o
       288         68         22          0        432       2680   idle.o
      1708        358          0         12          0       6722   igmp.o
       628         54          0          0          0       2953   inet_chksum.o
        32          0          0          0          0      14972   init.o
       548         80          0         24        100       5739   interface.o
      1174        120          0         18          0       7004   ip.o
       760         58          8          0         16       9591   ip_addr.o
      5376        356        471          0          0      18907   ipc.o
        72          6          0          1          0       1462   irq.o
      2636        230        290         12        128      11680   kservice.o
      1100        312          0          0          0       4348   mcu_api.o
      2100        548        358         24         56       4997   mem.o
         0          0         28          0          0       1105   memp.o
       968        102         62          0          0       4447   mempool.o
       224         20          0          0          0       1997   misc.o
       788        100         59          0          0       4904   msh.o
       908        292          0          0          0       7761   netbuf.o
       768         72          0          9          0      15454   netif.o
       248          0          0          0          0       6736   netifapi.o
       620        130         94        144          0       4565   object.o
      4020       1128          0          1          0       9895   pbuf.o
       224         40          0          0       1041       2573   queue.o
        76          6          0          4          0       1124   rand.o
       520         84          0          4          0       3345   raw.o
       528         58         52         24        256       4188   scheduler.o
      1948        364        184          0          0       5213   serial.o
      2364        250         96          4       2353       5033   shell.o
      7612        646         64          8         96      35493   sockets.o
      1188        422         91          0          0       4626   spansion.o
      1340        112        172          0          0       5395   spi_bus.o
       460         90          0          0          0       3124   spi_flash.o
       404        262        137          0          0     329527   startup.o
        64         26        392          0       1536        840   startup_stm32f40xx.o
       226          0          0          0          0       1839   stdlib.o
      1504        234          0          0        224       8618   stm32f4_eth.o
        18          0          0          0          0        945   stm32f4_it.o
      1320        182         54          9        228       4309   stm32f4_spi.o
       464         48          0         28       1216       4733   stm32f4_uart.o
      4252         94          0         16      31132      21177   stm32f4x7_eth.o
       936         32          0          0          0       6473   stm32f4xx_dma.o
       660         44          0          0          0       4273   stm32f4xx_gpio.o
      1628         52          0         16          0      13164   stm32f4xx_rcc.o
      1152         36          0          0          0       7021   stm32f4xx_spi.o
       148         12          0          0          0       1917   stm32f4xx_syscfg.o
      3234         60          0          0          0      22476   stm32f4xx_tim.o
      1108         34          0          0          0       7972   stm32f4xx_usart.o
      1964         12          0        260          0      10208   string.o
         0          0          0         16          0       4337   symbol.o
      1872        354        179         10          0      15989   sys_arch.o
       528         46          0         20          0       1887   system_stm32f4xx.o
      5244       1082        197         36          0      21916   tcp.o
      7376       1016          0         32         16      16011   tcp_in.o
      4650        816         85          0          0       9703   tcp_out.o
       960        140          0         12          0      18094   tcpip.o
      1440        206        170          0          0       7397   thread.o
       140         10          0          1          0       1051   timer.o
      1084         90         92         12          0       6241   timer_1.o
       668        128          0          8          0       3215   timers.o
      2348        320          0         16        328       5429   uart_protocol.o
      1452        152          0          8          0       7074   udp.o
      5676        932       2224         21       5128      35568   udp_connect.o
       116         60          0          0       1040       1323   upgrade.o
      1836        112          0          0       1301       6831   ymodem.o

    ----------------------------------------------------------------------
    126804      19272      23836        976      56992    1044228   Object Totals
         0          0         32          0          0          0   (incl. Generated)
        14          0         25         13         13          0   (incl. Padding)

    ----------------------------------------------------------------------

      Code (inc. data)   RO Data    RW Data    ZI Data      Debug   Library Member Name

        90          0          0          0          0          0   __dczerorl2.o
         8          0          0          0          0         68   __main.o
       104          0          0          0          0         84   __printf.o
         0          0          0          0          0          0   __rtentry.o
        12          0          0          0          0          0   __rtentry2.o
         6          0          0          0          0          0   __rtentry4.o
        52          8          0          0          0          0   __scatter.o
        28          0          0          0          0          0   __scatter_zi.o
        48          6          0          0          0         96   _printf_char_common.o
        36          4          0          0          0         80   _printf_char_file.o
         6          0          0          0          0          0   _printf_d.o
       120         16          0          0          0         92   _printf_dec.o
         6          0          0          0          0          0   _printf_f.o
      1050          0          0          0          0        216   _printf_fp_dec.o
       128         16          0          0          0         84   _printf_fp_infnan.o
       178          0          0          0          0         88   _printf_intcommon.o
         0          0          0          0          0          0   _printf_percent.o
         4          0          0          0          0          0   _printf_percent_end.o
        22          0          0          0          0        100   _rserrno.o
        10          0          0          0          0         68   _sputc.o
       220          4        148          0          0         96   bigflt0.o
      1910        128          0          0          0        672   btod.o
        12          0          0          0          0         72   exit.o
         8          0          0          0          0         68   ferror.o
         6          0          0          0          0        152   heapauxi.o
        44         10         28          0          0         76   lc_numeric_c.o
         2          0          0          0          0          0   libinit.o
        22          0          0          0          0          0   libinit2.o
         2          0          0          0          0          0   libshutdown.o
         2          0          0          0          0          0   libshutdown2.o
         8          4          0          0         96         68   libspace.o
       138          0          0          0          0         80   lludiv10.o
        88          0          0          0          0         76   memcmp.o
        24          4          0          0          0         84   noretval__2printf.o
        40          6          0          0          0         84   noretval__2sprintf.o
         8          4          0          0          0         68   rt_errno_addr_intlibspace.o
         8          4          0          0          0         68   rt_locale_intlibspace.o
        68          0          0          0          0         68   rt_memclr.o
        78          0          0          0          0         80   rt_memclr_w.o
       138          0          0          0          0         68   rt_memcpy_v6.o
       100          0          0          0          0         80   rt_memcpy_w.o
         2          0          0          0          0          0   rtexit.o
        10          0          0          0          0          0   rtexit2.o
        62          0          0          0          0         76   strlen.o
        36          0          0          0          0         80   strstr.o
        74          0          0          0          0         80   sys_stackheap_outer.o
         2          0          0          0          0         68   use_no_semi.o
         2          0          0          0          0         68   use_no_semi_2.o
        24          0          0          0          0        164   basic.o
       826         16          0          0          0        492   daddsub_clz.o
       688        140          0          0          0        256   ddiv.o
       340         12          0          0          0        152   dmul.o
       156          4          0          0          0        140   dnaninf.o
        12          0          0          0          0        116   dretinf.o
       408         56          0          0          0        168   dsqrt_umaal.o
        86          4          0          0          0        132   f2d.o
       140          4          0          0          0        132   fnaninf.o
        10          0          0          0          0        116   fpinit.o
         4          0          0          0          0        116   printf1.o
         0          0          0          0          0          0   usenofp.o
       864         94         80          0          0        280   asin.o
       592         90          0          0          0        184   atan2f.o
        84         16          0          0          0        372   dunder.o
        24          0          0          0          0        124   fabs.o
        48          0          0          0          0        124   fpclassify.o
        38          0          0          0          0        116   fpclassifyf.o
        22          6          0          0          0        232   funder.o
       248          0          0          0          0        152   poly.o
       110          0          0          0          0        148   sqrt.o

    ----------------------------------------------------------------------
      9768        656        256          0         96       7024   Library Totals
        22          0          0          0          0          0   (incl. Padding)

    ----------------------------------------------------------------------

      Code (inc. data)   RO Data    RW Data    ZI Data      Debug   Library Name

      5022        214        176          0         96       3308   c_w.l
      2694        236          0          0          0       1984   fz_wm.l
      2030        206         80          0          0       1732   m_wm.l

    ----------------------------------------------------------------------
      9768        656        256          0         96       7024   Library Totals

    ----------------------------------------------------------------------

==============================================================================


      Code (inc. data)   RO Data    RW Data    ZI Data      Debug   

    136572      19928      24092        976      57088    1031380   Grand Totals
    136572      19928      24092        292      57088    1031380   ELF Image Totals (compressed)
    136572      19928      24092        292          0          0   ROM Totals

==============================================================================

    Total RO  Size (Code + RO Data)               160664 ( 156.90kB)
    Total RW  Size (RW Data + ZI Data)             58064 (  56.70kB)
    Total ROM Size (Code + RO Data + RW Data)     160956 ( 157.18kB)

==============================================================================

